Archive member included to satisfy reference by file (symbol)

/Applications/VEXcode Pro V5.app/Contents/Resources/sdk/vexv5/libv5rt.a(v5_startup.c.obj)
                              (vexStartup)
/Applications/VEXcode Pro V5.app/Contents/Resources/sdk/vexv5/libv5rt.a(v5_util.c.obj)
                              /Applications/VEXcode Pro V5.app/Contents/Resources/sdk/vexv5/libv5rt.a(v5_startup.c.obj) (vexStdlibVersionLinked)
/Applications/VEXcode Pro V5.app/Contents/Resources/sdk/vexv5/libv5rt.a(v5_apijump.c.obj)
                              /Applications/VEXcode Pro V5.app/Contents/Resources/sdk/vexv5/libv5rt.a(v5_startup.c.obj) (vexPrivateApiEnable)
/Applications/VEXcode Pro V5.app/Contents/Resources/sdk/vexv5/libv5rt.a(v5_apiversions.c.obj)
                              /Applications/VEXcode Pro V5.app/Contents/Resources/sdk/vexv5/libv5rt.a(v5_apijump.c.obj) (vexSystemVersion)
/Applications/VEXcode Pro V5.app/Contents/Resources/sdk/vexv5/libv5rt.a(vex_global.cpp.obj)
                              build/src/Autons.o (vex::wait(double, vex::timeUnits))
/Applications/VEXcode Pro V5.app/Contents/Resources/sdk/vexv5/libv5rt.a(vex_motor.cpp.obj)
                              build/src/DriveFunctions.o (vex::motor::~motor())
/Applications/VEXcode Pro V5.app/Contents/Resources/sdk/vexv5/libv5rt.a(vex_vision.cpp.obj)
                              build/src/Functions.o (vex::vision::~vision())
/Applications/VEXcode Pro V5.app/Contents/Resources/sdk/vexv5/libv5rt.a(vex_imu.cpp.obj)
                              build/src/DriveFunctions.o (vex::inertial::~inertial())
/Applications/VEXcode Pro V5.app/Contents/Resources/sdk/vexv5/libv5rt.a(vex_controller.cpp.obj)
                              build/src/robot-config.o (vex::controller::~controller())
/Applications/VEXcode Pro V5.app/Contents/Resources/sdk/vexv5/libv5rt.a(vex_thread.cpp.obj)
                              /Applications/VEXcode Pro V5.app/Contents/Resources/sdk/vexv5/libv5rt.a(vex_global.cpp.obj) (vex::this_thread::sleep_for(unsigned long))
/Applications/VEXcode Pro V5.app/Contents/Resources/sdk/vexv5/libv5rt.a(vex_event.cpp.obj)
                              /Applications/VEXcode Pro V5.app/Contents/Resources/sdk/vexv5/libv5rt.a(vex_imu.cpp.obj) (vex::event::init(unsigned long, unsigned long, void (*)()))
/Applications/VEXcode Pro V5.app/Contents/Resources/sdk/vexv5/libv5rt.a(vex_mevent.cpp.obj)
                              /Applications/VEXcode Pro V5.app/Contents/Resources/sdk/vexv5/libv5rt.a(vex_controller.cpp.obj) (vex::mevent::mevent(unsigned long, unsigned long))
/Applications/VEXcode Pro V5.app/Contents/Resources/sdk/vexv5/libv5rt.a(vex_brain.cpp.obj)
                              build/src/DriveFunctions.o (vex::brain::timer(vex::timeUnits))
/Applications/VEXcode Pro V5.app/Contents/Resources/sdk/vexv5/libv5rt.a(vex_competition.cpp.obj)
                              build/src/main.o (vex::competition::competition())
/Applications/VEXcode Pro V5.app/Contents/Resources/sdk/vexv5/libv5rt.a(vex_triport.cpp.obj)
                              /Applications/VEXcode Pro V5.app/Contents/Resources/sdk/vexv5/libv5rt.a(vex_brain.cpp.obj) (vex::triport::~triport())
/Applications/VEXcode Pro V5.app/Contents/Resources/sdk/vexv5/libv5rt.a(vex_color.cpp.obj)
                              /Applications/VEXcode Pro V5.app/Contents/Resources/sdk/vexv5/libv5rt.a(vex_brain.cpp.obj) (vex::color::operator unsigned long() const)
/Applications/VEXcode Pro V5.app/Contents/Resources/sdk/vexv5/libv5rt.a(vex_timer.cpp.obj)
                              /Applications/VEXcode Pro V5.app/Contents/Resources/sdk/vexv5/libv5rt.a(vex_brain.cpp.obj) (vex::timer::~timer())
/Applications/VEXcode Pro V5.app/Contents/Resources/sdk/vexv5/libv5rt.a(v5_apiuser.c.obj)
                              /Applications/VEXcode Pro V5.app/Contents/Resources/sdk/vexv5/libv5rt.a(vex_triport.cpp.obj) (vexAdiPortConfigSet)
/Applications/VEXcode Pro V5.app/Contents/Resources/sdk/vexv5/libv5rt.a(vex_device.cpp.obj)
                              /Applications/VEXcode Pro V5.app/Contents/Resources/sdk/vexv5/libv5rt.a(vex_motor.cpp.obj) (vex::device::~device())
/Applications/VEXcode Pro V5.app/Contents/Resources/sdk/vexv5/libv5rt.a(vex_task.cpp.obj)
                              /Applications/VEXcode Pro V5.app/Contents/Resources/sdk/vexv5/libv5rt.a(vex_competition.cpp.obj) (vex::task::task(int (*)()))
/Applications/VEXcode Pro V5.app/Contents/Resources/sdk/vexv5/gcc/libs/libc.a(lib_a-aeabi_memclr.o)
                              build/src/DriveFunctions.o (__aeabi_memclr8)
/Applications/VEXcode Pro V5.app/Contents/Resources/sdk/vexv5/gcc/libs/libc.a(lib_a-aeabi_memcpy.o)
                              build/src/AutonSupport.o (__aeabi_memcpy)
/Applications/VEXcode Pro V5.app/Contents/Resources/sdk/vexv5/gcc/libs/libc.a(lib_a-aeabi_memset-soft.o)
                              /Applications/VEXcode Pro V5.app/Contents/Resources/sdk/vexv5/gcc/libs/libc.a(lib_a-aeabi_memclr.o) (__aeabi_memset)
[...]
Memory Configuration

Name             Origin             Length             Attributes
ps7_ddr_0_S_AXI_BASEADDR 0x0000000003800000 0x0000000004800000
*default*        0x0000000000000000 0xffffffffffffffff

Linker script and memory map

                0x0000000000002000                _STACK_SIZE = DEFINED (_STACK_SIZE)?_STACK_SIZE:0x2000
                0x0000000000100000                _HEAP_SIZE = DEFINED (_HEAP_SIZE)?_HEAP_SIZE:0x100000
                0x0000000000000400                _ABORT_STACK_SIZE = DEFINED (_ABORT_STACK_SIZE)?_ABORT_STACK_SIZE:0x400
                0x0000000000000800                _SUPERVISOR_STACK_SIZE = DEFINED (_SUPERVISOR_STACK_SIZE)?_SUPERVISOR_STACK_SIZE:0x800
                0x0000000000000400                _IRQ_STACK_SIZE = DEFINED (_IRQ_STACK_SIZE)?_IRQ_STACK_SIZE:0x400
                0x0000000000000400                _FIQ_STACK_SIZE = DEFINED (_FIQ_STACK_SIZE)?_FIQ_STACK_SIZE:0x400
                0x0000000000000400                _UNDEF_STACK_SIZE = DEFINED (_UNDEF_STACK_SIZE)?_UNDEF_STACK_SIZE:0x400

.text           0x0000000003800000     0x6da0
 *(.vectors)
 *(.boot_data)
 .boot_data     0x0000000003800000       0x20 /Applications/VEXcode Pro V5.app/Contents/Resources/sdk/vexv5/libv5rt.a(v5_startup.c.obj)
                0x0000000003800000                vexCodeSig
                0x0000000000000020                . = 0x20
 *(.boot)
 .boot          0x0000000003800020       0xbc /Applications/VEXcode Pro V5.app/Contents/Resources/sdk/vexv5/libv5rt.a(v5_startup.c.obj)
                0x0000000003800020                vexStartup
                0x0000000003800100                . = ALIGN (0x40)
 *fill*         0x00000000038000dc       0x24 
 *(.freertos_vectors)
 *(.text)
 .text          0x0000000003800100       0x9a /Applications/VEXcode Pro V5.app/Contents/Resources/sdk/vexv5/gcc/libs/libc.a(lib_a-aeabi_memset-soft.o)
                0x0000000003800100                __aeabi_memset4
                0x0000000003800100                __aeabi_memset8
                0x0000000003800100                __aeabi_memset
 *fill*         0x000000000380019a        0x2 
 .text          0x000000000380019c      0x370 /Applications/VEXcode Pro V5.app/Contents/Resources/sdk/vexv5/gcc/libs/libgcc.a(_arm_addsubdf3.o)
                0x000000000380019c                __aeabi_drsub
                0x00000000038001a4                __aeabi_dsub
                0x00000000038001a4                __subdf3
                0x00000000038001a8                __adddf3
                0x00000000038001a8                __aeabi_dadd
                0x0000000003800420                __floatunsidf
                0x0000000003800420                __aeabi_ui2d
                0x0000000003800440                __aeabi_i2d
                0x0000000003800440                __floatsidf
                0x0000000003800464                __extendsfdf2
                0x0000000003800464                __aeabi_f2d
                0x00000000038004a0                __aeabi_ul2d
                0x00000000038004a0                __floatundidf
                0x00000000038004b0                __floatdidf
                0x00000000038004b0                __aeabi_l2d
 *fill*         0x000000000380050c        0x4 
 .text          0x0000000003800510       0x48 /Applications/VEXcode Pro V5.app/Contents/Resources/sdk/vexv5/gcc/libs/libgcc.a(_fixunsdfdi.o)
                0x0000000003800510                __aeabi_d2ulz
                0x0000000003800510                __fixunsdfdi
 *(.text.*)
 .text._Z12Paint_Screenv
                0x0000000003800558       0x4c build/src/AutonSupport.o
                0x0000000003800558                Paint_Screen()
 .text._Z12cycle_autonsv
                0x00000000038005a4      0x1dc build/src/AutonSupport.o
                0x00000000038005a4                cycle_autons()
 .text._Z6Auton1v
                0x0000000003800780      0x2b0 build/src/Autons.o
                0x0000000003800780                Auton1()
 .text._Z6Auton2v
                0x0000000003800a30      0x190 build/src/Autons.o
                0x0000000003800a30                Auton2()
 .text._Z6skillsv
                0x0000000003800bc0      0x650 build/src/Autons.o
                0x0000000003800bc0                skills()
 .text._Z6Auton3v
                0x0000000003801210      0x2b0 build/src/Autons.o
                0x0000000003801210                Auton3()
 .text._Z6Auton4v
                0x00000000038014c0      0x268 build/src/Autons.o
                0x00000000038014c0                Auton4()
 .text._Z6Auton5v
                0x0000000003801728      0x1a8 build/src/Autons.o
                0x0000000003801728                Auton5()
 .text._Z6Auton6v
                0x00000000038018d0        0x4 build/src/Autons.o
                0x00000000038018d0                Auton6()
 *fill*         0x00000000038018d4        0x4 
 .text._Z6Auton7v
                0x00000000038018d8      0x1b8 build/src/Autons.o
                0x00000000038018d8                Auton7()
 .text._Z6Auton8v
                0x0000000003801a90        0x4 build/src/Autons.o
                0x0000000003801a90                Auton8()
 .text._Z9userDrivev
                0x0000000003801a94      0x1d4 build/src/DriveFunctions.o
                0x0000000003801a94                userDrive()
 .text._Z10moveLinearfim
                0x0000000003801c68      0x42c build/src/DriveFunctions.o
                0x0000000003801c68                moveLinear(float, int, unsigned long)
 .text._Z8moveStopN3vex9brakeTypeE
                0x0000000003802094       0x50 build/src/DriveFunctions.o
                0x0000000003802094                moveStop(vex::brakeType)
 *fill*         0x00000000038020e4        0x4 
 .text._Z10moveRotatesim
                0x00000000038020e8      0x40c build/src/DriveFunctions.o
                0x00000000038020e8                moveRotate(short, int, unsigned long)
 .text._Z11setLinGainsddddi
                0x00000000038024f4       0x54 build/src/DriveFunctions.o
                0x00000000038024f4                setLinGains(double, double, double, double, int)
 .text._Z11setRotGainsddddi
                0x0000000003802548       0x54 build/src/DriveFunctions.o
                0x0000000003802548                setRotGains(double, double, double, double, int)
 .text._GLOBAL__sub_I_DriveFunctions.cpp
                0x000000000380259c      0x12c build/src/DriveFunctions.o
 .text._ZN3vex6visionC2IJNS0_9signatureES2_S2_S2_S2_S2_S2_EEElhDpRT_
                0x00000000038026c8       0x64 build/src/Functions.o
                0x00000000038026c8                vex::vision::vision<vex::vision::signature, vex::vision::signature, vex::vision::signature, vex::vision::signature, vex::vision::signature, vex::vision::signature, vex::vision::signature>(long, unsigned char, vex::vision::signature&, vex::vision::signature&, vex::vision::signature&, vex::vision::signature&, vex::vision::signature&, vex::vision::signature&, vex::vision::signature&)
 .text._Z14enableFlywheelv
                0x000000000380272c       0x38 build/src/Functions.o
                0x000000000380272c                enableFlywheel()
 .text._Z15disableFlywheelv
                0x0000000003802764       0x38 build/src/Functions.o
                0x0000000003802764                disableFlywheel()
 .text._Z17enableRollerWheelv
                0x000000000380279c       0x18 build/src/Functions.o
                0x000000000380279c                enableRollerWheel()
 *fill*         0x00000000038027b4        0x4 
 .text._Z8fireDiscv
                0x00000000038027b8       0x60 build/src/Functions.o
                0x00000000038027b8                fireDisc()
 .text._Z18disableRollerWheelv
                0x0000000003802818        0xc build/src/Functions.o
                0x0000000003802818                disableRollerWheel()
 .text._Z7autoAimi
                0x0000000003802824      0x194 build/src/Functions.o
                0x0000000003802824                autoAim(int)
 .text._ZN3vex6vision7_setsigINS0_9signatureEJS2_S2_S2_S2_EEEvRT_DpRT0_
                0x00000000038029b8       0x4c build/src/Functions.o
                0x00000000038029b8                void vex::vision::_setsig<vex::vision::signature, vex::vision::signature, vex::vision::signature, vex::vision::signature, vex::vision::signature>(vex::vision::signature&, vex::vision::signature&, vex::vision::signature&, vex::vision::signature&, vex::vision::signature&)
 .text._GLOBAL__sub_I_Functions.cpp
                0x0000000003802a04      0x2b8 build/src/Functions.o
 .text._Z7pidInitP11pidStruct_tddddi
                0x0000000003802cbc       0x50 build/src/PID.o
                0x0000000003802cbc                pidInit(pidStruct_t*, double, double, double, double, int)
 *fill*         0x0000000003802d0c        0x4 
 .text._Z12pidCalculateP11pidStruct_tdd
                0x0000000003802d10      0x220 build/src/PID.o
                0x0000000003802d10                pidCalculate(pidStruct_t*, double, double)
 .text._Z14printPIDValuesP11pidStruct_t
                0x0000000003802f30       0xe0 build/src/PID.o
                0x0000000003802f30                printPIDValues(pidStruct_t*)
 .text._Z9pre_autonv
                0x0000000003803010       0x3c build/src/main.o
                0x0000000003803010                pre_auton()
 .text._Z10autonomousv
                0x000000000380304c       0x98 build/src/main.o
                0x000000000380304c                autonomous()
 .text._Z18updateSpeedDisplayv
                0x00000000038030e4       0xa8 build/src/main.o
                0x00000000038030e4                updateSpeedDisplay()
 *fill*         0x000000000380318c        0x4 
 .text._Z11usercontrolv
                0x0000000003803190      0x53c build/src/main.o
                0x0000000003803190                usercontrol()
 *fill*         0x00000000038036cc        0x4 
 .text.main     0x00000000038036d0       0x68 build/src/main.o
                0x00000000038036d0                main
 .text._GLOBAL__sub_I_main.cpp
                0x0000000003803738       0x34 build/src/main.o
 .text._Z11vexcodeInitv
                0x000000000380376c        0x4 build/src/robot-config.o
                0x000000000380376c                vexcodeInit()
 .text._GLOBAL__sub_I_robot_config.cpp
                0x0000000003803770      0x1d4 build/src/robot-config.o
 .text.vexMain  0x0000000003803944       0xb0 /Applications/VEXcode Pro V5.app/Contents/Resources/sdk/vexv5/libv5rt.a(v5_startup.c.obj)
                0x0000000003803944                vexMain
 .text.__vex_function_prolog
                0x00000000038039f4       0x18 /Applications/VEXcode Pro V5.app/Contents/Resources/sdk/vexv5/libv5rt.a(v5_startup.c.obj)
                0x00000000038039f4                __vex_function_prolog
 .text._init    0x0000000003803a0c        0x4 /Applications/VEXcode Pro V5.app/Contents/Resources/sdk/vexv5/libv5rt.a(v5_startup.c.obj)
                0x0000000003803a0c                _init
 .text._fini    0x0000000003803a10        0x4 /Applications/VEXcode Pro V5.app/Contents/Resources/sdk/vexv5/libv5rt.a(v5_startup.c.obj)
                0x0000000003803a10                _fini
 .text.vexStdlibVersionLinked
                0x0000000003803a14        0xc /Applications/VEXcode Pro V5.app/Contents/Resources/sdk/vexv5/libv5rt.a(v5_util.c.obj)
                0x0000000003803a14                vexStdlibVersionLinked
 .text.vexStdlibVersionVerify
                0x0000000003803a20       0x30 /Applications/VEXcode Pro V5.app/Contents/Resources/sdk/vexv5/libv5rt.a(v5_util.c.obj)
                0x0000000003803a20                vexStdlibVersionVerify
 .text.vexPrivateApiEnable
                0x0000000003803a50       0x10 /Applications/VEXcode Pro V5.app/Contents/Resources/sdk/vexv5/libv5rt.a(v5_apijump.c.obj)
                0x0000000003803a50                vexPrivateApiEnable
 .text.vexStdlibMismatchError
                0x0000000003803a60       0x3c /Applications/VEXcode Pro V5.app/Contents/Resources/sdk/vexv5/libv5rt.a(v5_apijump.c.obj)
                0x0000000003803a60                vexStdlibMismatchError
 .text.vexTaskAdd
                0x0000000003803a9c       0x10 /Applications/VEXcode Pro V5.app/Contents/Resources/sdk/vexv5/libv5rt.a(v5_apijump.c.obj)
                0x0000000003803a9c                vexTaskAdd
 .text.vexTasksRun
                0x0000000003803aac       0x10 /Applications/VEXcode Pro V5.app/Contents/Resources/sdk/vexv5/libv5rt.a(v5_apijump.c.obj)
                0x0000000003803aac                vexTasksRun
 .text.vexTaskYield
                0x0000000003803abc       0x10 /Applications/VEXcode Pro V5.app/Contents/Resources/sdk/vexv5/libv5rt.a(v5_apijump.c.obj)
                0x0000000003803abc                vexTaskYield
 .text.vexTaskCheckTimeslice
                0x0000000003803acc       0x10 /Applications/VEXcode Pro V5.app/Contents/Resources/sdk/vexv5/libv5rt.a(v5_apijump.c.obj)
                0x0000000003803acc                vexTaskCheckTimeslice
 .text.vexTaskSleep
                0x0000000003803adc       0x10 /Applications/VEXcode Pro V5.app/Contents/Resources/sdk/vexv5/libv5rt.a(v5_apijump.c.obj)
                0x0000000003803adc                vexTaskSleep
 .text.vexTasksDump
                0x0000000003803aec       0x1c /Applications/VEXcode Pro V5.app/Contents/Resources/sdk/vexv5/libv5rt.a(v5_apijump.c.obj)
                0x0000000003803aec                vexTasksDump
 .text.vexTaskGetTaskIndex
                0x0000000003803b08       0x10 /Applications/VEXcode Pro V5.app/Contents/Resources/sdk/vexv5/libv5rt.a(v5_apijump.c.obj)
                0x0000000003803b08                vexTaskGetTaskIndex
 .text.vexTaskStopAll
                0x0000000003803b18       0x10 /Applications/VEXcode Pro V5.app/Contents/Resources/sdk/vexv5/libv5rt.a(v5_apijump.c.obj)
                0x0000000003803b18                vexTaskStopAll
 .text.vexTaskRemoveAllUser
                0x0000000003803b28       0x34 /Applications/VEXcode Pro V5.app/Contents/Resources/sdk/vexv5/libv5rt.a(v5_apijump.c.obj)
                0x0000000003803b28                vexTaskRemoveAllUser
 .text.vexTaskCompletionIdSet
                0x0000000003803b5c       0x10 /Applications/VEXcode Pro V5.app/Contents/Resources/sdk/vexv5/libv5rt.a(v5_apijump.c.obj)
                0x0000000003803b5c                vexTaskCompletionIdSet
 .text.vexTaskStopWithId
                0x0000000003803b6c       0x10 /Applications/VEXcode Pro V5.app/Contents/Resources/sdk/vexv5/libv5rt.a(v5_apijump.c.obj)
                0x0000000003803b6c                vexTaskStopWithId
 .text.vexCriticalSection
                0x0000000003803b7c       0x2c /Applications/VEXcode Pro V5.app/Contents/Resources/sdk/vexv5/libv5rt.a(v5_apijump.c.obj)
                0x0000000003803b7c                vexCriticalSection
 .text.vexEventAdd
                0x0000000003803ba8       0x34 /Applications/VEXcode Pro V5.app/Contents/Resources/sdk/vexv5/libv5rt.a(v5_apijump.c.obj)
                0x0000000003803ba8                vexEventAdd
 .text.vexEventUserIndexGet
                0x0000000003803bdc       0x1c /Applications/VEXcode Pro V5.app/Contents/Resources/sdk/vexv5/libv5rt.a(v5_apijump.c.obj)
                0x0000000003803bdc                vexEventUserIndexGet
 .text.vexEventAddWithArg
                0x0000000003803bf8       0x3c /Applications/VEXcode Pro V5.app/Contents/Resources/sdk/vexv5/libv5rt.a(v5_apijump.c.obj)
                0x0000000003803bf8                vexEventAddWithArg
 .text.vexEventsCleanup
                0x0000000003803c34       0x2c /Applications/VEXcode Pro V5.app/Contents/Resources/sdk/vexv5/libv5rt.a(v5_apijump.c.obj)
                0x0000000003803c34                vexEventsCleanup
 .text.vexDebug
                0x0000000003803c60       0x38 /Applications/VEXcode Pro V5.app/Contents/Resources/sdk/vexv5/libv5rt.a(v5_apijump.c.obj)
                0x0000000003803c60                vexDebug
 .text.vex_sprintf
                0x0000000003803c98       0x40 /Applications/VEXcode Pro V5.app/Contents/Resources/sdk/vexv5/libv5rt.a(v5_apijump.c.obj)
                0x0000000003803c98                vex_sprintf
 .text.vex_vsnprintf
                0x0000000003803cd8       0x3c /Applications/VEXcode Pro V5.app/Contents/Resources/sdk/vexv5/libv5rt.a(v5_apijump.c.obj)
                0x0000000003803cd8                vex_vsnprintf
 .text.vexSystemTimeGet
                0x0000000003803d14       0x1c /Applications/VEXcode Pro V5.app/Contents/Resources/sdk/vexv5/libv5rt.a(v5_apijump.c.obj)
                0x0000000003803d14                vexSystemTimeGet
 .text.vexSystemExitRequest
                0x0000000003803d30       0x1c /Applications/VEXcode Pro V5.app/Contents/Resources/sdk/vexv5/libv5rt.a(v5_apijump.c.obj)
                0x0000000003803d30                vexSystemExitRequest
 .text.vexDeviceGetByIndex
                0x0000000003803d4c       0x24 /Applications/VEXcode Pro V5.app/Contents/Resources/sdk/vexv5/libv5rt.a(v5_apijump.c.obj)
                0x0000000003803d4c                vexDeviceGetByIndex
 .text.vexControllerGet
                0x0000000003803d70       0x2c /Applications/VEXcode Pro V5.app/Contents/Resources/sdk/vexv5/libv5rt.a(v5_apijump.c.obj)
                0x0000000003803d70                vexControllerGet
 .text.vexControllerTextSet
                0x0000000003803d9c       0x74 /Applications/VEXcode Pro V5.app/Contents/Resources/sdk/vexv5/libv5rt.a(v5_apijump.c.obj)
                0x0000000003803d9c                vexControllerTextSet
 .text.vexDeviceAdiPortConfigSet
                0x0000000003803e10       0x34 /Applications/VEXcode Pro V5.app/Contents/Resources/sdk/vexv5/libv5rt.a(v5_apijump.c.obj)
                0x0000000003803e10                vexDeviceAdiPortConfigSet
 .text.vexDeviceAdiPortConfigGet
                0x0000000003803e44       0x2c /Applications/VEXcode Pro V5.app/Contents/Resources/sdk/vexv5/libv5rt.a(v5_apijump.c.obj)
                0x0000000003803e44                vexDeviceAdiPortConfigGet
 .text.vexDeviceAdiValueSet
                0x0000000003803e70       0x34 /Applications/VEXcode Pro V5.app/Contents/Resources/sdk/vexv5/libv5rt.a(v5_apijump.c.obj)
                0x0000000003803e70                vexDeviceAdiValueSet
 .text.vexDeviceAdiValueGet
                0x0000000003803ea4       0x2c /Applications/VEXcode Pro V5.app/Contents/Resources/sdk/vexv5/libv5rt.a(v5_apijump.c.obj)
                0x0000000003803ea4                vexDeviceAdiValueGet
 .text.vexDeviceMotorVelocitySet
                0x0000000003803ed0       0x2c /Applications/VEXcode Pro V5.app/Contents/Resources/sdk/vexv5/libv5rt.a(v5_apijump.c.obj)
                0x0000000003803ed0                vexDeviceMotorVelocitySet
 .text.vexDeviceMotorVoltageSet
                0x0000000003803efc       0x2c /Applications/VEXcode Pro V5.app/Contents/Resources/sdk/vexv5/libv5rt.a(v5_apijump.c.obj)
                0x0000000003803efc                vexDeviceMotorVoltageSet
 .text.vexDeviceMotorActualVelocityGet
                0x0000000003803f28       0x24 /Applications/VEXcode Pro V5.app/Contents/Resources/sdk/vexv5/libv5rt.a(v5_apijump.c.obj)
                0x0000000003803f28                vexDeviceMotorActualVelocityGet
 .text.vexDeviceMotorReverseFlagSet
                0x0000000003803f4c       0x2c /Applications/VEXcode Pro V5.app/Contents/Resources/sdk/vexv5/libv5rt.a(v5_apijump.c.obj)
                0x0000000003803f4c                vexDeviceMotorReverseFlagSet
 .text.vexDeviceMotorEncoderUnitsSet
                0x0000000003803f78       0x2c /Applications/VEXcode Pro V5.app/Contents/Resources/sdk/vexv5/libv5rt.a(v5_apijump.c.obj)
                0x0000000003803f78                vexDeviceMotorEncoderUnitsSet
 .text.vexDeviceMotorBrakeModeSet
                0x0000000003803fa4       0x2c /Applications/VEXcode Pro V5.app/Contents/Resources/sdk/vexv5/libv5rt.a(v5_apijump.c.obj)
                0x0000000003803fa4                vexDeviceMotorBrakeModeSet
 .text.vexDeviceMotorPositionSet
                0x0000000003803fd0       0x34 /Applications/VEXcode Pro V5.app/Contents/Resources/sdk/vexv5/libv5rt.a(v5_apijump.c.obj)
                0x0000000003803fd0                vexDeviceMotorPositionSet
 .text.vexDeviceMotorPositionGet
                0x0000000003804004       0x24 /Applications/VEXcode Pro V5.app/Contents/Resources/sdk/vexv5/libv5rt.a(v5_apijump.c.obj)
                0x0000000003804004                vexDeviceMotorPositionGet
 .text.vexDeviceMotorGearingSet
                0x0000000003804028       0x2c /Applications/VEXcode Pro V5.app/Contents/Resources/sdk/vexv5/libv5rt.a(v5_apijump.c.obj)
                0x0000000003804028                vexDeviceMotorGearingSet
 .text.vexDeviceMotorGearingGet
                0x0000000003804054       0x24 /Applications/VEXcode Pro V5.app/Contents/Resources/sdk/vexv5/libv5rt.a(v5_apijump.c.obj)
                0x0000000003804054                vexDeviceMotorGearingGet
 .text.vexDeviceVisionModeSet
                0x0000000003804078       0x2c /Applications/VEXcode Pro V5.app/Contents/Resources/sdk/vexv5/libv5rt.a(v5_apijump.c.obj)
                0x0000000003804078                vexDeviceVisionModeSet
 .text.vexDeviceVisionObjectCountGet
                0x00000000038040a4       0x24 /Applications/VEXcode Pro V5.app/Contents/Resources/sdk/vexv5/libv5rt.a(v5_apijump.c.obj)
                0x00000000038040a4                vexDeviceVisionObjectCountGet
 .text.vexDeviceVisionObjectGet
                0x00000000038040c8       0x34 /Applications/VEXcode Pro V5.app/Contents/Resources/sdk/vexv5/libv5rt.a(v5_apijump.c.obj)
                0x00000000038040c8                vexDeviceVisionObjectGet
 .text.vexDeviceVisionSignatureSet
                0x00000000038040fc       0x2c /Applications/VEXcode Pro V5.app/Contents/Resources/sdk/vexv5/libv5rt.a(v5_apijump.c.obj)
                0x00000000038040fc                vexDeviceVisionSignatureSet
 .text.vexDeviceVisionBrightnessSet
                0x0000000003804128       0x2c /Applications/VEXcode Pro V5.app/Contents/Resources/sdk/vexv5/libv5rt.a(v5_apijump.c.obj)
                0x0000000003804128                vexDeviceVisionBrightnessSet
 .text.vexDeviceVisionLedModeSet
                0x0000000003804154       0x2c /Applications/VEXcode Pro V5.app/Contents/Resources/sdk/vexv5/libv5rt.a(v5_apijump.c.obj)
                0x0000000003804154                vexDeviceVisionLedModeSet
 .text.vexDeviceVisionLedColorSet
                0x0000000003804180       0x30 /Applications/VEXcode Pro V5.app/Contents/Resources/sdk/vexv5/libv5rt.a(v5_apijump.c.obj)
                0x0000000003804180                vexDeviceVisionLedColorSet
 .text.vexDeviceImuReset
                0x00000000038041b0       0x24 /Applications/VEXcode Pro V5.app/Contents/Resources/sdk/vexv5/libv5rt.a(v5_apijump.c.obj)
                0x00000000038041b0                vexDeviceImuReset
 .text.vexDeviceImuHeadingGet
                0x00000000038041d4       0x24 /Applications/VEXcode Pro V5.app/Contents/Resources/sdk/vexv5/libv5rt.a(v5_apijump.c.obj)
                0x00000000038041d4                vexDeviceImuHeadingGet
 .text.vexDeviceImuDegreesGet
                0x00000000038041f8       0x24 /Applications/VEXcode Pro V5.app/Contents/Resources/sdk/vexv5/libv5rt.a(v5_apijump.c.obj)
                0x00000000038041f8                vexDeviceImuDegreesGet
 .text.vexDeviceImuStatusGet
                0x000000000380421c       0x24 /Applications/VEXcode Pro V5.app/Contents/Resources/sdk/vexv5/libv5rt.a(v5_apijump.c.obj)
                0x000000000380421c                vexDeviceImuStatusGet
 .text.vexDisplayForegroundColor
                0x0000000003804240       0x24 /Applications/VEXcode Pro V5.app/Contents/Resources/sdk/vexv5/libv5rt.a(v5_apijump.c.obj)
                0x0000000003804240                vexDisplayForegroundColor
 .text.vexDisplayBackgroundColor
                0x0000000003804264       0x24 /Applications/VEXcode Pro V5.app/Contents/Resources/sdk/vexv5/libv5rt.a(v5_apijump.c.obj)
                0x0000000003804264                vexDisplayBackgroundColor
 .text.vexDisplayBackgroundColorGet
                0x0000000003804288       0x1c /Applications/VEXcode Pro V5.app/Contents/Resources/sdk/vexv5/libv5rt.a(v5_apijump.c.obj)
                0x0000000003804288                vexDisplayBackgroundColorGet
 .text.vexDisplayRectClear
                0x00000000038042a4       0x4c /Applications/VEXcode Pro V5.app/Contents/Resources/sdk/vexv5/libv5rt.a(v5_apijump.c.obj)
                0x00000000038042a4                vexDisplayRectClear
 .text.vexDisplayVPrintf
                0x00000000038042f0       0x50 /Applications/VEXcode Pro V5.app/Contents/Resources/sdk/vexv5/libv5rt.a(v5_apijump.c.obj)
                0x00000000038042f0                vexDisplayVPrintf
 .text.vexDisplayTextReference
                0x0000000003804340       0x24 /Applications/VEXcode Pro V5.app/Contents/Resources/sdk/vexv5/libv5rt.a(v5_apijump.c.obj)
                0x0000000003804340                vexDisplayTextReference
 .text.vexDisplayTextSize
                0x0000000003804364       0x2c /Applications/VEXcode Pro V5.app/Contents/Resources/sdk/vexv5/libv5rt.a(v5_apijump.c.obj)
                0x0000000003804364                vexDisplayTextSize
 .text.vexDisplayFontNamedSet
                0x0000000003804390       0x24 /Applications/VEXcode Pro V5.app/Contents/Resources/sdk/vexv5/libv5rt.a(v5_apijump.c.obj)
                0x0000000003804390                vexDisplayFontNamedSet
 .text.vexDisplayStringWidthGet
                0x00000000038043b4       0x24 /Applications/VEXcode Pro V5.app/Contents/Resources/sdk/vexv5/libv5rt.a(v5_apijump.c.obj)
                0x00000000038043b4                vexDisplayStringWidthGet
 .text.vexSystemStdlibImpureDataAddr
                0x00000000038043d8       0x28 /Applications/VEXcode Pro V5.app/Contents/Resources/sdk/vexv5/libv5rt.a(v5_apijump.c.obj)
                0x00000000038043d8                vexSystemStdlibImpureDataAddr
 .text.vexSystemStdlibImpureDataSize
                0x0000000003804400       0x28 /Applications/VEXcode Pro V5.app/Contents/Resources/sdk/vexv5/libv5rt.a(v5_apijump.c.obj)
                0x0000000003804400                vexSystemStdlibImpureDataSize
 .text.vexSystemSaveUserData
                0x0000000003804428       0x3c /Applications/VEXcode Pro V5.app/Contents/Resources/sdk/vexv5/libv5rt.a(v5_apijump.c.obj)
                0x0000000003804428                vexSystemSaveUserData
 .text.vexDisplayThemeIdGet
                0x0000000003804464       0x38 /Applications/VEXcode Pro V5.app/Contents/Resources/sdk/vexv5/libv5rt.a(v5_apijump.c.obj)
                0x0000000003804464                vexDisplayThemeIdGet
 .text.vexDeviceEventMaskSet
                0x000000000380449c       0x48 /Applications/VEXcode Pro V5.app/Contents/Resources/sdk/vexv5/libv5rt.a(v5_apijump.c.obj)
                0x000000000380449c                vexDeviceEventMaskSet
 .text.vexDeviceEventMaskGet
                0x00000000038044e4       0x3c /Applications/VEXcode Pro V5.app/Contents/Resources/sdk/vexv5/libv5rt.a(v5_apijump.c.obj)
                0x00000000038044e4                vexDeviceEventMaskGet
 .text.vexSystemVersion
                0x0000000003804520       0x10 /Applications/VEXcode Pro V5.app/Contents/Resources/sdk/vexv5/libv5rt.a(v5_apiversions.c.obj)
                0x0000000003804520                vexSystemVersion
 .text.vexStdlibVersion
                0x0000000003804530       0x10 /Applications/VEXcode Pro V5.app/Contents/Resources/sdk/vexv5/libv5rt.a(v5_apiversions.c.obj)
                0x0000000003804530                vexStdlibVersion
 .text._ZN3vex4waitEdNS_9timeUnitsE
                0x0000000003804540       0x30 /Applications/VEXcode Pro V5.app/Contents/Resources/sdk/vexv5/libv5rt.a(vex_global.cpp.obj)
                0x0000000003804540                vex::wait(double, vex::timeUnits)
 .text._ZN3vex5motorD2Ev
                0x0000000003804570       0x20 /Applications/VEXcode Pro V5.app/Contents/Resources/sdk/vexv5/libv5rt.a(vex_motor.cpp.obj)
                0x0000000003804570                vex::motor::~motor()
                0x0000000003804570                vex::motor::~motor()
 .text._ZN3vex5motorD0Ev
                0x0000000003804590       0x1c /Applications/VEXcode Pro V5.app/Contents/Resources/sdk/vexv5/libv5rt.a(vex_motor.cpp.obj)
                0x0000000003804590                vex::motor::~motor()
 .text._ZN3vex5motor9installedEv
                0x00000000038045ac       0x18 /Applications/VEXcode Pro V5.app/Contents/Resources/sdk/vexv5/libv5rt.a(vex_motor.cpp.obj)
                0x00000000038045ac                vex::motor::installed()
 .text._ZN3vex5motor15defaultStoppingENS_9brakeTypeE
                0x00000000038045c4       0x30 /Applications/VEXcode Pro V5.app/Contents/Resources/sdk/vexv5/libv5rt.a(vex_motor.cpp.obj)
                0x00000000038045c4                vex::motor::defaultStopping(vex::brakeType)
 .text._ZN3vex5motor8setBrakeENS_9brakeTypeE
                0x00000000038045f4        0x4 /Applications/VEXcode Pro V5.app/Contents/Resources/sdk/vexv5/libv5rt.a(vex_motor.cpp.obj)
                0x00000000038045f4                vex::motor::setBrake(vex::brakeType)
 .text._ZN3vex5motorC2El
                0x00000000038045f8       0x78 /Applications/VEXcode Pro V5.app/Contents/Resources/sdk/vexv5/libv5rt.a(vex_motor.cpp.obj)
                0x00000000038045f8                vex::motor::motor(long)
                0x00000000038045f8                vex::motor::motor(long)
 .text._ZN3vex5motorC2ElNS_11gearSettingEb
                0x0000000003804670       0x34 /Applications/VEXcode Pro V5.app/Contents/Resources/sdk/vexv5/libv5rt.a(vex_motor.cpp.obj)
                0x0000000003804670                vex::motor::motor(long, vex::gearSetting, bool)
                0x0000000003804670                vex::motor::motor(long, vex::gearSetting, bool)
 *fill*         0x00000000038046a4        0x4 
 .text._ZN3vex5motor4spinENS_13directionTypeEdNS_12voltageUnitsE
                0x00000000038046a8       0x50 /Applications/VEXcode Pro V5.app/Contents/Resources/sdk/vexv5/libv5rt.a(vex_motor.cpp.obj)
                0x00000000038046a8                vex::motor::spin(vex::directionType, double, vex::voltageUnits)
 .text._ZN3vex5motor4stopENS_9brakeTypeE
                0x00000000038046f8       0x30 /Applications/VEXcode Pro V5.app/Contents/Resources/sdk/vexv5/libv5rt.a(vex_motor.cpp.obj)
                0x00000000038046f8                vex::motor::stop(vex::brakeType)
 .text._ZN3vex5motor4stopEv
                0x0000000003804728        0x8 /Applications/VEXcode Pro V5.app/Contents/Resources/sdk/vexv5/libv5rt.a(vex_motor.cpp.obj)
                0x0000000003804728                vex::motor::stop()
 .text._ZN3vex5motor16velocityToScaledEdNS_13velocityUnitsE
                0x0000000003804730       0x5c /Applications/VEXcode Pro V5.app/Contents/Resources/sdk/vexv5/libv5rt.a(vex_motor.cpp.obj)
                0x0000000003804730                vex::motor::velocityToScaled(double, vex::velocityUnits)
 .text._ZN3vex5motor8velocityENS_13velocityUnitsE
                0x000000000380478c       0x30 /Applications/VEXcode Pro V5.app/Contents/Resources/sdk/vexv5/libv5rt.a(vex_motor.cpp.obj)
                0x000000000380478c                vex::motor::velocity(vex::velocityUnits)
 .text._ZN3vex5motor5valueEv
                0x00000000038047bc       0x1c /Applications/VEXcode Pro V5.app/Contents/Resources/sdk/vexv5/libv5rt.a(vex_motor.cpp.obj)
                0x00000000038047bc                vex::motor::value()
 .text._ZN3vex5motor16scaledToVelocityEdNS_13velocityUnitsE
                0x00000000038047d8       0xa4 /Applications/VEXcode Pro V5.app/Contents/Resources/sdk/vexv5/libv5rt.a(vex_motor.cpp.obj)
                0x00000000038047d8                vex::motor::scaledToVelocity(double, vex::velocityUnits)
 .text._ZN3vex5motor4spinENS_13directionTypeEdNS_13velocityUnitsE
                0x000000000380487c       0x5c /Applications/VEXcode Pro V5.app/Contents/Resources/sdk/vexv5/libv5rt.a(vex_motor.cpp.obj)
                0x000000000380487c                vex::motor::spin(vex::directionType, double, vex::velocityUnits)
 .text._ZN3vex5motor4spinENS_13directionTypeE
                0x00000000038048d8       0x28 /Applications/VEXcode Pro V5.app/Contents/Resources/sdk/vexv5/libv5rt.a(vex_motor.cpp.obj)
                0x00000000038048d8                vex::motor::spin(vex::directionType)
 .text._ZN3vex5motor11setVelocityEdNS_13velocityUnitsE
                0x0000000003804900       0x54 /Applications/VEXcode Pro V5.app/Contents/Resources/sdk/vexv5/libv5rt.a(vex_motor.cpp.obj)
                0x0000000003804900                vex::motor::setVelocity(double, vex::velocityUnits)
 .text._ZN3vex5motor16setRotationUnitsENS_13rotationUnitsE
                0x0000000003804954       0x1c /Applications/VEXcode Pro V5.app/Contents/Resources/sdk/vexv5/libv5rt.a(vex_motor.cpp.obj)
                0x0000000003804954                vex::motor::setRotationUnits(vex::rotationUnits)
 .text._ZN3vex5motor11setRotationEdNS_13rotationUnitsE
                0x0000000003804970       0x44 /Applications/VEXcode Pro V5.app/Contents/Resources/sdk/vexv5/libv5rt.a(vex_motor.cpp.obj)
                0x0000000003804970                vex::motor::setRotation(double, vex::rotationUnits)
 .text._ZN3vex5motor13resetRotationEv
                0x00000000038049b4       0x20 /Applications/VEXcode Pro V5.app/Contents/Resources/sdk/vexv5/libv5rt.a(vex_motor.cpp.obj)
                0x00000000038049b4                vex::motor::resetRotation()
 .text._ZN3vex5motor8rotationENS_13rotationUnitsE
                0x00000000038049d4       0x44 /Applications/VEXcode Pro V5.app/Contents/Resources/sdk/vexv5/libv5rt.a(vex_motor.cpp.obj)
                0x00000000038049d4                vex::motor::rotation(vex::rotationUnits)
 .text._ZN3vex6vision9installedEv
                0x0000000003804a18       0x18 /Applications/VEXcode Pro V5.app/Contents/Resources/sdk/vexv5/libv5rt.a(vex_vision.cpp.obj)
                0x0000000003804a18                vex::vision::installed()
 .text._ZN3vex6visionD2Ev
                0x0000000003804a30       0x38 /Applications/VEXcode Pro V5.app/Contents/Resources/sdk/vexv5/libv5rt.a(vex_vision.cpp.obj)
                0x0000000003804a30                vex::vision::~vision()
                0x0000000003804a30                vex::vision::~vision()
 .text._ZN3vex6visionD0Ev
                0x0000000003804a68       0x1c /Applications/VEXcode Pro V5.app/Contents/Resources/sdk/vexv5/libv5rt.a(vex_vision.cpp.obj)
                0x0000000003804a68                vex::vision::~vision()
 .text._ZN3vex6vision12setSignatureERNS0_9signatureE
                0x0000000003804a84       0x70 /Applications/VEXcode Pro V5.app/Contents/Resources/sdk/vexv5/libv5rt.a(vex_vision.cpp.obj)
                0x0000000003804a84                vex::vision::setSignature(vex::vision::signature&)
 .text._ZN3vex6vision7setModeENS0_13detectionModeE
                0x0000000003804af4       0x18 /Applications/VEXcode Pro V5.app/Contents/Resources/sdk/vexv5/libv5rt.a(vex_vision.cpp.obj)
                0x0000000003804af4                vex::vision::setMode(vex::vision::detectionMode)
 .text._ZN3vex6vision13setBrightnessEh
                0x0000000003804b0c       0x30 /Applications/VEXcode Pro V5.app/Contents/Resources/sdk/vexv5/libv5rt.a(vex_vision.cpp.obj)
                0x0000000003804b0c                vex::vision::setBrightness(unsigned char)
 .text._ZN3vex6vision10setLedModeENS0_7ledModeE
                0x0000000003804b3c       0x18 /Applications/VEXcode Pro V5.app/Contents/Resources/sdk/vexv5/libv5rt.a(vex_vision.cpp.obj)
                0x0000000003804b3c                vex::vision::setLedMode(vex::vision::ledMode)
 .text._ZN3vex6vision11setLedColorEhhh
                0x0000000003804b54       0x30 /Applications/VEXcode Pro V5.app/Contents/Resources/sdk/vexv5/libv5rt.a(vex_vision.cpp.obj)
                0x0000000003804b54                vex::vision::setLedColor(unsigned char, unsigned char, unsigned char)
 .text._ZN3vex6vision9signatureD2Ev
                0x0000000003804b84        0x4 /Applications/VEXcode Pro V5.app/Contents/Resources/sdk/vexv5/libv5rt.a(vex_vision.cpp.obj)
                0x0000000003804b84                vex::vision::signature::~signature()
                0x0000000003804b84                vex::vision::signature::~signature()
 .text._ZN3vex6vision9signature5clearEv
                0x0000000003804b88       0x38 /Applications/VEXcode Pro V5.app/Contents/Resources/sdk/vexv5/libv5rt.a(vex_vision.cpp.obj)
                0x0000000003804b88                vex::vision::signature::clear()
 .text._ZN3vex6vision9signatureC2Ev
                0x0000000003804bc0       0x60 /Applications/VEXcode Pro V5.app/Contents/Resources/sdk/vexv5/libv5rt.a(vex_vision.cpp.obj)
                0x0000000003804bc0                vex::vision::signature::signature()
                0x0000000003804bc0                vex::vision::signature::signature()
 .text._ZN3vex6vision9signatureC2Elllllllfl
                0x0000000003804c20       0x5c /Applications/VEXcode Pro V5.app/Contents/Resources/sdk/vexv5/libv5rt.a(vex_vision.cpp.obj)
                0x0000000003804c20                vex::vision::signature::signature(long, long, long, long, long, long, long, float, long)
                0x0000000003804c20                vex::vision::signature::signature(long, long, long, long, long, long, long, float, long)
 *fill*         0x0000000003804c7c        0x4 
 .text._ZN3vex6vision6object3setE22_V5_DeviceVisionObject
                0x0000000003804c80       0x78 /Applications/VEXcode Pro V5.app/Contents/Resources/sdk/vexv5/libv5rt.a(vex_vision.cpp.obj)
                0x0000000003804c80                vex::vision::object::set(_V5_DeviceVisionObject)
 .text._ZN3vex6vision6object5clearEv
                0x0000000003804cf8       0x38 /Applications/VEXcode Pro V5.app/Contents/Resources/sdk/vexv5/libv5rt.a(vex_vision.cpp.obj)
                0x0000000003804cf8                vex::vision::object::clear()
 .text._ZN3vex6vision6objectC2Ev
                0x0000000003804d30       0x58 /Applications/VEXcode Pro V5.app/Contents/Resources/sdk/vexv5/libv5rt.a(vex_vision.cpp.obj)
                0x0000000003804d30                vex::vision::object::object()
                0x0000000003804d30                vex::vision::object::object()
 .text._ZN3vex6vision13_clearObjectsEv
                0x0000000003804d88       0x40 /Applications/VEXcode Pro V5.app/Contents/Resources/sdk/vexv5/libv5rt.a(vex_vision.cpp.obj)
                0x0000000003804d88                vex::vision::_clearObjects()
 .text._ZN3vex6vision6objectaSERKS1_
                0x0000000003804dc8       0x74 /Applications/VEXcode Pro V5.app/Contents/Resources/sdk/vexv5/libv5rt.a(vex_vision.cpp.obj)
                0x0000000003804dc8                vex::vision::object::operator=(vex::vision::object const&)
 .text._ZN3vex6vision12takeSnapshotEmm
                0x0000000003804e3c       0xf4 /Applications/VEXcode Pro V5.app/Contents/Resources/sdk/vexv5/libv5rt.a(vex_vision.cpp.obj)
                0x0000000003804e3c                vex::vision::takeSnapshot(unsigned long, unsigned long)
 .text._ZN3vex6vision12takeSnapshotEm
                0x0000000003804f30        0x8 /Applications/VEXcode Pro V5.app/Contents/Resources/sdk/vexv5/libv5rt.a(vex_vision.cpp.obj)
                0x0000000003804f30                vex::vision::takeSnapshot(unsigned long)
 .text._ZN3vex6vision5valueEv
                0x0000000003804f38        0x8 /Applications/VEXcode Pro V5.app/Contents/Resources/sdk/vexv5/libv5rt.a(vex_vision.cpp.obj)
                0x0000000003804f38                vex::vision::value()
 .text._ZN3vex6vision12takeSnapshotERNS0_9signatureE
                0x0000000003804f40       0x10 /Applications/VEXcode Pro V5.app/Contents/Resources/sdk/vexv5/libv5rt.a(vex_vision.cpp.obj)
                0x0000000003804f40                vex::vision::takeSnapshot(vex::vision::signature&)
 .text._ZN3vex6vision6objectaSEl
                0x0000000003804f50       0x38 /Applications/VEXcode Pro V5.app/Contents/Resources/sdk/vexv5/libv5rt.a(vex_vision.cpp.obj)
                0x0000000003804f50                vex::vision::object::operator=(long)
 .text._ZN3vex6visionC2El
                0x0000000003804f88       0xa4 /Applications/VEXcode Pro V5.app/Contents/Resources/sdk/vexv5/libv5rt.a(vex_vision.cpp.obj)
                0x0000000003804f88                vex::vision::vision(long)
                0x0000000003804f88                vex::vision::vision(long)
 .text._ZN3vex8inertial11getTurnTypeEv
                0x000000000380502c        0x8 /Applications/VEXcode Pro V5.app/Contents/Resources/sdk/vexv5/libv5rt.a(vex_imu.cpp.obj)
                0x000000000380502c                vex::inertial::getTurnType()
 .text._ZThn16_N3vex8inertial11getTurnTypeEv
                0x0000000003805034        0x8 /Applications/VEXcode Pro V5.app/Contents/Resources/sdk/vexv5/libv5rt.a(vex_imu.cpp.obj)
                0x0000000003805034                non-virtual thunk to vex::inertial::getTurnType()
 *fill*         0x000000000380503c        0x4 
 .text._ZN3vex8inertial10setHeadingEdNS_13rotationUnitsE
                0x0000000003805040       0x58 /Applications/VEXcode Pro V5.app/Contents/Resources/sdk/vexv5/libv5rt.a(vex_imu.cpp.obj)
                0x0000000003805040                vex::inertial::setHeading(double, vex::rotationUnits)
 .text._ZThn16_N3vex8inertial10setHeadingEdNS_13rotationUnitsE
                0x0000000003805098        0x8 /Applications/VEXcode Pro V5.app/Contents/Resources/sdk/vexv5/libv5rt.a(vex_imu.cpp.obj)
                0x0000000003805098                non-virtual thunk to vex::inertial::setHeading(double, vex::rotationUnits)
 .text._ZN3vex8inertial11setRotationEdNS_13rotationUnitsE
                0x00000000038050a0       0x58 /Applications/VEXcode Pro V5.app/Contents/Resources/sdk/vexv5/libv5rt.a(vex_imu.cpp.obj)
                0x00000000038050a0                vex::inertial::setRotation(double, vex::rotationUnits)
 .text._ZThn16_N3vex8inertial11setRotationEdNS_13rotationUnitsE
                0x00000000038050f8        0x8 /Applications/VEXcode Pro V5.app/Contents/Resources/sdk/vexv5/libv5rt.a(vex_imu.cpp.obj)
                0x00000000038050f8                non-virtual thunk to vex::inertial::setRotation(double, vex::rotationUnits)
 .text._ZN3vex8inertialD2Ev
                0x0000000003805100       0x20 /Applications/VEXcode Pro V5.app/Contents/Resources/sdk/vexv5/libv5rt.a(vex_imu.cpp.obj)
                0x0000000003805100                vex::inertial::~inertial()
                0x0000000003805100                vex::inertial::~inertial()
 .text._ZThn16_N3vex8inertialD1Ev
                0x0000000003805120        0x8 /Applications/VEXcode Pro V5.app/Contents/Resources/sdk/vexv5/libv5rt.a(vex_imu.cpp.obj)
                0x0000000003805120                non-virtual thunk to vex::inertial::~inertial()
 .text._ZN3vex8inertialD0Ev
                0x0000000003805128       0x1c /Applications/VEXcode Pro V5.app/Contents/Resources/sdk/vexv5/libv5rt.a(vex_imu.cpp.obj)
                0x0000000003805128                vex::inertial::~inertial()
 .text._ZThn16_N3vex8inertialD0Ev
                0x0000000003805144        0x8 /Applications/VEXcode Pro V5.app/Contents/Resources/sdk/vexv5/libv5rt.a(vex_imu.cpp.obj)
                0x0000000003805144                non-virtual thunk to vex::inertial::~inertial()
 .text._ZN3vex8inertial9installedEv
                0x000000000380514c       0x18 /Applications/VEXcode Pro V5.app/Contents/Resources/sdk/vexv5/libv5rt.a(vex_imu.cpp.obj)
                0x000000000380514c                vex::inertial::installed()
 .text._ZN3vex8inertial5angleENS_13rotationUnitsE
                0x0000000003805164       0x6c /Applications/VEXcode Pro V5.app/Contents/Resources/sdk/vexv5/libv5rt.a(vex_imu.cpp.obj)
                0x0000000003805164                vex::inertial::angle(vex::rotationUnits)
 .text._ZThn16_N3vex8inertial5angleENS_13rotationUnitsE
                0x00000000038051d0        0x8 /Applications/VEXcode Pro V5.app/Contents/Resources/sdk/vexv5/libv5rt.a(vex_imu.cpp.obj)
                0x00000000038051d0                non-virtual thunk to vex::inertial::angle(vex::rotationUnits)
 .text._ZN3vex8inertial7headingENS_13rotationUnitsE
                0x00000000038051d8        0x4 /Applications/VEXcode Pro V5.app/Contents/Resources/sdk/vexv5/libv5rt.a(vex_imu.cpp.obj)
                0x00000000038051d8                vex::inertial::heading(vex::rotationUnits)
 .text._ZThn16_N3vex8inertial7headingENS_13rotationUnitsE
                0x00000000038051dc        0x8 /Applications/VEXcode Pro V5.app/Contents/Resources/sdk/vexv5/libv5rt.a(vex_imu.cpp.obj)
                0x00000000038051dc                non-virtual thunk to vex::inertial::heading(vex::rotationUnits)
 .text._ZN3vex8inertial5valueEv
                0x00000000038051e4       0x1c /Applications/VEXcode Pro V5.app/Contents/Resources/sdk/vexv5/libv5rt.a(vex_imu.cpp.obj)
                0x00000000038051e4                vex::inertial::value()
 .text._ZN3vex8inertial8rotationENS_13rotationUnitsE
                0x0000000003805200       0x48 /Applications/VEXcode Pro V5.app/Contents/Resources/sdk/vexv5/libv5rt.a(vex_imu.cpp.obj)
                0x0000000003805200                vex::inertial::rotation(vex::rotationUnits)
 .text._ZThn16_N3vex8inertial8rotationENS_13rotationUnitsE
                0x0000000003805248        0x8 /Applications/VEXcode Pro V5.app/Contents/Resources/sdk/vexv5/libv5rt.a(vex_imu.cpp.obj)
                0x0000000003805248                non-virtual thunk to vex::inertial::rotation(vex::rotationUnits)
 .text._ZN3vex8inertial13isCalibratingEv
                0x0000000003805250       0x38 /Applications/VEXcode Pro V5.app/Contents/Resources/sdk/vexv5/libv5rt.a(vex_imu.cpp.obj)
                0x0000000003805250                vex::inertial::isCalibrating()
 .text._ZThn16_N3vex8inertial13isCalibratingEv
                0x0000000003805288        0x8 /Applications/VEXcode Pro V5.app/Contents/Resources/sdk/vexv5/libv5rt.a(vex_imu.cpp.obj)
                0x0000000003805288                non-virtual thunk to vex::inertial::isCalibrating()
 .text._ZN3vex8inertialC2ElNS_8turnTypeE
                0x0000000003805290       0x4c /Applications/VEXcode Pro V5.app/Contents/Resources/sdk/vexv5/libv5rt.a(vex_imu.cpp.obj)
                0x0000000003805290                vex::inertial::inertial(long, vex::turnType)
                0x0000000003805290                vex::inertial::inertial(long, vex::turnType)
 .text._ZN3vex8inertial13resetRotationEv
                0x00000000038052dc       0x20 /Applications/VEXcode Pro V5.app/Contents/Resources/sdk/vexv5/libv5rt.a(vex_imu.cpp.obj)
                0x00000000038052dc                vex::inertial::resetRotation()
 .text._ZN3vex8inertial16startCalibrationEl
                0x00000000038052fc       0x20 /Applications/VEXcode Pro V5.app/Contents/Resources/sdk/vexv5/libv5rt.a(vex_imu.cpp.obj)
                0x00000000038052fc                vex::inertial::startCalibration(long)
 .text._ZN3vex8inertial9calibrateEl
                0x000000000380531c        0xc /Applications/VEXcode Pro V5.app/Contents/Resources/sdk/vexv5/libv5rt.a(vex_imu.cpp.obj)
                0x000000000380531c                vex::inertial::calibrate(long)
                0x0000000003805320                non-virtual thunk to vex::inertial::calibrate(long)
 .text._ZN3vex10controllerD2Ev
                0x0000000003805328        0x4 /Applications/VEXcode Pro V5.app/Contents/Resources/sdk/vexv5/libv5rt.a(vex_controller.cpp.obj)
                0x0000000003805328                vex::controller::~controller()
                0x0000000003805328                vex::controller::~controller()
 .text._ZN3vex10controller5valueE19_V5_ControllerIndex
                0x000000000380532c        0x8 /Applications/VEXcode Pro V5.app/Contents/Resources/sdk/vexv5/libv5rt.a(vex_controller.cpp.obj)
                0x000000000380532c                vex::controller::value(_V5_ControllerIndex)
 .text._ZNK3vex10controller6button8pressingEv
                0x0000000003805334       0xc8 /Applications/VEXcode Pro V5.app/Contents/Resources/sdk/vexv5/libv5rt.a(vex_controller.cpp.obj)
                0x0000000003805334                vex::controller::button::pressing() const
 .text._ZNK3vex10controller6button7pressedEPFvvE
                0x00000000038053fc      0x108 /Applications/VEXcode Pro V5.app/Contents/Resources/sdk/vexv5/libv5rt.a(vex_controller.cpp.obj)
                0x00000000038053fc                vex::controller::button::pressed(void (*)()) const
 .text._ZNK3vex10controller6button21_buttonToPressedEventEv
                0x0000000003805504       0x20 /Applications/VEXcode Pro V5.app/Contents/Resources/sdk/vexv5/libv5rt.a(vex_controller.cpp.obj)
                0x0000000003805504                vex::controller::button::_buttonToPressedEvent() const
 .text._ZNK3vex10controller6button22_buttonToReleasedEventEv
                0x0000000003805524       0x20 /Applications/VEXcode Pro V5.app/Contents/Resources/sdk/vexv5/libv5rt.a(vex_controller.cpp.obj)
                0x0000000003805524                vex::controller::button::_buttonToReleasedEvent() const
 .text._ZN3vex10controller6buttonC2ENS0_11tButtonTypeEPS0_
                0x0000000003805544       0x48 /Applications/VEXcode Pro V5.app/Contents/Resources/sdk/vexv5/libv5rt.a(vex_controller.cpp.obj)
                0x0000000003805544                vex::controller::button::button(vex::controller::tButtonType, vex::controller*)
                0x0000000003805544                vex::controller::button::button(vex::controller::tButtonType, vex::controller*)
 .text._ZNK3vex10controller4axis5valueEv
                0x000000000380558c       0x58 /Applications/VEXcode Pro V5.app/Contents/Resources/sdk/vexv5/libv5rt.a(vex_controller.cpp.obj)
                0x000000000380558c                vex::controller::axis::value() const
 .text._ZNK3vex10controller4axis23_joystickToChangedEventEv
                0x00000000038055e4       0x20 /Applications/VEXcode Pro V5.app/Contents/Resources/sdk/vexv5/libv5rt.a(vex_controller.cpp.obj)
                0x00000000038055e4                vex::controller::axis::_joystickToChangedEvent() const
 .text._ZN3vex10controller4axisC2ENS0_9tAxisTypeEPS0_
                0x0000000003805604       0x2c /Applications/VEXcode Pro V5.app/Contents/Resources/sdk/vexv5/libv5rt.a(vex_controller.cpp.obj)
                0x0000000003805604                vex::controller::axis::axis(vex::controller::tAxisType, vex::controller*)
                0x0000000003805604                vex::controller::axis::axis(vex::controller::tAxisType, vex::controller*)
 .text._ZN3vex10controllerC2ENS_14controllerTypeE
                0x0000000003805630      0x16c /Applications/VEXcode Pro V5.app/Contents/Resources/sdk/vexv5/libv5rt.a(vex_controller.cpp.obj)
                0x0000000003805630                vex::controller::controller(vex::controllerType)
                0x0000000003805630                vex::controller::controller(vex::controllerType)
 .text._ZN3vex10controller3lcd15getControllerIdEv
                0x000000000380579c       0x10 /Applications/VEXcode Pro V5.app/Contents/Resources/sdk/vexv5/libv5rt.a(vex_controller.cpp.obj)
                0x000000000380579c                vex::controller::lcd::getControllerId()
 .text._ZN3vex10controller3lcd9setCursorEll
                0x00000000038057ac       0x40 /Applications/VEXcode Pro V5.app/Contents/Resources/sdk/vexv5/libv5rt.a(vex_controller.cpp.obj)
                0x00000000038057ac                vex::controller::lcd::setCursor(long, long)
 .text._ZN3vex10controller3lcd5printEPKcz
                0x00000000038057ec       0x80 /Applications/VEXcode Pro V5.app/Contents/Resources/sdk/vexv5/libv5rt.a(vex_controller.cpp.obj)
                0x00000000038057ec                vex::controller::lcd::print(char const*, ...)
 .text._ZN3vex10controller3lcd9clearLineEi
                0x000000000380586c       0x80 /Applications/VEXcode Pro V5.app/Contents/Resources/sdk/vexv5/libv5rt.a(vex_controller.cpp.obj)
                0x000000000380586c                vex::controller::lcd::clearLine(int)
 .text._ZN3vex10controller3lcd9clearLineEv
                0x00000000038058ec        0x8 /Applications/VEXcode Pro V5.app/Contents/Resources/sdk/vexv5/libv5rt.a(vex_controller.cpp.obj)
                0x00000000038058ec                vex::controller::lcd::clearLine()
 .text._ZN3vex11this_thread9sleep_forEm
                0x00000000038058f4        0x4 /Applications/VEXcode Pro V5.app/Contents/Resources/sdk/vexv5/libv5rt.a(vex_thread.cpp.obj)
                0x00000000038058f4                vex::this_thread::sleep_for(unsigned long)
 .text._ZN3vex5event4initEmmPFvvE
                0x00000000038058f8        0x4 /Applications/VEXcode Pro V5.app/Contents/Resources/sdk/vexv5/libv5rt.a(vex_event.cpp.obj)
                0x00000000038058f8                vex::event::init(unsigned long, unsigned long, void (*)())
 .text._ZN3vex5event4initEmmPFvPvES1_
                0x00000000038058fc        0x4 /Applications/VEXcode Pro V5.app/Contents/Resources/sdk/vexv5/libv5rt.a(vex_event.cpp.obj)
                0x00000000038058fc                vex::event::init(unsigned long, unsigned long, void (*)(void*), void*)
 .text._ZN3vex5event9userindexEv
                0x0000000003805900        0x4 /Applications/VEXcode Pro V5.app/Contents/Resources/sdk/vexv5/libv5rt.a(vex_event.cpp.obj)
                0x0000000003805900                vex::event::userindex()
 .text._ZZN3vex6meventC4EmmENUlvE_4_FUNEv
                0x0000000003805904        0x4 /Applications/VEXcode Pro V5.app/Contents/Resources/sdk/vexv5/libv5rt.a(vex_mevent.cpp.obj)
 .text._ZN3vex6meventC2Emm
                0x0000000003805908       0x70 /Applications/VEXcode Pro V5.app/Contents/Resources/sdk/vexv5/libv5rt.a(vex_mevent.cpp.obj)
                0x0000000003805908                vex::mevent::mevent(unsigned long, unsigned long)
                0x0000000003805908                vex::mevent::mevent(unsigned long, unsigned long)
 .text._ZN3vex5brain9_getIndexEv
                0x0000000003805978       0x10 /Applications/VEXcode Pro V5.app/Contents/Resources/sdk/vexv5/libv5rt.a(vex_brain.cpp.obj)
                0x0000000003805978                vex::brain::_getIndex()
 .text._ZN3vex5brain5timerENS_9timeUnitsE
                0x0000000003805988        0x8 /Applications/VEXcode Pro V5.app/Contents/Resources/sdk/vexv5/libv5rt.a(vex_brain.cpp.obj)
                0x0000000003805988                vex::brain::timer(vex::timeUnits)
 .text._ZN3vex5brain3lcd9setCursorEll
                0x0000000003805990       0x44 /Applications/VEXcode Pro V5.app/Contents/Resources/sdk/vexv5/libv5rt.a(vex_brain.cpp.obj)
                0x0000000003805990                vex::brain::lcd::setCursor(long, long)
 .text._ZN3vex5brain3lcd7setFontENS_8fontTypeE
                0x00000000038059d4      0x23c /Applications/VEXcode Pro V5.app/Contents/Resources/sdk/vexv5/libv5rt.a(vex_brain.cpp.obj)
                0x00000000038059d4                vex::brain::lcd::setFont(vex::fontType)
 .text._ZN3vex5brain3lcdC2Ev
                0x0000000003805c10       0x94 /Applications/VEXcode Pro V5.app/Contents/Resources/sdk/vexv5/libv5rt.a(vex_brain.cpp.obj)
                0x0000000003805c10                vex::brain::lcd::lcd()
                0x0000000003805c10                vex::brain::lcd::lcd()
 .text._ZN3vex5brainC2Ev
                0x0000000003805ca4       0x3c /Applications/VEXcode Pro V5.app/Contents/Resources/sdk/vexv5/libv5rt.a(vex_brain.cpp.obj)
                0x0000000003805ca4                vex::brain::brain()
                0x0000000003805ca4                vex::brain::brain()
 .text._ZN3vex5brain3lcd12_clearScreenEm
                0x0000000003805ce0       0x38 /Applications/VEXcode Pro V5.app/Contents/Resources/sdk/vexv5/libv5rt.a(vex_brain.cpp.obj)
                0x0000000003805ce0                vex::brain::lcd::_clearScreen(unsigned long)
 .text._ZN3vex5brain3lcd11clearScreenERKNS_5colorE
                0x0000000003805d18       0x20 /Applications/VEXcode Pro V5.app/Contents/Resources/sdk/vexv5/libv5rt.a(vex_brain.cpp.obj)
                0x0000000003805d18                vex::brain::lcd::clearScreen(vex::color const&)
 .text._ZN3vex5brain3lcd11clearScreenEv
                0x0000000003805d38       0x2c /Applications/VEXcode Pro V5.app/Contents/Resources/sdk/vexv5/libv5rt.a(vex_brain.cpp.obj)
                0x0000000003805d38                vex::brain::lcd::clearScreen()
 .text._ZN3vex5brain3lcd7newLineEv
                0x0000000003805d64       0x20 /Applications/VEXcode Pro V5.app/Contents/Resources/sdk/vexv5/libv5rt.a(vex_brain.cpp.obj)
                0x0000000003805d64                vex::brain::lcd::newLine()
 .text._ZN3vex5brain3lcd7pressedEPFvvE
                0x0000000003805d84       0x1c /Applications/VEXcode Pro V5.app/Contents/Resources/sdk/vexv5/libv5rt.a(vex_brain.cpp.obj)
                0x0000000003805d84                vex::brain::lcd::pressed(void (*)())
 .text._ZN3vex5brain3lcd10rowToPixelEl
                0x0000000003805da0       0x34 /Applications/VEXcode Pro V5.app/Contents/Resources/sdk/vexv5/libv5rt.a(vex_brain.cpp.obj)
                0x0000000003805da0                vex::brain::lcd::rowToPixel(long)
 .text._ZN3vex5brain3lcd9clearLineEi
                0x0000000003805dd4       0x5c /Applications/VEXcode Pro V5.app/Contents/Resources/sdk/vexv5/libv5rt.a(vex_brain.cpp.obj)
                0x0000000003805dd4                vex::brain::lcd::clearLine(int)
 .text._ZN3vex5brain3lcd5printEPKcz
                0x0000000003805e30       0xb8 /Applications/VEXcode Pro V5.app/Contents/Resources/sdk/vexv5/libv5rt.a(vex_brain.cpp.obj)
                0x0000000003805e30                vex::brain::lcd::print(char const*, ...)
 .text._ZN3vex5brainD2Ev
                0x0000000003805ee8       0x20 /Applications/VEXcode Pro V5.app/Contents/Resources/sdk/vexv5/libv5rt.a(vex_brain.cpp.obj)
                0x0000000003805ee8                vex::brain::~brain()
                0x0000000003805ee8                vex::brain::~brain()
 .text._ZN3vex11competition8_disableEPv
                0x0000000003805f08       0xa4 /Applications/VEXcode Pro V5.app/Contents/Resources/sdk/vexv5/libv5rt.a(vex_competition.cpp.obj)
                0x0000000003805f08                vex::competition::_disable(void*)
 .text._ZN3vex11competition11_autonomousEv
                0x0000000003805fac       0x80 /Applications/VEXcode Pro V5.app/Contents/Resources/sdk/vexv5/libv5rt.a(vex_competition.cpp.obj)
                0x0000000003805fac                vex::competition::_autonomous()
 .text._ZN3vex11competition14_drivercontrolEv
                0x000000000380602c       0x80 /Applications/VEXcode Pro V5.app/Contents/Resources/sdk/vexv5/libv5rt.a(vex_competition.cpp.obj)
                0x000000000380602c                vex::competition::_drivercontrol()
 .text._ZN3vex11competitionC2Ev
                0x00000000038060ac      0x13c /Applications/VEXcode Pro V5.app/Contents/Resources/sdk/vexv5/libv5rt.a(vex_competition.cpp.obj)
                0x00000000038060ac                vex::competition::competition()
                0x00000000038060ac                vex::competition::competition()
 .text._ZN3vex11competitionD2Ev
                0x00000000038061e8        0x4 /Applications/VEXcode Pro V5.app/Contents/Resources/sdk/vexv5/libv5rt.a(vex_competition.cpp.obj)
                0x00000000038061e8                vex::competition::~competition()
                0x00000000038061e8                vex::competition::~competition()
 .text._ZN3vex11competition10autonomousEPFvvE
                0x00000000038061ec       0x44 /Applications/VEXcode Pro V5.app/Contents/Resources/sdk/vexv5/libv5rt.a(vex_competition.cpp.obj)
                0x00000000038061ec                vex::competition::autonomous(void (*)())
 .text._ZN3vex11competition13drivercontrolEPFvvE
                0x0000000003806230       0x44 /Applications/VEXcode Pro V5.app/Contents/Resources/sdk/vexv5/libv5rt.a(vex_competition.cpp.obj)
                0x0000000003806230                vex::competition::drivercontrol(void (*)())
 .text._ZN3vex7triportD2Ev
                0x0000000003806274       0x38 /Applications/VEXcode Pro V5.app/Contents/Resources/sdk/vexv5/libv5rt.a(vex_triport.cpp.obj)
                0x0000000003806274                vex::triport::~triport()
                0x0000000003806274                vex::triport::~triport()
 .text._ZN3vex7triportD0Ev
                0x00000000038062ac       0x1c /Applications/VEXcode Pro V5.app/Contents/Resources/sdk/vexv5/libv5rt.a(vex_triport.cpp.obj)
                0x00000000038062ac                vex::triport::~triport()
 .text._ZN3vex7triport9installedEv
                0x00000000038062c8       0x18 /Applications/VEXcode Pro V5.app/Contents/Resources/sdk/vexv5/libv5rt.a(vex_triport.cpp.obj)
                0x00000000038062c8                vex::triport::installed()
 .text._ZN3vex7triport4portC2ElPS0_
                0x00000000038062e0       0x74 /Applications/VEXcode Pro V5.app/Contents/Resources/sdk/vexv5/libv5rt.a(vex_triport.cpp.obj)
                0x00000000038062e0                vex::triport::port::port(long, vex::triport*)
                0x00000000038062e0                vex::triport::port::port(long, vex::triport*)
 .text._ZN3vex7triportC2El
                0x0000000003806354       0xf0 /Applications/VEXcode Pro V5.app/Contents/Resources/sdk/vexv5/libv5rt.a(vex_triport.cpp.obj)
                0x0000000003806354                vex::triport::triport(long)
                0x0000000003806354                vex::triport::triport(long)
 .text._ZN3vex7triport4port4typeENS_11triportTypeE
                0x0000000003806444       0x30 /Applications/VEXcode Pro V5.app/Contents/Resources/sdk/vexv5/libv5rt.a(vex_triport.cpp.obj)
                0x0000000003806444                vex::triport::port::type(vex::triportType)
 .text._ZN3vex7triport4port4typeEv
                0x0000000003806474       0x38 /Applications/VEXcode Pro V5.app/Contents/Resources/sdk/vexv5/libv5rt.a(vex_triport.cpp.obj)
                0x0000000003806474                vex::triport::port::type()
 .text._ZN3vex7triport4port5valueEv
                0x00000000038064ac       0x14 /Applications/VEXcode Pro V5.app/Contents/Resources/sdk/vexv5/libv5rt.a(vex_triport.cpp.obj)
                0x00000000038064ac                vex::triport::port::value()
 .text._ZN3vex7triport4port5valueEl
                0x00000000038064c0       0x18 /Applications/VEXcode Pro V5.app/Contents/Resources/sdk/vexv5/libv5rt.a(vex_triport.cpp.obj)
                0x00000000038064c0                vex::triport::port::value(long)
 .text._ZN3vex11__trideviceC2ERNS_7triport4portENS_11triportTypeE
                0x00000000038064d8       0x5c /Applications/VEXcode Pro V5.app/Contents/Resources/sdk/vexv5/libv5rt.a(vex_triport.cpp.obj)
                0x00000000038064d8                vex::__tridevice::__tridevice(vex::triport::port&, vex::triportType)
                0x00000000038064d8                vex::__tridevice::__tridevice(vex::triport::port&, vex::triportType)
 .text._ZN3vex6bumperC2ERNS_7triport4portE
                0x0000000003806534       0x28 /Applications/VEXcode Pro V5.app/Contents/Resources/sdk/vexv5/libv5rt.a(vex_triport.cpp.obj)
                0x0000000003806534                vex::bumper::bumper(vex::triport::port&)
                0x0000000003806534                vex::bumper::bumper(vex::triport::port&)
 .text._ZN3vex6bumperD2Ev
                0x000000000380655c        0x4 /Applications/VEXcode Pro V5.app/Contents/Resources/sdk/vexv5/libv5rt.a(vex_triport.cpp.obj)
                0x000000000380655c                vex::bumper::~bumper()
                0x000000000380655c                vex::bumper::~bumper()
 .text._ZN3vex6bumper5valueEv
                0x0000000003806560        0x8 /Applications/VEXcode Pro V5.app/Contents/Resources/sdk/vexv5/libv5rt.a(vex_triport.cpp.obj)
                0x0000000003806560                vex::bumper::value()
 .text._ZN3vex11digital_outC2ERNS_7triport4portE
                0x0000000003806568       0x18 /Applications/VEXcode Pro V5.app/Contents/Resources/sdk/vexv5/libv5rt.a(vex_triport.cpp.obj)
                0x0000000003806568                vex::digital_out::digital_out(vex::triport::port&)
                0x0000000003806568                vex::digital_out::digital_out(vex::triport::port&)
 .text._ZN3vex11digital_out3setEb
                0x0000000003806580        0x8 /Applications/VEXcode Pro V5.app/Contents/Resources/sdk/vexv5/libv5rt.a(vex_triport.cpp.obj)
                0x0000000003806580                vex::digital_out::set(bool)
 .text._ZN3vex10pneumaticsC2ERNS_7triport4portE
                0x0000000003806588       0x14 /Applications/VEXcode Pro V5.app/Contents/Resources/sdk/vexv5/libv5rt.a(vex_triport.cpp.obj)
                0x0000000003806588                vex::pneumatics::pneumatics(vex::triport::port&)
                0x0000000003806588                vex::pneumatics::pneumatics(vex::triport::port&)
 .text._ZN3vex10pneumaticsD2Ev
                0x000000000380659c        0x4 /Applications/VEXcode Pro V5.app/Contents/Resources/sdk/vexv5/libv5rt.a(vex_triport.cpp.obj)
                0x000000000380659c                vex::pneumatics::~pneumatics()
                0x000000000380659c                vex::pneumatics::~pneumatics()
 .text._ZN3vex10pneumatics4openEv
                0x00000000038065a0        0x8 /Applications/VEXcode Pro V5.app/Contents/Resources/sdk/vexv5/libv5rt.a(vex_triport.cpp.obj)
                0x00000000038065a0                vex::pneumatics::open()
 .text._ZN3vex10pneumatics5closeEv
                0x00000000038065a8        0x8 /Applications/VEXcode Pro V5.app/Contents/Resources/sdk/vexv5/libv5rt.a(vex_triport.cpp.obj)
                0x00000000038065a8                vex::pneumatics::close()
 .text._ZN3vex5colorD2Ev
                0x00000000038065b0        0x4 /Applications/VEXcode Pro V5.app/Contents/Resources/sdk/vexv5/libv5rt.a(vex_color.cpp.obj)
                0x00000000038065b0                vex::color::~color()
                0x00000000038065b0                vex::color::~color()
 .text._ZNK3vex5colorcvmEv
                0x00000000038065b4        0x8 /Applications/VEXcode Pro V5.app/Contents/Resources/sdk/vexv5/libv5rt.a(vex_color.cpp.obj)
                0x00000000038065b4                vex::color::operator unsigned long() const
 .text.startup._GLOBAL__sub_I__ZN3vex5color5blackE
                0x00000000038065bc      0x164 /Applications/VEXcode Pro V5.app/Contents/Resources/sdk/vexv5/libv5rt.a(vex_color.cpp.obj)
 .text._ZN3vex5timerD2Ev
                0x0000000003806720        0x4 /Applications/VEXcode Pro V5.app/Contents/Resources/sdk/vexv5/libv5rt.a(vex_timer.cpp.obj)
                0x0000000003806720                vex::timer::~timer()
                0x0000000003806720                vex::timer::~timer()
 .text._ZN3vex5timer5clearEv
                0x0000000003806724       0x1c /Applications/VEXcode Pro V5.app/Contents/Resources/sdk/vexv5/libv5rt.a(vex_timer.cpp.obj)
                0x0000000003806724                vex::timer::clear()
 .text._ZN3vex5timerC2Ev
                0x0000000003806740       0x14 /Applications/VEXcode Pro V5.app/Contents/Resources/sdk/vexv5/libv5rt.a(vex_timer.cpp.obj)
                0x0000000003806740                vex::timer::timer()
                0x0000000003806740                vex::timer::timer()
 *fill*         0x0000000003806754        0x4 
 .text._ZNK3vex5timer4timeENS_9timeUnitsE
                0x0000000003806758       0x40 /Applications/VEXcode Pro V5.app/Contents/Resources/sdk/vexv5/libv5rt.a(vex_timer.cpp.obj)
                0x0000000003806758                vex::timer::time(vex::timeUnits) const
 .text._ZN3vex5timer6systemEv
                0x0000000003806798        0x4 /Applications/VEXcode Pro V5.app/Contents/Resources/sdk/vexv5/libv5rt.a(vex_timer.cpp.obj)
                0x0000000003806798                vex::timer::system()
 .text.vexAdiPortConfigSet
                0x000000000380679c       0x28 /Applications/VEXcode Pro V5.app/Contents/Resources/sdk/vexv5/libv5rt.a(v5_apiuser.c.obj)
                0x000000000380679c                vexAdiPortConfigSet
 .text.vexAdiPortConfigGet
                0x00000000038067c4       0x28 /Applications/VEXcode Pro V5.app/Contents/Resources/sdk/vexv5/libv5rt.a(v5_apiuser.c.obj)
                0x00000000038067c4                vexAdiPortConfigGet
 .text.vexAdiValueSet
                0x00000000038067ec       0x28 /Applications/VEXcode Pro V5.app/Contents/Resources/sdk/vexv5/libv5rt.a(v5_apiuser.c.obj)
                0x00000000038067ec                vexAdiValueSet
 .text.vexAdiValueGet
                0x0000000003806814       0x20 /Applications/VEXcode Pro V5.app/Contents/Resources/sdk/vexv5/libv5rt.a(v5_apiuser.c.obj)
                0x0000000003806814                vexAdiValueGet
 .text.vexMotorVelocitySet
                0x0000000003806834       0x20 /Applications/VEXcode Pro V5.app/Contents/Resources/sdk/vexv5/libv5rt.a(v5_apiuser.c.obj)
                0x0000000003806834                vexMotorVelocitySet
 .text.vexMotorVoltageSet
                0x0000000003806854       0x20 /Applications/VEXcode Pro V5.app/Contents/Resources/sdk/vexv5/libv5rt.a(v5_apiuser.c.obj)
                0x0000000003806854                vexMotorVoltageSet
 .text.vexMotorActualVelocityGet
                0x0000000003806874       0x24 /Applications/VEXcode Pro V5.app/Contents/Resources/sdk/vexv5/libv5rt.a(v5_apiuser.c.obj)
                0x0000000003806874                vexMotorActualVelocityGet
 .text.vexMotorReverseFlagSet
                0x0000000003806898       0x20 /Applications/VEXcode Pro V5.app/Contents/Resources/sdk/vexv5/libv5rt.a(v5_apiuser.c.obj)
                0x0000000003806898                vexMotorReverseFlagSet
 .text.vexMotorEncoderUnitsSet
                0x00000000038068b8       0x20 /Applications/VEXcode Pro V5.app/Contents/Resources/sdk/vexv5/libv5rt.a(v5_apiuser.c.obj)
                0x00000000038068b8                vexMotorEncoderUnitsSet
 .text.vexMotorBrakeModeSet
                0x00000000038068d8       0x20 /Applications/VEXcode Pro V5.app/Contents/Resources/sdk/vexv5/libv5rt.a(v5_apiuser.c.obj)
                0x00000000038068d8                vexMotorBrakeModeSet
 .text.vexMotorPositionSet
                0x00000000038068f8       0x28 /Applications/VEXcode Pro V5.app/Contents/Resources/sdk/vexv5/libv5rt.a(v5_apiuser.c.obj)
                0x00000000038068f8                vexMotorPositionSet
 .text.vexMotorPositionGet
                0x0000000003806920       0x24 /Applications/VEXcode Pro V5.app/Contents/Resources/sdk/vexv5/libv5rt.a(v5_apiuser.c.obj)
                0x0000000003806920                vexMotorPositionGet
 .text.vexMotorGearingSet
                0x0000000003806944       0x20 /Applications/VEXcode Pro V5.app/Contents/Resources/sdk/vexv5/libv5rt.a(v5_apiuser.c.obj)
                0x0000000003806944                vexMotorGearingSet
 .text.vexMotorGearingGet
                0x0000000003806964       0x18 /Applications/VEXcode Pro V5.app/Contents/Resources/sdk/vexv5/libv5rt.a(v5_apiuser.c.obj)
                0x0000000003806964                vexMotorGearingGet
 .text.vexVisionModeSet
                0x000000000380697c       0x20 /Applications/VEXcode Pro V5.app/Contents/Resources/sdk/vexv5/libv5rt.a(v5_apiuser.c.obj)
                0x000000000380697c                vexVisionModeSet
 .text.vexVisionObjectCountGet
                0x000000000380699c       0x18 /Applications/VEXcode Pro V5.app/Contents/Resources/sdk/vexv5/libv5rt.a(v5_apiuser.c.obj)
                0x000000000380699c                vexVisionObjectCountGet
 .text.vexVisionObjectGet
                0x00000000038069b4       0x28 /Applications/VEXcode Pro V5.app/Contents/Resources/sdk/vexv5/libv5rt.a(v5_apiuser.c.obj)
                0x00000000038069b4                vexVisionObjectGet
 .text.vexVisionSignatureSet
                0x00000000038069dc       0x20 /Applications/VEXcode Pro V5.app/Contents/Resources/sdk/vexv5/libv5rt.a(v5_apiuser.c.obj)
                0x00000000038069dc                vexVisionSignatureSet
 .text.vexVisionBrightnessSet
                0x00000000038069fc       0x20 /Applications/VEXcode Pro V5.app/Contents/Resources/sdk/vexv5/libv5rt.a(v5_apiuser.c.obj)
                0x00000000038069fc                vexVisionBrightnessSet
 .text.vexVisionLedModeSet
                0x0000000003806a1c       0x20 /Applications/VEXcode Pro V5.app/Contents/Resources/sdk/vexv5/libv5rt.a(v5_apiuser.c.obj)
                0x0000000003806a1c                vexVisionLedModeSet
 .text.vexVisionLedColorSet
                0x0000000003806a3c       0x2c /Applications/VEXcode Pro V5.app/Contents/Resources/sdk/vexv5/libv5rt.a(v5_apiuser.c.obj)
                0x0000000003806a3c                vexVisionLedColorSet
 .text.vexImuReset
                0x0000000003806a68       0x10 /Applications/VEXcode Pro V5.app/Contents/Resources/sdk/vexv5/libv5rt.a(v5_apiuser.c.obj)
                0x0000000003806a68                vexImuReset
 .text.vexImuHeadingGet
                0x0000000003806a78       0x10 /Applications/VEXcode Pro V5.app/Contents/Resources/sdk/vexv5/libv5rt.a(v5_apiuser.c.obj)
                0x0000000003806a78                vexImuHeadingGet
 .text.vexImuDegreesGet
                0x0000000003806a88       0x10 /Applications/VEXcode Pro V5.app/Contents/Resources/sdk/vexv5/libv5rt.a(v5_apiuser.c.obj)
                0x0000000003806a88                vexImuDegreesGet
 .text.vexImuStatusGet
                0x0000000003806a98       0x10 /Applications/VEXcode Pro V5.app/Contents/Resources/sdk/vexv5/libv5rt.a(v5_apiuser.c.obj)
                0x0000000003806a98                vexImuStatusGet
 .text.vexEventMaskSet
                0x0000000003806aa8       0x28 /Applications/VEXcode Pro V5.app/Contents/Resources/sdk/vexv5/libv5rt.a(v5_apiuser.c.obj)
                0x0000000003806aa8                vexEventMaskSet
 .text.vexEventMaskGet
                0x0000000003806ad0       0x18 /Applications/VEXcode Pro V5.app/Contents/Resources/sdk/vexv5/libv5rt.a(v5_apiuser.c.obj)
                0x0000000003806ad0                vexEventMaskGet
 .text._ZN3vex6deviceD2Ev
                0x0000000003806ae8        0x4 /Applications/VEXcode Pro V5.app/Contents/Resources/sdk/vexv5/libv5rt.a(vex_device.cpp.obj)
                0x0000000003806ae8                vex::device::~device()
                0x0000000003806ae8                vex::device::~device()
 .text._ZN3vex6device5valueEv
                0x0000000003806aec        0x8 /Applications/VEXcode Pro V5.app/Contents/Resources/sdk/vexv5/libv5rt.a(vex_device.cpp.obj)
                0x0000000003806aec                vex::device::value()
 .text._ZN3vex6deviceD0Ev
                0x0000000003806af4       0x14 /Applications/VEXcode Pro V5.app/Contents/Resources/sdk/vexv5/libv5rt.a(vex_device.cpp.obj)
                0x0000000003806af4                vex::device::~device()
 .text._ZN3vex6device4initEl
                0x0000000003806b08       0x30 /Applications/VEXcode Pro V5.app/Contents/Resources/sdk/vexv5/libv5rt.a(vex_device.cpp.obj)
                0x0000000003806b08                vex::device::init(long)
 .text._ZN3vex6deviceC2El
                0x0000000003806b38       0x20 /Applications/VEXcode Pro V5.app/Contents/Resources/sdk/vexv5/libv5rt.a(vex_device.cpp.obj)
                0x0000000003806b38                vex::device::device(long)
                0x0000000003806b38                vex::device::device(long)
 .text._ZN3vex6device4typeEv
                0x0000000003806b58       0x10 /Applications/VEXcode Pro V5.app/Contents/Resources/sdk/vexv5/libv5rt.a(vex_device.cpp.obj)
                0x0000000003806b58                vex::device::type()
 .text._ZN3vex6device9installedEv
                0x0000000003806b68       0x14 /Applications/VEXcode Pro V5.app/Contents/Resources/sdk/vexv5/libv5rt.a(vex_device.cpp.obj)
                0x0000000003806b68                vex::device::installed()
 .text._ZN3vex4taskC2EPFivE
                0x0000000003806b7c       0x5c /Applications/VEXcode Pro V5.app/Contents/Resources/sdk/vexv5/libv5rt.a(vex_task.cpp.obj)
                0x0000000003806b7c                vex::task::task(int (*)())
                0x0000000003806b7c                vex::task::task(int (*)())
 .text._ZN3vex4taskD2Ev
                0x0000000003806bd8        0x4 /Applications/VEXcode Pro V5.app/Contents/Resources/sdk/vexv5/libv5rt.a(vex_task.cpp.obj)
                0x0000000003806bd8                vex::task::~task()
                0x0000000003806bd8                vex::task::~task()
 .text._ZN3vex4task4stopEPvi
                0x0000000003806bdc       0x1c /Applications/VEXcode Pro V5.app/Contents/Resources/sdk/vexv5/libv5rt.a(vex_task.cpp.obj)
                0x0000000003806bdc                vex::task::stop(void*, int)
 .text._ZN3vex4task6_indexEPFivE
                0x0000000003806bf8       0x14 /Applications/VEXcode Pro V5.app/Contents/Resources/sdk/vexv5/libv5rt.a(vex_task.cpp.obj)
                0x0000000003806bf8                vex::task::_index(int (*)())
 .text._ZN3vex4task8_stopAllEv
                0x0000000003806c0c       0x3c /Applications/VEXcode Pro V5.app/Contents/Resources/sdk/vexv5/libv5rt.a(vex_task.cpp.obj)
                0x0000000003806c0c                vex::task::_stopAll()
 .text.__aeabi_memclr
                0x0000000003806c48        0x8 /Applications/VEXcode Pro V5.app/Contents/Resources/sdk/vexv5/gcc/libs/libc.a(lib_a-aeabi_memclr.o)
                0x0000000003806c48                __aeabi_memclr8
                0x0000000003806c48                __aeabi_memclr4
                0x0000000003806c48                __aeabi_memclr
 .text.__aeabi_memcpy
                0x0000000003806c50        0x4 /Applications/VEXcode Pro V5.app/Contents/Resources/sdk/vexv5/gcc/libs/libc.a(lib_a-aeabi_memcpy.o)
                0x0000000003806c50                __aeabi_memcpy4
                0x0000000003806c50                __aeabi_memcpy
                0x0000000003806c50                __aeabi_memcpy8
 .text.__libc_fini_array
                0x0000000003806c54       0x30 /Applications/VEXcode Pro V5.app/Contents/Resources/sdk/vexv5/gcc/libs/libc.a(lib_a-fini.o)
                0x0000000003806c54                __libc_fini_array
 .text.__libc_init_array
                0x0000000003806c84       0x58 /Applications/VEXcode Pro V5.app/Contents/Resources/sdk/vexv5/gcc/libs/libc.a(lib_a-init.o)
                0x0000000003806c84                __libc_init_array
 .text.memcpy   0x0000000003806cdc       0xa8 /Applications/VEXcode Pro V5.app/Contents/Resources/sdk/vexv5/gcc/libs/libc.a(lib_a-memcpy.o)
                0x0000000003806cdc                memcpy
 *fill*         0x0000000003806d84        0x4 
 .text.memcpy.__stub
                0x0000000003806d88       0x18 linker stubs
 *(.gnu.linkonce.t.*)
 *(.plt)
 *(.gnu_warning)
 *(.gcc_except_table)
 *(.glue_7)
 .glue_7        0x0000000003806da0        0x0 linker stubs
 *(.glue_7t)
 .glue_7t       0x0000000003806da0        0x0 linker stubs
 *(.vfp11_veneer)
 .vfp11_veneer  0x0000000003806da0        0x0 linker stubs
 *(.ARM.extab)
 *(.gnu.linkonce.armextab.*)

.v4_bx          0x0000000003806da0        0x0
 .v4_bx         0x0000000003806da0        0x0 linker stubs

.iplt           0x0000000003806da0        0x0
 .iplt          0x0000000003806da0        0x0 build/src/AutonSupport.o

.init
 *(.init)

.fini
 *(.fini)

.rodata         0x0000000003806da0      0x380
                0x0000000003806da0                __rodata_start = .
 *(.rodata)
 *(.rodata.*)
 .rodata.str1.1
                0x0000000003806da0        0xf build/src/AutonSupport.o
 *fill*         0x0000000003806daf        0x1 
 .rodata.str1.8
                0x0000000003806db0       0xa0 build/src/AutonSupport.o
                                         0x9d (size before relaxing)
 .rodata.str1.1
                0x0000000003806e50       0x6d build/src/DriveFunctions.o
 .rodata.str1.1
                0x0000000003806ebd       0x3c build/src/PID.o
                                         0x47 (size before relaxing)
 .rodata.str1.1
                0x0000000003806ef9       0x2c build/src/main.o
                                         0x2f (size before relaxing)
 .rodata.str1.1
                0x0000000003806f25       0x2e /Applications/VEXcode Pro V5.app/Contents/Resources/sdk/vexv5/libv5rt.a(v5_startup.c.obj)
 *fill*         0x0000000003806f53        0x1 
 .rodata._ZN3vex3revE
                0x0000000003806f54        0x4 /Applications/VEXcode Pro V5.app/Contents/Resources/sdk/vexv5/libv5rt.a(vex_global.cpp.obj)
                0x0000000003806f54                vex::rev
 .rodata._ZN3vex3fwdE
                0x0000000003806f58        0x4 /Applications/VEXcode Pro V5.app/Contents/Resources/sdk/vexv5/libv5rt.a(vex_global.cpp.obj)
                0x0000000003806f58                vex::fwd
 .rodata._ZN3vex5PORT3E
                0x0000000003806f5c        0x4 /Applications/VEXcode Pro V5.app/Contents/Resources/sdk/vexv5/libv5rt.a(vex_global.cpp.obj)
                0x0000000003806f5c                vex::PORT3
 .rodata._ZN3vex5PORT1E
                0x0000000003806f60        0x4 /Applications/VEXcode Pro V5.app/Contents/Resources/sdk/vexv5/libv5rt.a(vex_global.cpp.obj)
                0x0000000003806f60                vex::PORT1
 .rodata._ZN3vex7reverseE
                0x0000000003806f64        0x4 /Applications/VEXcode Pro V5.app/Contents/Resources/sdk/vexv5/libv5rt.a(vex_global.cpp.obj)
                0x0000000003806f64                vex::reverse
 .rodata._ZN3vex6PORT10E
                0x0000000003806f68        0x4 /Applications/VEXcode Pro V5.app/Contents/Resources/sdk/vexv5/libv5rt.a(vex_global.cpp.obj)
                0x0000000003806f68                vex::PORT10
 .rodata._ZN3vex5PORT5E
                0x0000000003806f6c        0x4 /Applications/VEXcode Pro V5.app/Contents/Resources/sdk/vexv5/libv5rt.a(vex_global.cpp.obj)
                0x0000000003806f6c                vex::PORT5
 .rodata._ZN3vex7forwardE
                0x0000000003806f70        0x4 /Applications/VEXcode Pro V5.app/Contents/Resources/sdk/vexv5/libv5rt.a(vex_global.cpp.obj)
                0x0000000003806f70                vex::forward
 .rodata._ZN3vex3pctE
                0x0000000003806f74        0x4 /Applications/VEXcode Pro V5.app/Contents/Resources/sdk/vexv5/libv5rt.a(vex_global.cpp.obj)
                0x0000000003806f74                vex::pct
 .rodata._ZN3vex4msecE
                0x0000000003806f78        0x4 /Applications/VEXcode Pro V5.app/Contents/Resources/sdk/vexv5/libv5rt.a(vex_global.cpp.obj)
                0x0000000003806f78                vex::msec
 .rodata._ZN3vex9ratio36_1E
                0x0000000003806f7c        0x4 /Applications/VEXcode Pro V5.app/Contents/Resources/sdk/vexv5/libv5rt.a(vex_global.cpp.obj)
                0x0000000003806f7c                vex::ratio36_1
 .rodata._ZN3vex5PORT9E
                0x0000000003806f80        0x4 /Applications/VEXcode Pro V5.app/Contents/Resources/sdk/vexv5/libv5rt.a(vex_global.cpp.obj)
                0x0000000003806f80                vex::PORT9
 .rodata._ZN3vex5PORT2E
                0x0000000003806f84        0x4 /Applications/VEXcode Pro V5.app/Contents/Resources/sdk/vexv5/libv5rt.a(vex_global.cpp.obj)
                0x0000000003806f84                vex::PORT2
 .rodata._ZN3vex3rpmE
                0x0000000003806f88        0x4 /Applications/VEXcode Pro V5.app/Contents/Resources/sdk/vexv5/libv5rt.a(vex_global.cpp.obj)
                0x0000000003806f88                vex::rpm
 .rodata._ZN3vex5PORT6E
                0x0000000003806f8c        0x4 /Applications/VEXcode Pro V5.app/Contents/Resources/sdk/vexv5/libv5rt.a(vex_global.cpp.obj)
                0x0000000003806f8c                vex::PORT6
 .rodata._ZN3vex7primaryE
                0x0000000003806f90        0x4 /Applications/VEXcode Pro V5.app/Contents/Resources/sdk/vexv5/libv5rt.a(vex_global.cpp.obj)
                0x0000000003806f90                vex::primary
 .rodata._ZN3vex6PORT22E
                0x0000000003806f94        0x4 /Applications/VEXcode Pro V5.app/Contents/Resources/sdk/vexv5/libv5rt.a(vex_global.cpp.obj)
                0x0000000003806f94                vex::PORT22
 .rodata._ZN3vex4holdE
                0x0000000003806f98        0x4 /Applications/VEXcode Pro V5.app/Contents/Resources/sdk/vexv5/libv5rt.a(vex_global.cpp.obj)
                0x0000000003806f98                vex::hold
 .rodata._ZN3vex5PORT7E
                0x0000000003806f9c        0x4 /Applications/VEXcode Pro V5.app/Contents/Resources/sdk/vexv5/libv5rt.a(vex_global.cpp.obj)
                0x0000000003806f9c                vex::PORT7
 .rodata._ZN3vex8ratio6_1E
                0x0000000003806fa0        0x4 /Applications/VEXcode Pro V5.app/Contents/Resources/sdk/vexv5/libv5rt.a(vex_global.cpp.obj)
                0x0000000003806fa0                vex::ratio6_1
 .rodata._ZN3vex5coastE
                0x0000000003806fa4        0x4 /Applications/VEXcode Pro V5.app/Contents/Resources/sdk/vexv5/libv5rt.a(vex_global.cpp.obj)
                0x0000000003806fa4                vex::coast
 .rodata._ZN3vex5PORT4E
                0x0000000003806fa8        0x4 /Applications/VEXcode Pro V5.app/Contents/Resources/sdk/vexv5/libv5rt.a(vex_global.cpp.obj)
                0x0000000003806fa8                vex::PORT4
 .rodata._ZN3vex5PORT8E
                0x0000000003806fac        0x4 /Applications/VEXcode Pro V5.app/Contents/Resources/sdk/vexv5/libv5rt.a(vex_global.cpp.obj)
                0x0000000003806fac                vex::PORT8
 .rodata._ZN3vex9ratio18_1E
                0x0000000003806fb0        0x4 /Applications/VEXcode Pro V5.app/Contents/Resources/sdk/vexv5/libv5rt.a(vex_global.cpp.obj)
                0x0000000003806fb0                vex::ratio18_1
 *fill*         0x0000000003806fb4        0x4 
 .rodata._ZTVN3vex5motorE
                0x0000000003806fb8       0x18 /Applications/VEXcode Pro V5.app/Contents/Resources/sdk/vexv5/libv5rt.a(vex_motor.cpp.obj)
                0x0000000003806fb8                vtable for vex::motor
 .rodata._ZTVN3vex6visionE
                0x0000000003806fd0       0x18 /Applications/VEXcode Pro V5.app/Contents/Resources/sdk/vexv5/libv5rt.a(vex_vision.cpp.obj)
                0x0000000003806fd0                vtable for vex::vision
 .rodata._ZTVN3vex8inertialE
                0x0000000003806fe8       0x68 /Applications/VEXcode Pro V5.app/Contents/Resources/sdk/vexv5/libv5rt.a(vex_imu.cpp.obj)
                0x0000000003806fe8                vtable for vex::inertial
 .rodata.str1.1
                0x0000000003807050       0x1f /Applications/VEXcode Pro V5.app/Contents/Resources/sdk/vexv5/libv5rt.a(vex_controller.cpp.obj)
                                         0x20 (size before relaxing)
 .rodata.CSWTCH.16
                0x000000000380706f        0xb /Applications/VEXcode Pro V5.app/Contents/Resources/sdk/vexv5/libv5rt.a(vex_controller.cpp.obj)
 .rodata.CSWTCH.18
                0x000000000380707a        0xb /Applications/VEXcode Pro V5.app/Contents/Resources/sdk/vexv5/libv5rt.a(vex_controller.cpp.obj)
 .rodata.CSWTCH.24
                0x0000000003807085        0x3 /Applications/VEXcode Pro V5.app/Contents/Resources/sdk/vexv5/libv5rt.a(vex_controller.cpp.obj)
 .rodata.str1.1
                0x0000000003807088       0x2d /Applications/VEXcode Pro V5.app/Contents/Resources/sdk/vexv5/libv5rt.a(vex_brain.cpp.obj)
 .rodata.CSWTCH.36
                0x00000000038070b5       0x10 /Applications/VEXcode Pro V5.app/Contents/Resources/sdk/vexv5/libv5rt.a(vex_triport.cpp.obj)
 *fill*         0x00000000038070c5        0x3 
 .rodata._ZTVN3vex7triportE
                0x00000000038070c8       0x18 /Applications/VEXcode Pro V5.app/Contents/Resources/sdk/vexv5/libv5rt.a(vex_triport.cpp.obj)
                0x00000000038070c8                vtable for vex::triport
 .rodata.CSWTCH.31
                0x00000000038070e0        0xe /Applications/VEXcode Pro V5.app/Contents/Resources/sdk/vexv5/libv5rt.a(vex_triport.cpp.obj)
 *fill*         0x00000000038070ee        0x2 
 .rodata._ZTVN3vex6deviceE
                0x00000000038070f0       0x18 /Applications/VEXcode Pro V5.app/Contents/Resources/sdk/vexv5/libv5rt.a(vex_device.cpp.obj)
                0x00000000038070f0                vtable for vex::device
 .rodata.str1.1
                0x0000000003807108       0x14 /Applications/VEXcode Pro V5.app/Contents/Resources/sdk/vexv5/libv5rt.a(vex_task.cpp.obj)
 .rodata.str1.4
                0x000000000380711c        0x4 /Applications/VEXcode Pro V5.app/Contents/Resources/sdk/vexv5/gcc/libs/libc.a(lib_a-impure.o)
                                          0x2 (size before relaxing)
 *(.gnu.linkonce.r.*)
                0x0000000003807120                __rodata_end = .

.rodata1        0x0000000003807120        0x0
                0x0000000003807120                __rodata1_start = .
 *(.rodata1)
 *(.rodata1.*)
                0x0000000003807120                __rodata1_end = .

.sdata2         0x0000000003807120        0x0
                0x0000000003807120                __sdata2_start = .
 *(.sdata2)
 *(.sdata2.*)
 *(.gnu.linkonce.s2.*)
                0x0000000003807120                __sdata2_end = .

.sbss2          0x0000000003807120        0x0
                0x0000000003807120                __sbss2_start = .
 *(.sbss2)
 *(.sbss2.*)
 *(.gnu.linkonce.sb2.*)
                0x0000000003807120                __sbss2_end = .

.data           0x0000000003807120      0x544
                0x0000000003807120                __data_start = .
 *(.data)
 *(.data.*)
 .data.state_name
                0x0000000003807120        0x5 build/src/AutonSupport.o
                0x0000000003807120                state_name
 *fill*         0x0000000003807125        0x3 
 .data._ZL12lin_slewRate
                0x0000000003807128        0x8 build/src/DriveFunctions.o
 .data._ZL9lin_minDT
                0x0000000003807130        0x4 build/src/DriveFunctions.o
 *fill*         0x0000000003807134        0x4 
 .data._ZL12rot_slewRate
                0x0000000003807138        0x8 build/src/DriveFunctions.o
 .data._ZL9rot_minDT
                0x0000000003807140        0x4 build/src/DriveFunctions.o
 *fill*         0x0000000003807144        0x4 
 .data.flyWheelPID
                0x0000000003807148       0xb8 build/src/main.o
                0x0000000003807148                flyWheelPID
 .data.flywheelSpeeds
                0x0000000003807200       0x22 build/src/main.o
                0x0000000003807200                flywheelSpeeds
 .data.speedSelector
                0x0000000003807222        0x1 build/src/main.o
                0x0000000003807222                speedSelector
 *fill*         0x0000000003807223        0x1 
 .data.autoAimColor
                0x0000000003807224        0x4 build/src/main.o
                0x0000000003807224                autoAimColor
 .data.appRunning
                0x0000000003807228        0x4 /Applications/VEXcode Pro V5.app/Contents/Resources/sdk/vexv5/libv5rt.a(v5_startup.c.obj)
                0x0000000003807228                appRunning
 .data.__yoff   0x000000000380722c        0x4 /Applications/VEXcode Pro V5.app/Contents/Resources/sdk/vexv5/libv5rt.a(v5_apijump.c.obj)
 .data._ZN3vex24__default_motor_velocityE
                0x0000000003807230        0x4 /Applications/VEXcode Pro V5.app/Contents/Resources/sdk/vexv5/libv5rt.a(vex_motor.cpp.obj)
                0x0000000003807230                vex::__default_motor_velocity
 *fill*         0x0000000003807234        0x4 
 .data.impure_data
                0x0000000003807238      0x428 /Applications/VEXcode Pro V5.app/Contents/Resources/sdk/vexv5/gcc/libs/libc.a(lib_a-impure.o)
 .data._impure_ptr
                0x0000000003807660        0x4 /Applications/VEXcode Pro V5.app/Contents/Resources/sdk/vexv5/gcc/libs/libc.a(lib_a-impure.o)
                0x0000000003807660                _impure_ptr
 *(.gnu.linkonce.d.*)
 *(.jcr)
 *(.got)
 *(.got.plt)
                0x0000000003807664                __data_end = .

.igot.plt       0x0000000003807664        0x0
 .igot.plt      0x0000000003807664        0x0 build/src/AutonSupport.o

.data1          0x0000000003807664        0x0
                0x0000000003807664                __data1_start = .
 *(.data1)
 *(.data1.*)
                0x0000000003807664                __data1_end = .

.got
 *(.got)

.ctors          0x0000000003807664        0x0
                0x0000000003807664                __CTOR_LIST__ = .
                0x0000000003807664                ___CTORS_LIST___ = .
 *crtbegin.o(.ctors)
 *(EXCLUDE_FILE(*crtend.o) .ctors)
 *(SORT_BY_NAME(.ctors.*))
 *(.ctors)
                0x0000000003807664                __CTOR_END__ = .
                0x0000000003807664                ___CTORS_END___ = .

.dtors          0x0000000003807664        0x0
                0x0000000003807664                __DTOR_LIST__ = .
                0x0000000003807664                ___DTORS_LIST___ = .
 *crtbegin.o(.dtors)
 *(EXCLUDE_FILE(*crtend.o) .dtors)
 *(SORT_BY_NAME(.dtors.*))
 *(.dtors)
                0x0000000003807664                __DTOR_END__ = .
                0x0000000003807664                ___DTORS_END___ = .

.fixup          0x0000000003807664        0x0
                0x0000000003807664                __fixup_start = .
 *(.fixup)
                0x0000000003807664                __fixup_end = .

.eh_frame
 *(.eh_frame)

.eh_framehdr    0x0000000003807664        0x0
                0x0000000003807664                __eh_framehdr_start = .
 *(.eh_framehdr)
                0x0000000003807664                __eh_framehdr_end = .

.gcc_except_table
 *(.gcc_except_table)

.mmu_tbl        0x0000000003808000        0x0
                0x0000000003808000                __mmu_tbl_start = .
 *(.mmu_tbl)
                0x0000000003808000                __mmu_tbl_end = .

.ARM.exidx      0x0000000003807664        0x8
                0x0000000003807664                __exidx_start = .
 *(.ARM.exidx*)
 .ARM.exidx.text._Z12Paint_Screenv
                0x0000000003807664        0x8 build/src/AutonSupport.o
 .ARM.exidx.text._Z12cycle_autonsv
                0x000000000380766c        0x0 build/src/AutonSupport.o
                                          0x8 (size before relaxing)
 .ARM.exidx.text._Z6Auton1v
                0x000000000380766c        0x0 build/src/Autons.o