Archive member included to satisfy reference by file (symbol)

/Applications/VEXcode Pro V5.app/Contents/Resources/sdk/vexv5/libv5rt.a(v5_startup.c.obj)
                              (vexStartup)
/Applications/VEXcode Pro V5.app/Contents/Resources/sdk/vexv5/libv5rt.a(v5_util.c.obj)
                              /Applications/VEXcode Pro V5.app/Contents/Resources/sdk/vexv5/libv5rt.a(v5_startup.c.obj) (vexStdlibVersionLinked)
/Applications/VEXcode Pro V5.app/Contents/Resources/sdk/vexv5/libv5rt.a(v5_apijump.c.obj)
                              /Applications/VEXcode Pro V5.app/Contents/Resources/sdk/vexv5/libv5rt.a(v5_startup.c.obj) (vexPrivateApiEnable)
/Applications/VEXcode Pro V5.app/Contents/Resources/sdk/vexv5/libv5rt.a(v5_apiversions.c.obj)
                              /Applications/VEXcode Pro V5.app/Contents/Resources/sdk/vexv5/libv5rt.a(v5_apijump.c.obj) (vexSystemVersion)
/Applications/VEXcode Pro V5.app/Contents/Resources/sdk/vexv5/libv5rt.a(vex_global.cpp.obj)
                              build/src/Autons.o (vex::wait(double, vex::timeUnits))
/Applications/VEXcode Pro V5.app/Contents/Resources/sdk/vexv5/libv5rt.a(vex_motor.cpp.obj)
                              build/src/DriveFunctions.o (vex::motor::~motor())
/Applications/VEXcode Pro V5.app/Contents/Resources/sdk/vexv5/libv5rt.a(vex_vision.cpp.obj)
                              build/src/Functions.o (vex::vision::~vision())
/Applications/VEXcode Pro V5.app/Contents/Resources/sdk/vexv5/libv5rt.a(vex_controller.cpp.obj)
                              build/src/robot-config.o (vex::controller::~controller())
/Applications/VEXcode Pro V5.app/Contents/Resources/sdk/vexv5/libv5rt.a(vex_task.cpp.obj)
                              build/src/Autons.o (vex::task::task(int (*)()))
/Applications/VEXcode Pro V5.app/Contents/Resources/sdk/vexv5/libv5rt.a(vex_thread.cpp.obj)
                              /Applications/VEXcode Pro V5.app/Contents/Resources/sdk/vexv5/libv5rt.a(vex_global.cpp.obj) (vex::this_thread::sleep_for(unsigned long))
/Applications/VEXcode Pro V5.app/Contents/Resources/sdk/vexv5/libv5rt.a(vex_event.cpp.obj)
                              /Applications/VEXcode Pro V5.app/Contents/Resources/sdk/vexv5/libv5rt.a(vex_controller.cpp.obj) (vex::event::init(unsigned long, unsigned long, void (*)()))
/Applications/VEXcode Pro V5.app/Contents/Resources/sdk/vexv5/libv5rt.a(vex_mevent.cpp.obj)
                              /Applications/VEXcode Pro V5.app/Contents/Resources/sdk/vexv5/libv5rt.a(vex_controller.cpp.obj) (vex::mevent::mevent(unsigned long, unsigned long))
/Applications/VEXcode Pro V5.app/Contents/Resources/sdk/vexv5/libv5rt.a(vex_brain.cpp.obj)
                              build/src/DriveFunctions.o (vex::brain::timer(vex::timeUnits))
/Applications/VEXcode Pro V5.app/Contents/Resources/sdk/vexv5/libv5rt.a(vex_competition.cpp.obj)
                              build/src/main.o (vex::competition::competition())
/Applications/VEXcode Pro V5.app/Contents/Resources/sdk/vexv5/libv5rt.a(vex_triport.cpp.obj)
                              /Applications/VEXcode Pro V5.app/Contents/Resources/sdk/vexv5/libv5rt.a(vex_brain.cpp.obj) (vex::triport::~triport())
/Applications/VEXcode Pro V5.app/Contents/Resources/sdk/vexv5/libv5rt.a(vex_color.cpp.obj)
                              /Applications/VEXcode Pro V5.app/Contents/Resources/sdk/vexv5/libv5rt.a(vex_brain.cpp.obj) (vex::color::operator unsigned long() const)
/Applications/VEXcode Pro V5.app/Contents/Resources/sdk/vexv5/libv5rt.a(vex_timer.cpp.obj)
                              /Applications/VEXcode Pro V5.app/Contents/Resources/sdk/vexv5/libv5rt.a(vex_brain.cpp.obj) (vex::timer::~timer())
/Applications/VEXcode Pro V5.app/Contents/Resources/sdk/vexv5/libv5rt.a(v5_apiuser.c.obj)
                              /Applications/VEXcode Pro V5.app/Contents/Resources/sdk/vexv5/libv5rt.a(vex_triport.cpp.obj) (vexAdiPortConfigSet)
/Applications/VEXcode Pro V5.app/Contents/Resources/sdk/vexv5/libv5rt.a(vex_device.cpp.obj)
                              /Applications/VEXcode Pro V5.app/Contents/Resources/sdk/vexv5/libv5rt.a(vex_motor.cpp.obj) (vex::device::~device())
/Applications/VEXcode Pro V5.app/Contents/Resources/sdk/vexv5/gcc/libs/libc.a(lib_a-aeabi_memclr.o)
                              build/src/DriveFunctions.o (__aeabi_memclr8)
/Applications/VEXcode Pro V5.app/Contents/Resources/sdk/vexv5/gcc/libs/libc.a(lib_a-aeabi_memcpy.o)
                              build/src/AutonSupport.o (__aeabi_memcpy)
/Applications/VEXcode Pro V5.app/Contents/Resources/sdk/vexv5/gcc/libs/libc.a(lib_a-aeabi_memset-soft.o)
                              /Applications/VEXcode Pro V5.app/Contents/Resources/sdk/vexv5/gcc/libs/libc.a(lib_a-aeabi_memclr.o) (__aeabi_memset)
/Applications/VEXcode Pro V5.app/Contents/Resources/sdk/vexv5/gcc/libs/libc.a(lib_a-fini.o)
                              /Applications/VEXcode Pro V5.app/Contents/Resources/sdk/vexv5/libv5rt.a(v5_startup.c.obj) (__libc_fini_array)
[...]
Memory Configuration

Name             Origin             Length             Attributes
ps7_ddr_0_S_AXI_BASEADDR 0x0000000003800000 0x0000000004800000
*default*        0x0000000000000000 0xffffffffffffffff

Linker script and memory map

                0x0000000000002000                _STACK_SIZE = DEFINED (_STACK_SIZE)?_STACK_SIZE:0x2000
                0x0000000000100000                _HEAP_SIZE = DEFINED (_HEAP_SIZE)?_HEAP_SIZE:0x100000
                0x0000000000000400                _ABORT_STACK_SIZE = DEFINED (_ABORT_STACK_SIZE)?_ABORT_STACK_SIZE:0x400
                0x0000000000000800                _SUPERVISOR_STACK_SIZE = DEFINED (_SUPERVISOR_STACK_SIZE)?_SUPERVISOR_STACK_SIZE:0x800
                0x0000000000000400                _IRQ_STACK_SIZE = DEFINED (_IRQ_STACK_SIZE)?_IRQ_STACK_SIZE:0x400
                0x0000000000000400                _FIQ_STACK_SIZE = DEFINED (_FIQ_STACK_SIZE)?_FIQ_STACK_SIZE:0x400
                0x0000000000000400                _UNDEF_STACK_SIZE = DEFINED (_UNDEF_STACK_SIZE)?_UNDEF_STACK_SIZE:0x400

.text           0x0000000003800000     0x6840
 *(.vectors)
 *(.boot_data)
 .boot_data     0x0000000003800000       0x20 /Applications/VEXcode Pro V5.app/Contents/Resources/sdk/vexv5/libv5rt.a(v5_startup.c.obj)
                0x0000000003800000                vexCodeSig
                0x0000000000000020                . = 0x20
 *(.boot)
 .boot          0x0000000003800020       0xbc /Applications/VEXcode Pro V5.app/Contents/Resources/sdk/vexv5/libv5rt.a(v5_startup.c.obj)
                0x0000000003800020                vexStartup
                0x0000000003800100                . = ALIGN (0x40)
 *fill*         0x00000000038000dc       0x24 
 *(.freertos_vectors)
 *(.text)
 .text          0x0000000003800100       0x9a /Applications/VEXcode Pro V5.app/Contents/Resources/sdk/vexv5/gcc/libs/libc.a(lib_a-aeabi_memset-soft.o)
                0x0000000003800100                __aeabi_memset4
                0x0000000003800100                __aeabi_memset8
                0x0000000003800100                __aeabi_memset
 *fill*         0x000000000380019a        0x2 
 .text          0x000000000380019c      0x370 /Applications/VEXcode Pro V5.app/Contents/Resources/sdk/vexv5/gcc/libs/libgcc.a(_arm_addsubdf3.o)
                0x000000000380019c                __aeabi_drsub
                0x00000000038001a4                __aeabi_dsub
                0x00000000038001a4                __subdf3
                0x00000000038001a8                __adddf3
                0x00000000038001a8                __aeabi_dadd
                0x0000000003800420                __floatunsidf
                0x0000000003800420                __aeabi_ui2d
                0x0000000003800440                __aeabi_i2d
                0x0000000003800440                __floatsidf
                0x0000000003800464                __extendsfdf2
                0x0000000003800464                __aeabi_f2d
                0x00000000038004a0                __aeabi_ul2d
                0x00000000038004a0                __floatundidf
                0x00000000038004b0                __floatdidf
                0x00000000038004b0                __aeabi_l2d
 *fill*         0x000000000380050c        0x4 
 .text          0x0000000003800510       0x48 /Applications/VEXcode Pro V5.app/Contents/Resources/sdk/vexv5/gcc/libs/libgcc.a(_fixunsdfdi.o)
                0x0000000003800510                __aeabi_d2ulz
                0x0000000003800510                __fixunsdfdi
 *(.text.*)
 .text._Z12Paint_Screenv
                0x0000000003800558       0x4c build/src/AutonSupport.o
                0x0000000003800558                Paint_Screen()
 .text._Z12cycle_autonsv
                0x00000000038005a4      0x104 build/src/AutonSupport.o
                0x00000000038005a4                cycle_autons()
 .text._Z6Auton1v
                0x00000000038006a8      0x1d0 build/src/Autons.o
                0x00000000038006a8                Auton1()
 .text._Z6Auton2v
                0x0000000003800878      0x230 build/src/Autons.o
                0x0000000003800878                Auton2()
 .text._Z6Auton3v
                0x0000000003800aa8      0x600 build/src/Autons.o
                0x0000000003800aa8                Auton3()
 .text._Z6Auton4v
                0x00000000038010a8      0x230 build/src/Autons.o
                0x00000000038010a8                Auton4()
 .text._Z9userDrivev
                0x00000000038012d8      0x1d4 build/src/DriveFunctions.o
                0x00000000038012d8                userDrive()
 *fill*         0x00000000038014ac        0x4 
 .text._Z10moveLinearfim
                0x00000000038014b0      0x418 build/src/DriveFunctions.o
                0x00000000038014b0                moveLinear(float, int, unsigned long)
 .text._Z8moveStopN3vex9brakeTypeE
                0x00000000038018c8       0x50 build/src/DriveFunctions.o
                0x00000000038018c8                moveStop(vex::brakeType)
 .text._Z10moveRotatedim
                0x0000000003801918      0x2c4 build/src/DriveFunctions.o
                0x0000000003801918                moveRotate(double, int, unsigned long)
 .text._Z11setLinGainsddddi
                0x0000000003801bdc       0x54 build/src/DriveFunctions.o
                0x0000000003801bdc                setLinGains(double, double, double, double, int)
 .text._Z11setRotGainsddddi
                0x0000000003801c30       0x54 build/src/DriveFunctions.o
                0x0000000003801c30                setRotGains(double, double, double, double, int)
 .text._GLOBAL__sub_I_DriveFunctions.cpp
                0x0000000003801c84       0xf8 build/src/DriveFunctions.o
 .text._ZN3vex6visionC2IJNS0_9signatureES2_S2_S2_S2_S2_S2_EEElhDpRT_
                0x0000000003801d7c       0x64 build/src/Functions.o
                0x0000000003801d7c                vex::vision::vision<vex::vision::signature, vex::vision::signature, vex::vision::signature, vex::vision::signature, vex::vision::signature, vex::vision::signature, vex::vision::signature>(long, unsigned char, vex::vision::signature&, vex::vision::signature&, vex::vision::signature&, vex::vision::signature&, vex::vision::signature&, vex::vision::signature&, vex::vision::signature&)
 .text._Z21setAutonFlywheelSpeeds
                0x0000000003801de0       0x10 build/src/Functions.o
                0x0000000003801de0                setAutonFlywheelSpeed(short)
 .text._Z14enableFlywheelv
                0x0000000003801df0       0x38 build/src/Functions.o
                0x0000000003801df0                enableFlywheel()
 .text._Z15disableFlywheelv
                0x0000000003801e28       0x38 build/src/Functions.o
                0x0000000003801e28                disableFlywheel()
 .text._Z17enableRollerWheelv
                0x0000000003801e60       0x18 build/src/Functions.o
                0x0000000003801e60                enableRollerWheel()
 .text._Z8fireDiscv
                0x0000000003801e78       0x60 build/src/Functions.o
                0x0000000003801e78                fireDisc()
 .text._Z18disableRollerWheelv
                0x0000000003801ed8        0xc build/src/Functions.o
                0x0000000003801ed8                disableRollerWheel()
 .text._Z7autoAimi
                0x0000000003801ee4      0x194 build/src/Functions.o
                0x0000000003801ee4                autoAim(int)
 .text._Z20autonFlywheelControlv
                0x0000000003802078      0x200 build/src/Functions.o
                0x0000000003802078                autonFlywheelControl()
 .text._ZN3vex6vision7_setsigINS0_9signatureEJS2_S2_S2_S2_EEEvRT_DpRT0_
                0x0000000003802278       0x4c build/src/Functions.o
                0x0000000003802278                void vex::vision::_setsig<vex::vision::signature, vex::vision::signature, vex::vision::signature, vex::vision::signature, vex::vision::signature>(vex::vision::signature&, vex::vision::signature&, vex::vision::signature&, vex::vision::signature&, vex::vision::signature&)
 .text._GLOBAL__sub_I_Functions.cpp
                0x00000000038022c4      0x2b8 build/src/Functions.o
 *fill*         0x000000000380257c        0x4 
 .text._Z3odov  0x0000000003802580      0x250 build/src/Odometry.o
                0x0000000003802580                odo()
 .text._Z11printCoordsv
                0x00000000038027d0       0xf0 build/src/Odometry.o
                0x00000000038027d0                printCoords()
 .text._Z12get_tAbs_degv
                0x00000000038028c0       0x38 build/src/Odometry.o
                0x00000000038028c0                get_tAbs_deg()
 .text._Z7pidInitP11pidStruct_tddddi
                0x00000000038028f8       0x50 build/src/PID.o
                0x00000000038028f8                pidInit(pidStruct_t*, double, double, double, double, int)
 .text._Z12pidCalculateP11pidStruct_tdd
                0x0000000003802948      0x220 build/src/PID.o
                0x0000000003802948                pidCalculate(pidStruct_t*, double, double)
 .text._Z14printPIDValuesP11pidStruct_t
                0x0000000003802b68       0xe0 build/src/PID.o
                0x0000000003802b68                printPIDValues(pidStruct_t*)
 .text._Z9pre_autonv
                0x0000000003802c48       0x98 build/src/main.o
                0x0000000003802c48                pre_auton()
 .text._Z10autonomousv
                0x0000000003802ce0       0x5c build/src/main.o
                0x0000000003802ce0                autonomous()
 .text._Z18updateSpeedDisplayv
                0x0000000003802d3c       0xa8 build/src/main.o
                0x0000000003802d3c                updateSpeedDisplay()
 *fill*         0x0000000003802de4        0x4 
 .text._Z11usercontrolv
                0x0000000003802de8      0x540 build/src/main.o
                0x0000000003802de8                usercontrol()
 .text.main     0x0000000003803328       0x68 build/src/main.o
                0x0000000003803328                main
 .text._GLOBAL__sub_I_main.cpp
                0x0000000003803390       0x34 build/src/main.o
 .text._Z11vexcodeInitv
                0x00000000038033c4        0x4 build/src/robot-config.o
                0x00000000038033c4                vexcodeInit()
 .text._GLOBAL__sub_I_robot_config.cpp
                0x00000000038033c8      0x220 build/src/robot-config.o
 .text.vexMain  0x00000000038035e8       0xb0 /Applications/VEXcode Pro V5.app/Contents/Resources/sdk/vexv5/libv5rt.a(v5_startup.c.obj)
                0x00000000038035e8                vexMain
 .text.__vex_function_prolog
                0x0000000003803698       0x18 /Applications/VEXcode Pro V5.app/Contents/Resources/sdk/vexv5/libv5rt.a(v5_startup.c.obj)
                0x0000000003803698                __vex_function_prolog
 .text._init    0x00000000038036b0        0x4 /Applications/VEXcode Pro V5.app/Contents/Resources/sdk/vexv5/libv5rt.a(v5_startup.c.obj)
                0x00000000038036b0                _init
 .text._fini    0x00000000038036b4        0x4 /Applications/VEXcode Pro V5.app/Contents/Resources/sdk/vexv5/libv5rt.a(v5_startup.c.obj)
                0x00000000038036b4                _fini
 .text.vexStdlibVersionLinked
                0x00000000038036b8        0xc /Applications/VEXcode Pro V5.app/Contents/Resources/sdk/vexv5/libv5rt.a(v5_util.c.obj)
                0x00000000038036b8                vexStdlibVersionLinked
 .text.vexStdlibVersionVerify
                0x00000000038036c4       0x30 /Applications/VEXcode Pro V5.app/Contents/Resources/sdk/vexv5/libv5rt.a(v5_util.c.obj)
                0x00000000038036c4                vexStdlibVersionVerify
 .text.vexPrivateApiEnable
                0x00000000038036f4       0x10 /Applications/VEXcode Pro V5.app/Contents/Resources/sdk/vexv5/libv5rt.a(v5_apijump.c.obj)
                0x00000000038036f4                vexPrivateApiEnable
 .text.vexStdlibMismatchError
                0x0000000003803704       0x3c /Applications/VEXcode Pro V5.app/Contents/Resources/sdk/vexv5/libv5rt.a(v5_apijump.c.obj)
                0x0000000003803704                vexStdlibMismatchError
 .text.vexTaskAdd
                0x0000000003803740       0x10 /Applications/VEXcode Pro V5.app/Contents/Resources/sdk/vexv5/libv5rt.a(v5_apijump.c.obj)
                0x0000000003803740                vexTaskAdd
 .text.vexTasksRun
                0x0000000003803750       0x10 /Applications/VEXcode Pro V5.app/Contents/Resources/sdk/vexv5/libv5rt.a(v5_apijump.c.obj)
                0x0000000003803750                vexTasksRun
 .text.vexTaskYield
                0x0000000003803760       0x10 /Applications/VEXcode Pro V5.app/Contents/Resources/sdk/vexv5/libv5rt.a(v5_apijump.c.obj)
                0x0000000003803760                vexTaskYield
 .text.vexTaskCheckTimeslice
                0x0000000003803770       0x10 /Applications/VEXcode Pro V5.app/Contents/Resources/sdk/vexv5/libv5rt.a(v5_apijump.c.obj)
                0x0000000003803770                vexTaskCheckTimeslice
 .text.vexTaskSleep
                0x0000000003803780       0x10 /Applications/VEXcode Pro V5.app/Contents/Resources/sdk/vexv5/libv5rt.a(v5_apijump.c.obj)
                0x0000000003803780                vexTaskSleep
 .text.vexTasksDump
                0x0000000003803790       0x1c /Applications/VEXcode Pro V5.app/Contents/Resources/sdk/vexv5/libv5rt.a(v5_apijump.c.obj)
                0x0000000003803790                vexTasksDump
 .text.vexTaskGetTaskIndex
                0x00000000038037ac       0x10 /Applications/VEXcode Pro V5.app/Contents/Resources/sdk/vexv5/libv5rt.a(v5_apijump.c.obj)
                0x00000000038037ac                vexTaskGetTaskIndex
 .text.vexTaskStopAll
                0x00000000038037bc       0x10 /Applications/VEXcode Pro V5.app/Contents/Resources/sdk/vexv5/libv5rt.a(v5_apijump.c.obj)
                0x00000000038037bc                vexTaskStopAll
 .text.vexTaskRemoveAllUser
                0x00000000038037cc       0x34 /Applications/VEXcode Pro V5.app/Contents/Resources/sdk/vexv5/libv5rt.a(v5_apijump.c.obj)
                0x00000000038037cc                vexTaskRemoveAllUser
 .text.vexTaskCompletionIdSet
                0x0000000003803800       0x10 /Applications/VEXcode Pro V5.app/Contents/Resources/sdk/vexv5/libv5rt.a(v5_apijump.c.obj)
                0x0000000003803800                vexTaskCompletionIdSet
 .text.vexTaskStopWithId
                0x0000000003803810       0x10 /Applications/VEXcode Pro V5.app/Contents/Resources/sdk/vexv5/libv5rt.a(v5_apijump.c.obj)
                0x0000000003803810                vexTaskStopWithId
 .text.vexCriticalSection
                0x0000000003803820       0x2c /Applications/VEXcode Pro V5.app/Contents/Resources/sdk/vexv5/libv5rt.a(v5_apijump.c.obj)
                0x0000000003803820                vexCriticalSection
 .text.vexEventAdd
                0x000000000380384c       0x34 /Applications/VEXcode Pro V5.app/Contents/Resources/sdk/vexv5/libv5rt.a(v5_apijump.c.obj)
                0x000000000380384c                vexEventAdd
 .text.vexEventUserIndexGet
                0x0000000003803880       0x1c /Applications/VEXcode Pro V5.app/Contents/Resources/sdk/vexv5/libv5rt.a(v5_apijump.c.obj)
                0x0000000003803880                vexEventUserIndexGet
 .text.vexEventAddWithArg
                0x000000000380389c       0x3c /Applications/VEXcode Pro V5.app/Contents/Resources/sdk/vexv5/libv5rt.a(v5_apijump.c.obj)
                0x000000000380389c                vexEventAddWithArg
 .text.vexEventsCleanup
                0x00000000038038d8       0x2c /Applications/VEXcode Pro V5.app/Contents/Resources/sdk/vexv5/libv5rt.a(v5_apijump.c.obj)
                0x00000000038038d8                vexEventsCleanup
 .text.vexDebug
                0x0000000003803904       0x38 /Applications/VEXcode Pro V5.app/Contents/Resources/sdk/vexv5/libv5rt.a(v5_apijump.c.obj)
                0x0000000003803904                vexDebug
 .text.vex_sprintf
                0x000000000380393c       0x40 /Applications/VEXcode Pro V5.app/Contents/Resources/sdk/vexv5/libv5rt.a(v5_apijump.c.obj)
                0x000000000380393c                vex_sprintf
 .text.vex_vsnprintf
                0x000000000380397c       0x3c /Applications/VEXcode Pro V5.app/Contents/Resources/sdk/vexv5/libv5rt.a(v5_apijump.c.obj)
                0x000000000380397c                vex_vsnprintf
 .text.vexSystemTimeGet
                0x00000000038039b8       0x1c /Applications/VEXcode Pro V5.app/Contents/Resources/sdk/vexv5/libv5rt.a(v5_apijump.c.obj)
                0x00000000038039b8                vexSystemTimeGet
 .text.vexSystemExitRequest
                0x00000000038039d4       0x1c /Applications/VEXcode Pro V5.app/Contents/Resources/sdk/vexv5/libv5rt.a(v5_apijump.c.obj)
                0x00000000038039d4                vexSystemExitRequest
 .text.vexDeviceGetByIndex
                0x00000000038039f0       0x24 /Applications/VEXcode Pro V5.app/Contents/Resources/sdk/vexv5/libv5rt.a(v5_apijump.c.obj)
                0x00000000038039f0                vexDeviceGetByIndex
 .text.vexControllerGet
                0x0000000003803a14       0x2c /Applications/VEXcode Pro V5.app/Contents/Resources/sdk/vexv5/libv5rt.a(v5_apijump.c.obj)
                0x0000000003803a14                vexControllerGet
 .text.vexControllerTextSet
                0x0000000003803a40       0x74 /Applications/VEXcode Pro V5.app/Contents/Resources/sdk/vexv5/libv5rt.a(v5_apijump.c.obj)
                0x0000000003803a40                vexControllerTextSet
 .text.vexDeviceAdiPortConfigSet
                0x0000000003803ab4       0x34 /Applications/VEXcode Pro V5.app/Contents/Resources/sdk/vexv5/libv5rt.a(v5_apijump.c.obj)
                0x0000000003803ab4                vexDeviceAdiPortConfigSet
 .text.vexDeviceAdiPortConfigGet
                0x0000000003803ae8       0x2c /Applications/VEXcode Pro V5.app/Contents/Resources/sdk/vexv5/libv5rt.a(v5_apijump.c.obj)
                0x0000000003803ae8                vexDeviceAdiPortConfigGet
 .text.vexDeviceAdiValueSet
                0x0000000003803b14       0x34 /Applications/VEXcode Pro V5.app/Contents/Resources/sdk/vexv5/libv5rt.a(v5_apijump.c.obj)
                0x0000000003803b14                vexDeviceAdiValueSet
 .text.vexDeviceAdiValueGet
                0x0000000003803b48       0x2c /Applications/VEXcode Pro V5.app/Contents/Resources/sdk/vexv5/libv5rt.a(v5_apijump.c.obj)
                0x0000000003803b48                vexDeviceAdiValueGet
 .text.vexDeviceMotorVelocitySet
                0x0000000003803b74       0x2c /Applications/VEXcode Pro V5.app/Contents/Resources/sdk/vexv5/libv5rt.a(v5_apijump.c.obj)
                0x0000000003803b74                vexDeviceMotorVelocitySet
 .text.vexDeviceMotorVoltageSet
                0x0000000003803ba0       0x2c /Applications/VEXcode Pro V5.app/Contents/Resources/sdk/vexv5/libv5rt.a(v5_apijump.c.obj)
                0x0000000003803ba0                vexDeviceMotorVoltageSet
 .text.vexDeviceMotorActualVelocityGet
                0x0000000003803bcc       0x24 /Applications/VEXcode Pro V5.app/Contents/Resources/sdk/vexv5/libv5rt.a(v5_apijump.c.obj)
                0x0000000003803bcc                vexDeviceMotorActualVelocityGet
 .text.vexDeviceMotorVoltageGet
                0x0000000003803bf0       0x24 /Applications/VEXcode Pro V5.app/Contents/Resources/sdk/vexv5/libv5rt.a(v5_apijump.c.obj)
                0x0000000003803bf0                vexDeviceMotorVoltageGet
 .text.vexDeviceMotorReverseFlagSet
                0x0000000003803c14       0x2c /Applications/VEXcode Pro V5.app/Contents/Resources/sdk/vexv5/libv5rt.a(v5_apijump.c.obj)
                0x0000000003803c14                vexDeviceMotorReverseFlagSet
 .text.vexDeviceMotorEncoderUnitsSet
                0x0000000003803c40       0x2c /Applications/VEXcode Pro V5.app/Contents/Resources/sdk/vexv5/libv5rt.a(v5_apijump.c.obj)
                0x0000000003803c40                vexDeviceMotorEncoderUnitsSet
 .text.vexDeviceMotorBrakeModeSet
                0x0000000003803c6c       0x2c /Applications/VEXcode Pro V5.app/Contents/Resources/sdk/vexv5/libv5rt.a(v5_apijump.c.obj)
                0x0000000003803c6c                vexDeviceMotorBrakeModeSet
 .text.vexDeviceMotorPositionSet
                0x0000000003803c98       0x34 /Applications/VEXcode Pro V5.app/Contents/Resources/sdk/vexv5/libv5rt.a(v5_apijump.c.obj)
                0x0000000003803c98                vexDeviceMotorPositionSet
 .text.vexDeviceMotorPositionGet
                0x0000000003803ccc       0x24 /Applications/VEXcode Pro V5.app/Contents/Resources/sdk/vexv5/libv5rt.a(v5_apijump.c.obj)
                0x0000000003803ccc                vexDeviceMotorPositionGet
 .text.vexDeviceMotorGearingSet
                0x0000000003803cf0       0x2c /Applications/VEXcode Pro V5.app/Contents/Resources/sdk/vexv5/libv5rt.a(v5_apijump.c.obj)
                0x0000000003803cf0                vexDeviceMotorGearingSet
 .text.vexDeviceMotorGearingGet
                0x0000000003803d1c       0x24 /Applications/VEXcode Pro V5.app/Contents/Resources/sdk/vexv5/libv5rt.a(v5_apijump.c.obj)
                0x0000000003803d1c                vexDeviceMotorGearingGet
 .text.vexDeviceVisionModeSet
                0x0000000003803d40       0x2c /Applications/VEXcode Pro V5.app/Contents/Resources/sdk/vexv5/libv5rt.a(v5_apijump.c.obj)
                0x0000000003803d40                vexDeviceVisionModeSet
 .text.vexDeviceVisionObjectCountGet
                0x0000000003803d6c       0x24 /Applications/VEXcode Pro V5.app/Contents/Resources/sdk/vexv5/libv5rt.a(v5_apijump.c.obj)
                0x0000000003803d6c                vexDeviceVisionObjectCountGet
 .text.vexDeviceVisionObjectGet
                0x0000000003803d90       0x34 /Applications/VEXcode Pro V5.app/Contents/Resources/sdk/vexv5/libv5rt.a(v5_apijump.c.obj)
                0x0000000003803d90                vexDeviceVisionObjectGet
 .text.vexDeviceVisionSignatureSet
                0x0000000003803dc4       0x2c /Applications/VEXcode Pro V5.app/Contents/Resources/sdk/vexv5/libv5rt.a(v5_apijump.c.obj)
                0x0000000003803dc4                vexDeviceVisionSignatureSet
 .text.vexDeviceVisionBrightnessSet
                0x0000000003803df0       0x2c /Applications/VEXcode Pro V5.app/Contents/Resources/sdk/vexv5/libv5rt.a(v5_apijump.c.obj)
                0x0000000003803df0                vexDeviceVisionBrightnessSet
 .text.vexDeviceVisionLedModeSet
                0x0000000003803e1c       0x2c /Applications/VEXcode Pro V5.app/Contents/Resources/sdk/vexv5/libv5rt.a(v5_apijump.c.obj)
                0x0000000003803e1c                vexDeviceVisionLedModeSet
 .text.vexDeviceVisionLedColorSet
                0x0000000003803e48       0x30 /Applications/VEXcode Pro V5.app/Contents/Resources/sdk/vexv5/libv5rt.a(v5_apijump.c.obj)
                0x0000000003803e48                vexDeviceVisionLedColorSet
 .text.vexDisplayForegroundColor
                0x0000000003803e78       0x24 /Applications/VEXcode Pro V5.app/Contents/Resources/sdk/vexv5/libv5rt.a(v5_apijump.c.obj)
                0x0000000003803e78                vexDisplayForegroundColor
 .text.vexDisplayBackgroundColor
                0x0000000003803e9c       0x24 /Applications/VEXcode Pro V5.app/Contents/Resources/sdk/vexv5/libv5rt.a(v5_apijump.c.obj)
                0x0000000003803e9c                vexDisplayBackgroundColor
 .text.vexDisplayBackgroundColorGet
                0x0000000003803ec0       0x1c /Applications/VEXcode Pro V5.app/Contents/Resources/sdk/vexv5/libv5rt.a(v5_apijump.c.obj)
                0x0000000003803ec0                vexDisplayBackgroundColorGet
 .text.vexDisplayRectClear
                0x0000000003803edc       0x4c /Applications/VEXcode Pro V5.app/Contents/Resources/sdk/vexv5/libv5rt.a(v5_apijump.c.obj)
                0x0000000003803edc                vexDisplayRectClear
 .text.vexDisplayVPrintf
                0x0000000003803f28       0x50 /Applications/VEXcode Pro V5.app/Contents/Resources/sdk/vexv5/libv5rt.a(v5_apijump.c.obj)
                0x0000000003803f28                vexDisplayVPrintf
 .text.vexDisplayTextReference
                0x0000000003803f78       0x24 /Applications/VEXcode Pro V5.app/Contents/Resources/sdk/vexv5/libv5rt.a(v5_apijump.c.obj)
                0x0000000003803f78                vexDisplayTextReference
 .text.vexDisplayTextSize
                0x0000000003803f9c       0x2c /Applications/VEXcode Pro V5.app/Contents/Resources/sdk/vexv5/libv5rt.a(v5_apijump.c.obj)
                0x0000000003803f9c                vexDisplayTextSize
 .text.vexDisplayFontNamedSet
                0x0000000003803fc8       0x24 /Applications/VEXcode Pro V5.app/Contents/Resources/sdk/vexv5/libv5rt.a(v5_apijump.c.obj)
                0x0000000003803fc8                vexDisplayFontNamedSet
 .text.vexDisplayStringWidthGet
                0x0000000003803fec       0x24 /Applications/VEXcode Pro V5.app/Contents/Resources/sdk/vexv5/libv5rt.a(v5_apijump.c.obj)
                0x0000000003803fec                vexDisplayStringWidthGet
 .text.vexSystemStdlibImpureDataAddr
                0x0000000003804010       0x28 /Applications/VEXcode Pro V5.app/Contents/Resources/sdk/vexv5/libv5rt.a(v5_apijump.c.obj)
                0x0000000003804010                vexSystemStdlibImpureDataAddr
 .text.vexSystemStdlibImpureDataSize
                0x0000000003804038       0x28 /Applications/VEXcode Pro V5.app/Contents/Resources/sdk/vexv5/libv5rt.a(v5_apijump.c.obj)
                0x0000000003804038                vexSystemStdlibImpureDataSize
 .text.vexSystemSaveUserData
                0x0000000003804060       0x3c /Applications/VEXcode Pro V5.app/Contents/Resources/sdk/vexv5/libv5rt.a(v5_apijump.c.obj)
                0x0000000003804060                vexSystemSaveUserData
 .text.vexDisplayThemeIdGet
                0x000000000380409c       0x38 /Applications/VEXcode Pro V5.app/Contents/Resources/sdk/vexv5/libv5rt.a(v5_apijump.c.obj)
                0x000000000380409c                vexDisplayThemeIdGet
 .text.vexDeviceEventMaskSet
                0x00000000038040d4       0x48 /Applications/VEXcode Pro V5.app/Contents/Resources/sdk/vexv5/libv5rt.a(v5_apijump.c.obj)
                0x00000000038040d4                vexDeviceEventMaskSet
 .text.vexDeviceEventMaskGet
                0x000000000380411c       0x3c /Applications/VEXcode Pro V5.app/Contents/Resources/sdk/vexv5/libv5rt.a(v5_apijump.c.obj)
                0x000000000380411c                vexDeviceEventMaskGet
 .text.vexSystemVersion
                0x0000000003804158       0x10 /Applications/VEXcode Pro V5.app/Contents/Resources/sdk/vexv5/libv5rt.a(v5_apiversions.c.obj)
                0x0000000003804158                vexSystemVersion
 .text.vexStdlibVersion
                0x0000000003804168       0x10 /Applications/VEXcode Pro V5.app/Contents/Resources/sdk/vexv5/libv5rt.a(v5_apiversions.c.obj)
                0x0000000003804168                vexStdlibVersion
 .text._ZN3vex4waitEdNS_9timeUnitsE
                0x0000000003804178       0x30 /Applications/VEXcode Pro V5.app/Contents/Resources/sdk/vexv5/libv5rt.a(vex_global.cpp.obj)
                0x0000000003804178                vex::wait(double, vex::timeUnits)
 .text._ZN3vex5motorD2Ev
                0x00000000038041a8       0x20 /Applications/VEXcode Pro V5.app/Contents/Resources/sdk/vexv5/libv5rt.a(vex_motor.cpp.obj)
                0x00000000038041a8                vex::motor::~motor()
                0x00000000038041a8                vex::motor::~motor()
 .text._ZN3vex5motorD0Ev
                0x00000000038041c8       0x1c /Applications/VEXcode Pro V5.app/Contents/Resources/sdk/vexv5/libv5rt.a(vex_motor.cpp.obj)
                0x00000000038041c8                vex::motor::~motor()
 .text._ZN3vex5motor9installedEv
                0x00000000038041e4       0x18 /Applications/VEXcode Pro V5.app/Contents/Resources/sdk/vexv5/libv5rt.a(vex_motor.cpp.obj)
                0x00000000038041e4                vex::motor::installed()
 .text._ZN3vex5motor15defaultStoppingENS_9brakeTypeE
                0x00000000038041fc       0x30 /Applications/VEXcode Pro V5.app/Contents/Resources/sdk/vexv5/libv5rt.a(vex_motor.cpp.obj)
                0x00000000038041fc                vex::motor::defaultStopping(vex::brakeType)
 .text._ZN3vex5motor8setBrakeENS_9brakeTypeE
                0x000000000380422c        0x4 /Applications/VEXcode Pro V5.app/Contents/Resources/sdk/vexv5/libv5rt.a(vex_motor.cpp.obj)
                0x000000000380422c                vex::motor::setBrake(vex::brakeType)
 .text._ZN3vex5motorC2El
                0x0000000003804230       0x78 /Applications/VEXcode Pro V5.app/Contents/Resources/sdk/vexv5/libv5rt.a(vex_motor.cpp.obj)
                0x0000000003804230                vex::motor::motor(long)
                0x0000000003804230                vex::motor::motor(long)
 .text._ZN3vex5motorC2ElNS_11gearSettingEb
                0x00000000038042a8       0x34 /Applications/VEXcode Pro V5.app/Contents/Resources/sdk/vexv5/libv5rt.a(vex_motor.cpp.obj)
                0x00000000038042a8                vex::motor::motor(long, vex::gearSetting, bool)
                0x00000000038042a8                vex::motor::motor(long, vex::gearSetting, bool)
 *fill*         0x00000000038042dc        0x4 
 .text._ZN3vex5motor4spinENS_13directionTypeEdNS_12voltageUnitsE
                0x00000000038042e0       0x50 /Applications/VEXcode Pro V5.app/Contents/Resources/sdk/vexv5/libv5rt.a(vex_motor.cpp.obj)
                0x00000000038042e0                vex::motor::spin(vex::directionType, double, vex::voltageUnits)
 .text._ZN3vex5motor4stopENS_9brakeTypeE
                0x0000000003804330       0x30 /Applications/VEXcode Pro V5.app/Contents/Resources/sdk/vexv5/libv5rt.a(vex_motor.cpp.obj)
                0x0000000003804330                vex::motor::stop(vex::brakeType)
 .text._ZN3vex5motor4stopEv
                0x0000000003804360        0x8 /Applications/VEXcode Pro V5.app/Contents/Resources/sdk/vexv5/libv5rt.a(vex_motor.cpp.obj)
                0x0000000003804360                vex::motor::stop()
 .text._ZN3vex5motor7voltageENS_12voltageUnitsE
                0x0000000003804368       0x44 /Applications/VEXcode Pro V5.app/Contents/Resources/sdk/vexv5/libv5rt.a(vex_motor.cpp.obj)
                0x0000000003804368                vex::motor::voltage(vex::voltageUnits)
 .text._ZN3vex5motor16velocityToScaledEdNS_13velocityUnitsE
                0x00000000038043ac       0x5c /Applications/VEXcode Pro V5.app/Contents/Resources/sdk/vexv5/libv5rt.a(vex_motor.cpp.obj)
                0x00000000038043ac                vex::motor::velocityToScaled(double, vex::velocityUnits)
 .text._ZN3vex5motor8velocityENS_13velocityUnitsE
                0x0000000003804408       0x30 /Applications/VEXcode Pro V5.app/Contents/Resources/sdk/vexv5/libv5rt.a(vex_motor.cpp.obj)
                0x0000000003804408                vex::motor::velocity(vex::velocityUnits)
 .text._ZN3vex5motor5valueEv
                0x0000000003804438       0x1c /Applications/VEXcode Pro V5.app/Contents/Resources/sdk/vexv5/libv5rt.a(vex_motor.cpp.obj)
                0x0000000003804438                vex::motor::value()
 .text._ZN3vex5motor16scaledToVelocityEdNS_13velocityUnitsE
                0x0000000003804454       0xa4 /Applications/VEXcode Pro V5.app/Contents/Resources/sdk/vexv5/libv5rt.a(vex_motor.cpp.obj)
                0x0000000003804454                vex::motor::scaledToVelocity(double, vex::velocityUnits)
 .text._ZN3vex5motor4spinENS_13directionTypeEdNS_13velocityUnitsE
                0x00000000038044f8       0x5c /Applications/VEXcode Pro V5.app/Contents/Resources/sdk/vexv5/libv5rt.a(vex_motor.cpp.obj)
                0x00000000038044f8                vex::motor::spin(vex::directionType, double, vex::velocityUnits)
 .text._ZN3vex5motor4spinENS_13directionTypeE
                0x0000000003804554       0x28 /Applications/VEXcode Pro V5.app/Contents/Resources/sdk/vexv5/libv5rt.a(vex_motor.cpp.obj)
                0x0000000003804554                vex::motor::spin(vex::directionType)
 .text._ZN3vex5motor11setVelocityEdNS_13velocityUnitsE
                0x000000000380457c       0x54 /Applications/VEXcode Pro V5.app/Contents/Resources/sdk/vexv5/libv5rt.a(vex_motor.cpp.obj)
                0x000000000380457c                vex::motor::setVelocity(double, vex::velocityUnits)
 .text._ZN3vex5motor16setRotationUnitsENS_13rotationUnitsE
                0x00000000038045d0       0x1c /Applications/VEXcode Pro V5.app/Contents/Resources/sdk/vexv5/libv5rt.a(vex_motor.cpp.obj)
                0x00000000038045d0                vex::motor::setRotationUnits(vex::rotationUnits)
 .text._ZN3vex5motor11setRotationEdNS_13rotationUnitsE
                0x00000000038045ec       0x44 /Applications/VEXcode Pro V5.app/Contents/Resources/sdk/vexv5/libv5rt.a(vex_motor.cpp.obj)
                0x00000000038045ec                vex::motor::setRotation(double, vex::rotationUnits)
 .text._ZN3vex5motor13resetRotationEv
                0x0000000003804630       0x20 /Applications/VEXcode Pro V5.app/Contents/Resources/sdk/vexv5/libv5rt.a(vex_motor.cpp.obj)
                0x0000000003804630                vex::motor::resetRotation()
 .text._ZN3vex5motor8rotationENS_13rotationUnitsE
                0x0000000003804650       0x44 /Applications/VEXcode Pro V5.app/Contents/Resources/sdk/vexv5/libv5rt.a(vex_motor.cpp.obj)
                0x0000000003804650                vex::motor::rotation(vex::rotationUnits)
 .text._ZN3vex6vision9installedEv
                0x0000000003804694       0x18 /Applications/VEXcode Pro V5.app/Contents/Resources/sdk/vexv5/libv5rt.a(vex_vision.cpp.obj)
                0x0000000003804694                vex::vision::installed()
 .text._ZN3vex6visionD2Ev
                0x00000000038046ac       0x38 /Applications/VEXcode Pro V5.app/Contents/Resources/sdk/vexv5/libv5rt.a(vex_vision.cpp.obj)
                0x00000000038046ac                vex::vision::~vision()
                0x00000000038046ac                vex::vision::~vision()
 .text._ZN3vex6visionD0Ev
                0x00000000038046e4       0x1c /Applications/VEXcode Pro V5.app/Contents/Resources/sdk/vexv5/libv5rt.a(vex_vision.cpp.obj)
                0x00000000038046e4                vex::vision::~vision()
 .text._ZN3vex6vision12setSignatureERNS0_9signatureE
                0x0000000003804700       0x70 /Applications/VEXcode Pro V5.app/Contents/Resources/sdk/vexv5/libv5rt.a(vex_vision.cpp.obj)
                0x0000000003804700                vex::vision::setSignature(vex::vision::signature&)
 .text._ZN3vex6vision7setModeENS0_13detectionModeE
                0x0000000003804770       0x18 /Applications/VEXcode Pro V5.app/Contents/Resources/sdk/vexv5/libv5rt.a(vex_vision.cpp.obj)
                0x0000000003804770                vex::vision::setMode(vex::vision::detectionMode)
 .text._ZN3vex6vision13setBrightnessEh
                0x0000000003804788       0x30 /Applications/VEXcode Pro V5.app/Contents/Resources/sdk/vexv5/libv5rt.a(vex_vision.cpp.obj)
                0x0000000003804788                vex::vision::setBrightness(unsigned char)
 .text._ZN3vex6vision10setLedModeENS0_7ledModeE
                0x00000000038047b8       0x18 /Applications/VEXcode Pro V5.app/Contents/Resources/sdk/vexv5/libv5rt.a(vex_vision.cpp.obj)
                0x00000000038047b8                vex::vision::setLedMode(vex::vision::ledMode)
 .text._ZN3vex6vision11setLedColorEhhh
                0x00000000038047d0       0x30 /Applications/VEXcode Pro V5.app/Contents/Resources/sdk/vexv5/libv5rt.a(vex_vision.cpp.obj)
                0x00000000038047d0                vex::vision::setLedColor(unsigned char, unsigned char, unsigned char)
 .text._ZN3vex6vision9signatureD2Ev
                0x0000000003804800        0x4 /Applications/VEXcode Pro V5.app/Contents/Resources/sdk/vexv5/libv5rt.a(vex_vision.cpp.obj)
                0x0000000003804800                vex::vision::signature::~signature()
                0x0000000003804800                vex::vision::signature::~signature()
 .text._ZN3vex6vision9signature5clearEv
                0x0000000003804804       0x38 /Applications/VEXcode Pro V5.app/Contents/Resources/sdk/vexv5/libv5rt.a(vex_vision.cpp.obj)
                0x0000000003804804                vex::vision::signature::clear()
 .text._ZN3vex6vision9signatureC2Ev
                0x000000000380483c       0x60 /Applications/VEXcode Pro V5.app/Contents/Resources/sdk/vexv5/libv5rt.a(vex_vision.cpp.obj)
                0x000000000380483c                vex::vision::signature::signature()
                0x000000000380483c                vex::vision::signature::signature()
 .text._ZN3vex6vision9signatureC2Elllllllfl
                0x000000000380489c       0x5c /Applications/VEXcode Pro V5.app/Contents/Resources/sdk/vexv5/libv5rt.a(vex_vision.cpp.obj)
                0x000000000380489c                vex::vision::signature::signature(long, long, long, long, long, long, long, float, long)
                0x000000000380489c                vex::vision::signature::signature(long, long, long, long, long, long, long, float, long)
 .text._ZN3vex6vision6object3setE22_V5_DeviceVisionObject
                0x00000000038048f8       0x78 /Applications/VEXcode Pro V5.app/Contents/Resources/sdk/vexv5/libv5rt.a(vex_vision.cpp.obj)
                0x00000000038048f8                vex::vision::object::set(_V5_DeviceVisionObject)
 .text._ZN3vex6vision6object5clearEv
                0x0000000003804970       0x38 /Applications/VEXcode Pro V5.app/Contents/Resources/sdk/vexv5/libv5rt.a(vex_vision.cpp.obj)
                0x0000000003804970                vex::vision::object::clear()
 .text._ZN3vex6vision6objectC2Ev
                0x00000000038049a8       0x58 /Applications/VEXcode Pro V5.app/Contents/Resources/sdk/vexv5/libv5rt.a(vex_vision.cpp.obj)
                0x00000000038049a8                vex::vision::object::object()
                0x00000000038049a8                vex::vision::object::object()
 .text._ZN3vex6vision13_clearObjectsEv
                0x0000000003804a00       0x40 /Applications/VEXcode Pro V5.app/Contents/Resources/sdk/vexv5/libv5rt.a(vex_vision.cpp.obj)
                0x0000000003804a00                vex::vision::_clearObjects()
 .text._ZN3vex6vision6objectaSERKS1_
                0x0000000003804a40       0x74 /Applications/VEXcode Pro V5.app/Contents/Resources/sdk/vexv5/libv5rt.a(vex_vision.cpp.obj)
                0x0000000003804a40                vex::vision::object::operator=(vex::vision::object const&)
 .text._ZN3vex6vision12takeSnapshotEmm
                0x0000000003804ab4       0xf4 /Applications/VEXcode Pro V5.app/Contents/Resources/sdk/vexv5/libv5rt.a(vex_vision.cpp.obj)
                0x0000000003804ab4                vex::vision::takeSnapshot(unsigned long, unsigned long)
 .text._ZN3vex6vision12takeSnapshotEm
                0x0000000003804ba8        0x8 /Applications/VEXcode Pro V5.app/Contents/Resources/sdk/vexv5/libv5rt.a(vex_vision.cpp.obj)
                0x0000000003804ba8                vex::vision::takeSnapshot(unsigned long)
 .text._ZN3vex6vision5valueEv
                0x0000000003804bb0        0x8 /Applications/VEXcode Pro V5.app/Contents/Resources/sdk/vexv5/libv5rt.a(vex_vision.cpp.obj)
                0x0000000003804bb0                vex::vision::value()
 .text._ZN3vex6vision12takeSnapshotERNS0_9signatureE
                0x0000000003804bb8       0x10 /Applications/VEXcode Pro V5.app/Contents/Resources/sdk/vexv5/libv5rt.a(vex_vision.cpp.obj)
                0x0000000003804bb8                vex::vision::takeSnapshot(vex::vision::signature&)
 .text._ZN3vex6vision6objectaSEl
                0x0000000003804bc8       0x38 /Applications/VEXcode Pro V5.app/Contents/Resources/sdk/vexv5/libv5rt.a(vex_vision.cpp.obj)
                0x0000000003804bc8                vex::vision::object::operator=(long)
 .text._ZN3vex6visionC2El
                0x0000000003804c00       0xa4 /Applications/VEXcode Pro V5.app/Contents/Resources/sdk/vexv5/libv5rt.a(vex_vision.cpp.obj)
                0x0000000003804c00                vex::vision::vision(long)
                0x0000000003804c00                vex::vision::vision(long)
 .text._ZN3vex10controllerD2Ev
                0x0000000003804ca4        0x4 /Applications/VEXcode Pro V5.app/Contents/Resources/sdk/vexv5/libv5rt.a(vex_controller.cpp.obj)
                0x0000000003804ca4                vex::controller::~controller()
                0x0000000003804ca4                vex::controller::~controller()
 .text._ZN3vex10controller5valueE19_V5_ControllerIndex
                0x0000000003804ca8        0x8 /Applications/VEXcode Pro V5.app/Contents/Resources/sdk/vexv5/libv5rt.a(vex_controller.cpp.obj)
                0x0000000003804ca8                vex::controller::value(_V5_ControllerIndex)
 .text._ZNK3vex10controller6button8pressingEv
                0x0000000003804cb0       0xc8 /Applications/VEXcode Pro V5.app/Contents/Resources/sdk/vexv5/libv5rt.a(vex_controller.cpp.obj)
                0x0000000003804cb0                vex::controller::button::pressing() const
 .text._ZNK3vex10controller6button7pressedEPFvvE
                0x0000000003804d78      0x108 /Applications/VEXcode Pro V5.app/Contents/Resources/sdk/vexv5/libv5rt.a(vex_controller.cpp.obj)
                0x0000000003804d78                vex::controller::button::pressed(void (*)()) const
 .text._ZNK3vex10controller6button21_buttonToPressedEventEv
                0x0000000003804e80       0x20 /Applications/VEXcode Pro V5.app/Contents/Resources/sdk/vexv5/libv5rt.a(vex_controller.cpp.obj)
                0x0000000003804e80                vex::controller::button::_buttonToPressedEvent() const
 .text._ZNK3vex10controller6button22_buttonToReleasedEventEv
                0x0000000003804ea0       0x20 /Applications/VEXcode Pro V5.app/Contents/Resources/sdk/vexv5/libv5rt.a(vex_controller.cpp.obj)
                0x0000000003804ea0                vex::controller::button::_buttonToReleasedEvent() const
 .text._ZN3vex10controller6buttonC2ENS0_11tButtonTypeEPS0_
                0x0000000003804ec0       0x48 /Applications/VEXcode Pro V5.app/Contents/Resources/sdk/vexv5/libv5rt.a(vex_controller.cpp.obj)
                0x0000000003804ec0                vex::controller::button::button(vex::controller::tButtonType, vex::controller*)
                0x0000000003804ec0                vex::controller::button::button(vex::controller::tButtonType, vex::controller*)
 .text._ZNK3vex10controller4axis5valueEv
                0x0000000003804f08       0x58 /Applications/VEXcode Pro V5.app/Contents/Resources/sdk/vexv5/libv5rt.a(vex_controller.cpp.obj)
                0x0000000003804f08                vex::controller::axis::value() const
 .text._ZNK3vex10controller4axis23_joystickToChangedEventEv
                0x0000000003804f60       0x20 /Applications/VEXcode Pro V5.app/Contents/Resources/sdk/vexv5/libv5rt.a(vex_controller.cpp.obj)
                0x0000000003804f60                vex::controller::axis::_joystickToChangedEvent() const
 .text._ZN3vex10controller4axisC2ENS0_9tAxisTypeEPS0_
                0x0000000003804f80       0x2c /Applications/VEXcode Pro V5.app/Contents/Resources/sdk/vexv5/libv5rt.a(vex_controller.cpp.obj)
                0x0000000003804f80                vex::controller::axis::axis(vex::controller::tAxisType, vex::controller*)
                0x0000000003804f80                vex::controller::axis::axis(vex::controller::tAxisType, vex::controller*)
 .text._ZN3vex10controllerC2ENS_14controllerTypeE
                0x0000000003804fac      0x16c /Applications/VEXcode Pro V5.app/Contents/Resources/sdk/vexv5/libv5rt.a(vex_controller.cpp.obj)
                0x0000000003804fac                vex::controller::controller(vex::controllerType)
                0x0000000003804fac                vex::controller::controller(vex::controllerType)
 .text._ZN3vex10controller3lcd15getControllerIdEv
                0x0000000003805118       0x10 /Applications/VEXcode Pro V5.app/Contents/Resources/sdk/vexv5/libv5rt.a(vex_controller.cpp.obj)
                0x0000000003805118                vex::controller::lcd::getControllerId()
 .text._ZN3vex10controller3lcd9setCursorEll
                0x0000000003805128       0x40 /Applications/VEXcode Pro V5.app/Contents/Resources/sdk/vexv5/libv5rt.a(vex_controller.cpp.obj)
                0x0000000003805128                vex::controller::lcd::setCursor(long, long)
 .text._ZN3vex10controller3lcd5printEPKcz
                0x0000000003805168       0x80 /Applications/VEXcode Pro V5.app/Contents/Resources/sdk/vexv5/libv5rt.a(vex_controller.cpp.obj)
                0x0000000003805168                vex::controller::lcd::print(char const*, ...)
 .text._ZN3vex10controller3lcd9clearLineEi
                0x00000000038051e8       0x80 /Applications/VEXcode Pro V5.app/Contents/Resources/sdk/vexv5/libv5rt.a(vex_controller.cpp.obj)
                0x00000000038051e8                vex::controller::lcd::clearLine(int)
 .text._ZN3vex10controller3lcd11clearScreenEv
                0x0000000003805268       0x5c /Applications/VEXcode Pro V5.app/Contents/Resources/sdk/vexv5/libv5rt.a(vex_controller.cpp.obj)
                0x0000000003805268                vex::controller::lcd::clearScreen()
 .text._ZN3vex10controller3lcd9clearLineEv
                0x00000000038052c4        0x8 /Applications/VEXcode Pro V5.app/Contents/Resources/sdk/vexv5/libv5rt.a(vex_controller.cpp.obj)
                0x00000000038052c4                vex::controller::lcd::clearLine()
 .text._ZN3vex10controller3lcd7newLineEv
                0x00000000038052cc       0x20 /Applications/VEXcode Pro V5.app/Contents/Resources/sdk/vexv5/libv5rt.a(vex_controller.cpp.obj)
                0x00000000038052cc                vex::controller::lcd::newLine()
 .text._ZN3vex4taskC2EPFivE
                0x00000000038052ec       0x5c /Applications/VEXcode Pro V5.app/Contents/Resources/sdk/vexv5/libv5rt.a(vex_task.cpp.obj)
                0x00000000038052ec                vex::task::task(int (*)())
                0x00000000038052ec                vex::task::task(int (*)())
 .text._ZN3vex4taskD2Ev
                0x0000000003805348        0x4 /Applications/VEXcode Pro V5.app/Contents/Resources/sdk/vexv5/libv5rt.a(vex_task.cpp.obj)
                0x0000000003805348                vex::task::~task()
                0x0000000003805348                vex::task::~task()
 .text._ZN3vex4task4stopEPvi
                0x000000000380534c       0x1c /Applications/VEXcode Pro V5.app/Contents/Resources/sdk/vexv5/libv5rt.a(vex_task.cpp.obj)
                0x000000000380534c                vex::task::stop(void*, int)
 .text._ZN3vex4task4stopEv
                0x0000000003805368       0x18 /Applications/VEXcode Pro V5.app/Contents/Resources/sdk/vexv5/libv5rt.a(vex_task.cpp.obj)
                0x0000000003805368                vex::task::stop()
 .text._ZN3vex4task5sleepEm
                0x0000000003805380        0x4 /Applications/VEXcode Pro V5.app/Contents/Resources/sdk/vexv5/libv5rt.a(vex_task.cpp.obj)
                0x0000000003805380                vex::task::sleep(unsigned long)
 .text._ZN3vex4task6_indexEPFivE
                0x0000000003805384       0x14 /Applications/VEXcode Pro V5.app/Contents/Resources/sdk/vexv5/libv5rt.a(vex_task.cpp.obj)
                0x0000000003805384                vex::task::_index(int (*)())
 .text._ZN3vex4task8_stopAllEv
                0x0000000003805398       0x3c /Applications/VEXcode Pro V5.app/Contents/Resources/sdk/vexv5/libv5rt.a(vex_task.cpp.obj)
                0x0000000003805398                vex::task::_stopAll()
 .text._ZN3vex11this_thread9sleep_forEm
                0x00000000038053d4        0x4 /Applications/VEXcode Pro V5.app/Contents/Resources/sdk/vexv5/libv5rt.a(vex_thread.cpp.obj)
                0x00000000038053d4                vex::this_thread::sleep_for(unsigned long)
 .text._ZN3vex5event4initEmmPFvvE
                0x00000000038053d8        0x4 /Applications/VEXcode Pro V5.app/Contents/Resources/sdk/vexv5/libv5rt.a(vex_event.cpp.obj)
                0x00000000038053d8                vex::event::init(unsigned long, unsigned long, void (*)())
 .text._ZN3vex5event4initEmmPFvPvES1_
                0x00000000038053dc        0x4 /Applications/VEXcode Pro V5.app/Contents/Resources/sdk/vexv5/libv5rt.a(vex_event.cpp.obj)
                0x00000000038053dc                vex::event::init(unsigned long, unsigned long, void (*)(void*), void*)
 .text._ZN3vex5event9userindexEv
                0x00000000038053e0        0x4 /Applications/VEXcode Pro V5.app/Contents/Resources/sdk/vexv5/libv5rt.a(vex_event.cpp.obj)
                0x00000000038053e0                vex::event::userindex()
 .text._ZZN3vex6meventC4EmmENUlvE_4_FUNEv
                0x00000000038053e4        0x4 /Applications/VEXcode Pro V5.app/Contents/Resources/sdk/vexv5/libv5rt.a(vex_mevent.cpp.obj)
 .text._ZN3vex6meventC2Emm
                0x00000000038053e8       0x70 /Applications/VEXcode Pro V5.app/Contents/Resources/sdk/vexv5/libv5rt.a(vex_mevent.cpp.obj)
                0x00000000038053e8                vex::mevent::mevent(unsigned long, unsigned long)
                0x00000000038053e8                vex::mevent::mevent(unsigned long, unsigned long)
 .text._ZN3vex5brain9_getIndexEv
                0x0000000003805458       0x10 /Applications/VEXcode Pro V5.app/Contents/Resources/sdk/vexv5/libv5rt.a(vex_brain.cpp.obj)
                0x0000000003805458                vex::brain::_getIndex()
 .text._ZN3vex5brain5timerENS_9timeUnitsE
                0x0000000003805468        0x8 /Applications/VEXcode Pro V5.app/Contents/Resources/sdk/vexv5/libv5rt.a(vex_brain.cpp.obj)
                0x0000000003805468                vex::brain::timer(vex::timeUnits)
 .text._ZN3vex5brain3lcd9setCursorEll
                0x0000000003805470       0x44 /Applications/VEXcode Pro V5.app/Contents/Resources/sdk/vexv5/libv5rt.a(vex_brain.cpp.obj)
                0x0000000003805470                vex::brain::lcd::setCursor(long, long)
 .text._ZN3vex5brain3lcd7setFontENS_8fontTypeE
                0x00000000038054b4      0x23c /Applications/VEXcode Pro V5.app/Contents/Resources/sdk/vexv5/libv5rt.a(vex_brain.cpp.obj)
                0x00000000038054b4                vex::brain::lcd::setFont(vex::fontType)
 .text._ZN3vex5brain3lcdC2Ev
                0x00000000038056f0       0x94 /Applications/VEXcode Pro V5.app/Contents/Resources/sdk/vexv5/libv5rt.a(vex_brain.cpp.obj)
                0x00000000038056f0                vex::brain::lcd::lcd()
                0x00000000038056f0                vex::brain::lcd::lcd()
 .text._ZN3vex5brainC2Ev
                0x0000000003805784       0x3c /Applications/VEXcode Pro V5.app/Contents/Resources/sdk/vexv5/libv5rt.a(vex_brain.cpp.obj)
                0x0000000003805784                vex::brain::brain()
                0x0000000003805784                vex::brain::brain()
 .text._ZN3vex5brain3lcd12_clearScreenEm
                0x00000000038057c0       0x38 /Applications/VEXcode Pro V5.app/Contents/Resources/sdk/vexv5/libv5rt.a(vex_brain.cpp.obj)
                0x00000000038057c0                vex::brain::lcd::_clearScreen(unsigned long)
 .text._ZN3vex5brain3lcd11clearScreenERKNS_5colorE
                0x00000000038057f8       0x20 /Applications/VEXcode Pro V5.app/Contents/Resources/sdk/vexv5/libv5rt.a(vex_brain.cpp.obj)
                0x00000000038057f8                vex::brain::lcd::clearScreen(vex::color const&)
 .text._ZN3vex5brain3lcd11clearScreenEv
                0x0000000003805818       0x2c /Applications/VEXcode Pro V5.app/Contents/Resources/sdk/vexv5/libv5rt.a(vex_brain.cpp.obj)
                0x0000000003805818                vex::brain::lcd::clearScreen()
 .text._ZN3vex5brain3lcd7newLineEv
                0x0000000003805844       0x20 /Applications/VEXcode Pro V5.app/Contents/Resources/sdk/vexv5/libv5rt.a(vex_brain.cpp.obj)
                0x0000000003805844                vex::brain::lcd::newLine()
 .text._ZN3vex5brain3lcd7pressedEPFvvE
                0x0000000003805864       0x1c /Applications/VEXcode Pro V5.app/Contents/Resources/sdk/vexv5/libv5rt.a(vex_brain.cpp.obj)
                0x0000000003805864                vex::brain::lcd::pressed(void (*)())
 .text._ZN3vex5brain3lcd10rowToPixelEl
                0x0000000003805880       0x34 /Applications/VEXcode Pro V5.app/Contents/Resources/sdk/vexv5/libv5rt.a(vex_brain.cpp.obj)
                0x0000000003805880                vex::brain::lcd::rowToPixel(long)
 .text._ZN3vex5brain3lcd9clearLineEi
                0x00000000038058b4       0x5c /Applications/VEXcode Pro V5.app/Contents/Resources/sdk/vexv5/libv5rt.a(vex_brain.cpp.obj)
                0x00000000038058b4                vex::brain::lcd::clearLine(int)
 .text._ZN3vex5brain3lcd5printEPKcz
                0x0000000003805910       0xb8 /Applications/VEXcode Pro V5.app/Contents/Resources/sdk/vexv5/libv5rt.a(vex_brain.cpp.obj)
                0x0000000003805910                vex::brain::lcd::print(char const*, ...)
 .text._ZN3vex5brainD2Ev
                0x00000000038059c8       0x20 /Applications/VEXcode Pro V5.app/Contents/Resources/sdk/vexv5/libv5rt.a(vex_brain.cpp.obj)
                0x00000000038059c8                vex::brain::~brain()
                0x00000000038059c8                vex::brain::~brain()
 .text._ZN3vex11competition8_disableEPv
                0x00000000038059e8       0xa4 /Applications/VEXcode Pro V5.app/Contents/Resources/sdk/vexv5/libv5rt.a(vex_competition.cpp.obj)
                0x00000000038059e8                vex::competition::_disable(void*)
 .text._ZN3vex11competition11_autonomousEv
                0x0000000003805a8c       0x80 /Applications/VEXcode Pro V5.app/Contents/Resources/sdk/vexv5/libv5rt.a(vex_competition.cpp.obj)
                0x0000000003805a8c                vex::competition::_autonomous()
 .text._ZN3vex11competition14_drivercontrolEv
                0x0000000003805b0c       0x80 /Applications/VEXcode Pro V5.app/Contents/Resources/sdk/vexv5/libv5rt.a(vex_competition.cpp.obj)
                0x0000000003805b0c                vex::competition::_drivercontrol()
 .text._ZN3vex11competitionC2Ev
                0x0000000003805b8c      0x13c /Applications/VEXcode Pro V5.app/Contents/Resources/sdk/vexv5/libv5rt.a(vex_competition.cpp.obj)
                0x0000000003805b8c                vex::competition::competition()
                0x0000000003805b8c                vex::competition::competition()
 .text._ZN3vex11competitionD2Ev
                0x0000000003805cc8        0x4 /Applications/VEXcode Pro V5.app/Contents/Resources/sdk/vexv5/libv5rt.a(vex_competition.cpp.obj)
                0x0000000003805cc8                vex::competition::~competition()
                0x0000000003805cc8                vex::competition::~competition()
 .text._ZN3vex11competition10autonomousEPFvvE
                0x0000000003805ccc       0x44 /Applications/VEXcode Pro V5.app/Contents/Resources/sdk/vexv5/libv5rt.a(vex_competition.cpp.obj)
                0x0000000003805ccc                vex::competition::autonomous(void (*)())
 .text._ZN3vex11competition13drivercontrolEPFvvE
                0x0000000003805d10       0x44 /Applications/VEXcode Pro V5.app/Contents/Resources/sdk/vexv5/libv5rt.a(vex_competition.cpp.obj)
                0x0000000003805d10                vex::competition::drivercontrol(void (*)())
 .text._ZN3vex7triportD2Ev
                0x0000000003805d54       0x38 /Applications/VEXcode Pro V5.app/Contents/Resources/sdk/vexv5/libv5rt.a(vex_triport.cpp.obj)
                0x0000000003805d54                vex::triport::~triport()
                0x0000000003805d54                vex::triport::~triport()
 .text._ZN3vex7triportD0Ev
                0x0000000003805d8c       0x1c /Applications/VEXcode Pro V5.app/Contents/Resources/sdk/vexv5/libv5rt.a(vex_triport.cpp.obj)
                0x0000000003805d8c                vex::triport::~triport()
 .text._ZN3vex7triport9installedEv
                0x0000000003805da8       0x18 /Applications/VEXcode Pro V5.app/Contents/Resources/sdk/vexv5/libv5rt.a(vex_triport.cpp.obj)
                0x0000000003805da8                vex::triport::installed()
 .text._ZN3vex7triport4portC2ElPS0_
                0x0000000003805dc0       0x74 /Applications/VEXcode Pro V5.app/Contents/Resources/sdk/vexv5/libv5rt.a(vex_triport.cpp.obj)
                0x0000000003805dc0                vex::triport::port::port(long, vex::triport*)
                0x0000000003805dc0                vex::triport::port::port(long, vex::triport*)
 .text._ZN3vex7triportC2El
                0x0000000003805e34       0xf0 /Applications/VEXcode Pro V5.app/Contents/Resources/sdk/vexv5/libv5rt.a(vex_triport.cpp.obj)
                0x0000000003805e34                vex::triport::triport(long)
                0x0000000003805e34                vex::triport::triport(long)
 .text._ZN3vex7triport4port4typeENS_11triportTypeE
                0x0000000003805f24       0x30 /Applications/VEXcode Pro V5.app/Contents/Resources/sdk/vexv5/libv5rt.a(vex_triport.cpp.obj)
                0x0000000003805f24                vex::triport::port::type(vex::triportType)
 .text._ZN3vex7triport4port4typeEv
                0x0000000003805f54       0x38 /Applications/VEXcode Pro V5.app/Contents/Resources/sdk/vexv5/libv5rt.a(vex_triport.cpp.obj)
                0x0000000003805f54                vex::triport::port::type()
 .text._ZN3vex7triport4port5valueEv
                0x0000000003805f8c       0x14 /Applications/VEXcode Pro V5.app/Contents/Resources/sdk/vexv5/libv5rt.a(vex_triport.cpp.obj)
                0x0000000003805f8c                vex::triport::port::value()
 .text._ZN3vex7triport4port5valueEl
                0x0000000003805fa0       0x18 /Applications/VEXcode Pro V5.app/Contents/Resources/sdk/vexv5/libv5rt.a(vex_triport.cpp.obj)
                0x0000000003805fa0                vex::triport::port::value(long)
 .text._ZN3vex7triport4port11setRotationEdNS_13rotationUnitsE
                0x0000000003805fb8       0x50 /Applications/VEXcode Pro V5.app/Contents/Resources/sdk/vexv5/libv5rt.a(vex_triport.cpp.obj)
                0x0000000003805fb8                vex::triport::port::setRotation(double, vex::rotationUnits)
 .text._ZN3vex7triport4port13resetRotationEv
                0x0000000003806008       0x20 /Applications/VEXcode Pro V5.app/Contents/Resources/sdk/vexv5/libv5rt.a(vex_triport.cpp.obj)
                0x0000000003806008                vex::triport::port::resetRotation()
 .text._ZN3vex7triport4port8rotationENS_13rotationUnitsE
                0x0000000003806028       0x40 /Applications/VEXcode Pro V5.app/Contents/Resources/sdk/vexv5/libv5rt.a(vex_triport.cpp.obj)
                0x0000000003806028                vex::triport::port::rotation(vex::rotationUnits)
 .text._ZN3vex11__trideviceC2ERNS_7triport4portENS_11triportTypeE
                0x0000000003806068       0x5c /Applications/VEXcode Pro V5.app/Contents/Resources/sdk/vexv5/libv5rt.a(vex_triport.cpp.obj)
                0x0000000003806068                vex::__tridevice::__tridevice(vex::triport::port&, vex::triportType)
                0x0000000003806068                vex::__tridevice::__tridevice(vex::triport::port&, vex::triportType)
 .text._ZN3vex11digital_outC2ERNS_7triport4portE
                0x00000000038060c4       0x18 /Applications/VEXcode Pro V5.app/Contents/Resources/sdk/vexv5/libv5rt.a(vex_triport.cpp.obj)
                0x00000000038060c4                vex::digital_out::digital_out(vex::triport::port&)
                0x00000000038060c4                vex::digital_out::digital_out(vex::triport::port&)
 .text._ZN3vex11digital_out3setEb
                0x00000000038060dc        0x8 /Applications/VEXcode Pro V5.app/Contents/Resources/sdk/vexv5/libv5rt.a(vex_triport.cpp.obj)
                0x00000000038060dc                vex::digital_out::set(bool)
 .text._ZN3vex10pneumaticsC2ERNS_7triport4portE
                0x00000000038060e4       0x14 /Applications/VEXcode Pro V5.app/Contents/Resources/sdk/vexv5/libv5rt.a(vex_triport.cpp.obj)
                0x00000000038060e4                vex::pneumatics::pneumatics(vex::triport::port&)
                0x00000000038060e4                vex::pneumatics::pneumatics(vex::triport::port&)
 .text._ZN3vex10pneumaticsD2Ev
                0x00000000038060f8        0x4 /Applications/VEXcode Pro V5.app/Contents/Resources/sdk/vexv5/libv5rt.a(vex_triport.cpp.obj)
                0x00000000038060f8                vex::pneumatics::~pneumatics()
                0x00000000038060f8                vex::pneumatics::~pneumatics()
 .text._ZN3vex10pneumatics4openEv
                0x00000000038060fc        0x8 /Applications/VEXcode Pro V5.app/Contents/Resources/sdk/vexv5/libv5rt.a(vex_triport.cpp.obj)
                0x00000000038060fc                vex::pneumatics::open()
 .text._ZN3vex10pneumatics5closeEv
                0x0000000003806104        0x8 /Applications/VEXcode Pro V5.app/Contents/Resources/sdk/vexv5/libv5rt.a(vex_triport.cpp.obj)
                0x0000000003806104                vex::pneumatics::close()
 .text._ZN3vex7encoderC2ERNS_7triport4portE
                0x000000000380610c       0x20 /Applications/VEXcode Pro V5.app/Contents/Resources/sdk/vexv5/libv5rt.a(vex_triport.cpp.obj)
                0x000000000380610c                vex::encoder::encoder(vex::triport::port&)
                0x000000000380610c                vex::encoder::encoder(vex::triport::port&)
 .text._ZN3vex7encoderD2Ev
                0x000000000380612c        0x4 /Applications/VEXcode Pro V5.app/Contents/Resources/sdk/vexv5/libv5rt.a(vex_triport.cpp.obj)
                0x000000000380612c                vex::encoder::~encoder()
                0x000000000380612c                vex::encoder::~encoder()
 .text._ZN3vex7encoder13resetRotationEv
                0x0000000003806130        0x8 /Applications/VEXcode Pro V5.app/Contents/Resources/sdk/vexv5/libv5rt.a(vex_triport.cpp.obj)
                0x0000000003806130                vex::encoder::resetRotation()
 .text._ZN3vex7encoder8positionENS_13rotationUnitsE
                0x0000000003806138        0x8 /Applications/VEXcode Pro V5.app/Contents/Resources/sdk/vexv5/libv5rt.a(vex_triport.cpp.obj)
                0x0000000003806138                vex::encoder::position(vex::rotationUnits)
 .text._ZN3vex5colorD2Ev
                0x0000000003806140        0x4 /Applications/VEXcode Pro V5.app/Contents/Resources/sdk/vexv5/libv5rt.a(vex_color.cpp.obj)
                0x0000000003806140                vex::color::~color()
                0x0000000003806140                vex::color::~color()
 .text._ZNK3vex5colorcvmEv
                0x0000000003806144        0x8 /Applications/VEXcode Pro V5.app/Contents/Resources/sdk/vexv5/libv5rt.a(vex_color.cpp.obj)
                0x0000000003806144                vex::color::operator unsigned long() const
 .text.startup._GLOBAL__sub_I__ZN3vex5color5blackE
                0x000000000380614c      0x164 /Applications/VEXcode Pro V5.app/Contents/Resources/sdk/vexv5/libv5rt.a(vex_color.cpp.obj)
 .text._ZN3vex5timerD2Ev
                0x00000000038062b0        0x4 /Applications/VEXcode Pro V5.app/Contents/Resources/sdk/vexv5/libv5rt.a(vex_timer.cpp.obj)
                0x00000000038062b0                vex::timer::~timer()
                0x00000000038062b0                vex::timer::~timer()
 .text._ZN3vex5timer5clearEv
                0x00000000038062b4       0x1c /Applications/VEXcode Pro V5.app/Contents/Resources/sdk/vexv5/libv5rt.a(vex_timer.cpp.obj)
                0x00000000038062b4                vex::timer::clear()
 .text._ZN3vex5timerC2Ev
                0x00000000038062d0       0x14 /Applications/VEXcode Pro V5.app/Contents/Resources/sdk/vexv5/libv5rt.a(vex_timer.cpp.obj)
                0x00000000038062d0                vex::timer::timer()
                0x00000000038062d0                vex::timer::timer()
 *fill*         0x00000000038062e4        0x4 
 .text._ZNK3vex5timer4timeENS_9timeUnitsE
                0x00000000038062e8       0x40 /Applications/VEXcode Pro V5.app/Contents/Resources/sdk/vexv5/libv5rt.a(vex_timer.cpp.obj)
                0x00000000038062e8                vex::timer::time(vex::timeUnits) const
 .text._ZN3vex5timer6systemEv
                0x0000000003806328        0x4 /Applications/VEXcode Pro V5.app/Contents/Resources/sdk/vexv5/libv5rt.a(vex_timer.cpp.obj)
                0x0000000003806328                vex::timer::system()
 .text.vexAdiPortConfigSet
                0x000000000380632c       0x28 /Applications/VEXcode Pro V5.app/Contents/Resources/sdk/vexv5/libv5rt.a(v5_apiuser.c.obj)
                0x000000000380632c                vexAdiPortConfigSet
 .text.vexAdiPortConfigGet
                0x0000000003806354       0x28 /Applications/VEXcode Pro V5.app/Contents/Resources/sdk/vexv5/libv5rt.a(v5_apiuser.c.obj)
                0x0000000003806354                vexAdiPortConfigGet
 .text.vexAdiValueSet
                0x000000000380637c       0x28 /Applications/VEXcode Pro V5.app/Contents/Resources/sdk/vexv5/libv5rt.a(v5_apiuser.c.obj)
                0x000000000380637c                vexAdiValueSet
 .text.vexAdiValueGet
                0x00000000038063a4       0x20 /Applications/VEXcode Pro V5.app/Contents/Resources/sdk/vexv5/libv5rt.a(v5_apiuser.c.obj)
                0x00000000038063a4                vexAdiValueGet
 .text.vexMotorVelocitySet
                0x00000000038063c4       0x20 /Applications/VEXcode Pro V5.app/Contents/Resources/sdk/vexv5/libv5rt.a(v5_apiuser.c.obj)
                0x00000000038063c4                vexMotorVelocitySet
 .text.vexMotorVoltageSet
                0x00000000038063e4       0x20 /Applications/VEXcode Pro V5.app/Contents/Resources/sdk/vexv5/libv5rt.a(v5_apiuser.c.obj)
                0x00000000038063e4                vexMotorVoltageSet
 .text.vexMotorActualVelocityGet
                0x0000000003806404       0x24 /Applications/VEXcode Pro V5.app/Contents/Resources/sdk/vexv5/libv5rt.a(v5_apiuser.c.obj)
                0x0000000003806404                vexMotorActualVelocityGet
 .text.vexMotorVoltageGet
                0x0000000003806428       0x18 /Applications/VEXcode Pro V5.app/Contents/Resources/sdk/vexv5/libv5rt.a(v5_apiuser.c.obj)
                0x0000000003806428                vexMotorVoltageGet
 .text.vexMotorReverseFlagSet
                0x0000000003806440       0x20 /Applications/VEXcode Pro V5.app/Contents/Resources/sdk/vexv5/libv5rt.a(v5_apiuser.c.obj)
                0x0000000003806440                vexMotorReverseFlagSet
 .text.vexMotorEncoderUnitsSet
                0x0000000003806460       0x20 /Applications/VEXcode Pro V5.app/Contents/Resources/sdk/vexv5/libv5rt.a(v5_apiuser.c.obj)
                0x0000000003806460                vexMotorEncoderUnitsSet
 .text.vexMotorBrakeModeSet
                0x0000000003806480       0x20 /Applications/VEXcode Pro V5.app/Contents/Resources/sdk/vexv5/libv5rt.a(v5_apiuser.c.obj)
                0x0000000003806480                vexMotorBrakeModeSet
 .text.vexMotorPositionSet
                0x00000000038064a0       0x28 /Applications/VEXcode Pro V5.app/Contents/Resources/sdk/vexv5/libv5rt.a(v5_apiuser.c.obj)
                0x00000000038064a0                vexMotorPositionSet
 .text.vexMotorPositionGet
                0x00000000038064c8       0x24 /Applications/VEXcode Pro V5.app/Contents/Resources/sdk/vexv5/libv5rt.a(v5_apiuser.c.obj)
                0x00000000038064c8                vexMotorPositionGet
 .text.vexMotorGearingSet
                0x00000000038064ec       0x20 /Applications/VEXcode Pro V5.app/Contents/Resources/sdk/vexv5/libv5rt.a(v5_apiuser.c.obj)
                0x00000000038064ec                vexMotorGearingSet
 .text.vexMotorGearingGet
                0x000000000380650c       0x18 /Applications/VEXcode Pro V5.app/Contents/Resources/sdk/vexv5/libv5rt.a(v5_apiuser.c.obj)
                0x000000000380650c                vexMotorGearingGet
 .text.vexVisionModeSet
                0x0000000003806524       0x20 /Applications/VEXcode Pro V5.app/Contents/Resources/sdk/vexv5/libv5rt.a(v5_apiuser.c.obj)
                0x0000000003806524                vexVisionModeSet
 .text.vexVisionObjectCountGet
                0x0000000003806544       0x18 /Applications/VEXcode Pro V5.app/Contents/Resources/sdk/vexv5/libv5rt.a(v5_apiuser.c.obj)
                0x0000000003806544                vexVisionObjectCountGet
 .text.vexVisionObjectGet
                0x000000000380655c       0x28 /Applications/VEXcode Pro V5.app/Contents/Resources/sdk/vexv5/libv5rt.a(v5_apiuser.c.obj)
                0x000000000380655c                vexVisionObjectGet
 .text.vexVisionSignatureSet
                0x0000000003806584       0x20 /Applications/VEXcode Pro V5.app/Contents/Resources/sdk/vexv5/libv5rt.a(v5_apiuser.c.obj)
                0x0000000003806584                vexVisionSignatureSet
 .text.vexVisionBrightnessSet
                0x00000000038065a4       0x20 /Applications/VEXcode Pro V5.app/Contents/Resources/sdk/vexv5/libv5rt.a(v5_apiuser.c.obj)
                0x00000000038065a4                vexVisionBrightnessSet
 .text.vexVisionLedModeSet
                0x00000000038065c4       0x20 /Applications/VEXcode Pro V5.app/Contents/Resources/sdk/vexv5/libv5rt.a(v5_apiuser.c.obj)
                0x00000000038065c4                vexVisionLedModeSet
 .text.vexVisionLedColorSet
                0x00000000038065e4       0x2c /Applications/VEXcode Pro V5.app/Contents/Resources/sdk/vexv5/libv5rt.a(v5_apiuser.c.obj)
                0x00000000038065e4                vexVisionLedColorSet
 .text.vexEventMaskSet
                0x0000000003806610       0x28 /Applications/VEXcode Pro V5.app/Contents/Resources/sdk/vexv5/libv5rt.a(v5_apiuser.c.obj)
                0x0000000003806610                vexEventMaskSet
 .text.vexEventMaskGet
                0x0000000003806638       0x18 /Applications/VEXcode Pro V5.app/Contents/Resources/sdk/vexv5/libv5rt.a(v5_apiuser.c.obj)
                0x0000000003806638                vexEventMaskGet
 .text._ZN3vex6deviceD2Ev
                0x0000000003806650        0x4 /Applications/VEXcode Pro V5.app/Contents/Resources/sdk/vexv5/libv5rt.a(vex_device.cpp.obj)
                0x0000000003806650                vex::device::~device()
                0x0000000003806650                vex::device::~device()
 .text._ZN3vex6device5valueEv
                0x0000000003806654        0x8 /Applications/VEXcode Pro V5.app/Contents/Resources/sdk/vexv5/libv5rt.a(vex_device.cpp.obj)
                0x0000000003806654                vex::device::value()
 .text._ZN3vex6deviceD0Ev
                0x000000000380665c       0x14 /Applications/VEXcode Pro V5.app/Contents/Resources/sdk/vexv5/libv5rt.a(vex_device.cpp.obj)
                0x000000000380665c                vex::device::~device()
 .text._ZN3vex6device4initEl
                0x0000000003806670       0x30 /Applications/VEXcode Pro V5.app/Contents/Resources/sdk/vexv5/libv5rt.a(vex_device.cpp.obj)
                0x0000000003806670                vex::device::init(long)
 .text._ZN3vex6deviceC2El
                0x00000000038066a0       0x20 /Applications/VEXcode Pro V5.app/Contents/Resources/sdk/vexv5/libv5rt.a(vex_device.cpp.obj)
                0x00000000038066a0                vex::device::device(long)
                0x00000000038066a0                vex::device::device(long)
 .text._ZN3vex6device4typeEv
                0x00000000038066c0       0x10 /Applications/VEXcode Pro V5.app/Contents/Resources/sdk/vexv5/libv5rt.a(vex_device.cpp.obj)
                0x00000000038066c0                vex::device::type()
 .text._ZN3vex6device9installedEv
                0x00000000038066d0       0x14 /Applications/VEXcode Pro V5.app/Contents/Resources/sdk/vexv5/libv5rt.a(vex_device.cpp.obj)
                0x00000000038066d0                vex::device::installed()
 .text.__aeabi_memclr
                0x00000000038066e4        0x8 /Applications/VEXcode Pro V5.app/Contents/Resources/sdk/vexv5/gcc/libs/libc.a(lib_a-aeabi_memclr.o)
                0x00000000038066e4                __aeabi_memclr8
                0x00000000038066e4                __aeabi_memclr4
                0x00000000038066e4                __aeabi_memclr
 .text.__aeabi_memcpy
                0x00000000038066ec        0x4 /Applications/VEXcode Pro V5.app/Contents/Resources/sdk/vexv5/gcc/libs/libc.a(lib_a-aeabi_memcpy.o)
                0x00000000038066ec                __aeabi_memcpy4
                0x00000000038066ec                __aeabi_memcpy
                0x00000000038066ec                __aeabi_memcpy8
 .text.__libc_fini_array
                0x00000000038066f0       0x30 /Applications/VEXcode Pro V5.app/Contents/Resources/sdk/vexv5/gcc/libs/libc.a(lib_a-fini.o)
                0x00000000038066f0                __libc_fini_array
 .text.__libc_init_array
                0x0000000003806720       0x58 /Applications/VEXcode Pro V5.app/Contents/Resources/sdk/vexv5/gcc/libs/libc.a(lib_a-init.o)
                0x0000000003806720                __libc_init_array
 .text.memcpy   0x0000000003806778       0xa8 /Applications/VEXcode Pro V5.app/Contents/Resources/sdk/vexv5/gcc/libs/libc.a(lib_a-memcpy.o)
                0x0000000003806778                memcpy
 .text.memcpy.__stub
                0x0000000003806820       0x20 linker stubs
 *(.gnu.linkonce.t.*)
 *(.plt)
 *(.gnu_warning)
 *(.gcc_except_table)
 *(.glue_7)
 .glue_7        0x0000000003806840        0x0 linker stubs
 *(.glue_7t)
 .glue_7t       0x0000000003806840        0x0 linker stubs
 *(.vfp11_veneer)
 .vfp11_veneer  0x0000000003806840        0x0 linker stubs
 *(.ARM.extab)
 *(.gnu.linkonce.armextab.*)

.v4_bx          0x0000000003806840        0x0
 .v4_bx         0x0000000003806840        0x0 linker stubs

.iplt           0x0000000003806840        0x0
 .iplt          0x0000000003806840        0x0 build/src/AutonSupport.o

.init
 *(.init)

.fini
 *(.fini)

.rodata         0x0000000003806840      0x2a4
                0x0000000003806840                __rodata_start = .
 *(.rodata)
 *(.rodata.*)
 .rodata.str1.1
                0x0000000003806840        0x8 build/src/AutonSupport.o
 .rodata.str1.8
                0x0000000003806848       0x40 build/src/AutonSupport.o
                                         0x3b (size before relaxing)
 .rodata.str1.1
                0x0000000003806888       0x2a build/src/DriveFunctions.o
 .rodata.str1.1
                0x00000000038068b2       0x18 build/src/Functions.o
 .rodata.str1.1
                0x00000000038068ca       0x1b build/src/Odometry.o
                                         0x20 (size before relaxing)
 .rodata.str1.1
                0x00000000038068e5       0x3c build/src/PID.o
                                         0x47 (size before relaxing)
 .rodata.str1.1
                0x0000000003806921       0x22 build/src/main.o
                                         0x3d (size before relaxing)
 .rodata.str1.1
                0x0000000003806943       0x2e /Applications/VEXcode Pro V5.app/Contents/Resources/sdk/vexv5/libv5rt.a(v5_startup.c.obj)
 *fill*         0x0000000003806971        0x3 
 .rodata._ZN3vex3revE
                0x0000000003806974        0x4 /Applications/VEXcode Pro V5.app/Contents/Resources/sdk/vexv5/libv5rt.a(vex_global.cpp.obj)
                0x0000000003806974                vex::rev
 .rodata._ZN3vex3fwdE
                0x0000000003806978        0x4 /Applications/VEXcode Pro V5.app/Contents/Resources/sdk/vexv5/libv5rt.a(vex_global.cpp.obj)
                0x0000000003806978                vex::fwd
 .rodata._ZN3vex5PORT3E
                0x000000000380697c        0x4 /Applications/VEXcode Pro V5.app/Contents/Resources/sdk/vexv5/libv5rt.a(vex_global.cpp.obj)
                0x000000000380697c                vex::PORT3
 .rodata._ZN3vex5PORT1E
                0x0000000003806980        0x4 /Applications/VEXcode Pro V5.app/Contents/Resources/sdk/vexv5/libv5rt.a(vex_global.cpp.obj)
                0x0000000003806980                vex::PORT1
 .rodata._ZN3vex7reverseE
                0x0000000003806984        0x4 /Applications/VEXcode Pro V5.app/Contents/Resources/sdk/vexv5/libv5rt.a(vex_global.cpp.obj)
                0x0000000003806984                vex::reverse
 .rodata._ZN3vex4voltE
                0x0000000003806988        0x4 /Applications/VEXcode Pro V5.app/Contents/Resources/sdk/vexv5/libv5rt.a(vex_global.cpp.obj)
                0x0000000003806988                vex::volt
 .rodata._ZN3vex5PORT5E
                0x000000000380698c        0x4 /Applications/VEXcode Pro V5.app/Contents/Resources/sdk/vexv5/libv5rt.a(vex_global.cpp.obj)
                0x000000000380698c                vex::PORT5
 .rodata._ZN3vex7forwardE
                0x0000000003806990        0x4 /Applications/VEXcode Pro V5.app/Contents/Resources/sdk/vexv5/libv5rt.a(vex_global.cpp.obj)
                0x0000000003806990                vex::forward
 .rodata._ZN3vex3pctE
                0x0000000003806994        0x4 /Applications/VEXcode Pro V5.app/Contents/Resources/sdk/vexv5/libv5rt.a(vex_global.cpp.obj)
                0x0000000003806994                vex::pct
 .rodata._ZN3vex3secE
                0x0000000003806998        0x4 /Applications/VEXcode Pro V5.app/Contents/Resources/sdk/vexv5/libv5rt.a(vex_global.cpp.obj)
                0x0000000003806998                vex::sec
 .rodata._ZN3vex4msecE
                0x000000000380699c        0x4 /Applications/VEXcode Pro V5.app/Contents/Resources/sdk/vexv5/libv5rt.a(vex_global.cpp.obj)
                0x000000000380699c                vex::msec
 .rodata._ZN3vex9ratio36_1E
                0x00000000038069a0        0x4 /Applications/VEXcode Pro V5.app/Contents/Resources/sdk/vexv5/libv5rt.a(vex_global.cpp.obj)
                0x00000000038069a0                vex::ratio36_1
 .rodata._ZN3vex5PORT9E
                0x00000000038069a4        0x4 /Applications/VEXcode Pro V5.app/Contents/Resources/sdk/vexv5/libv5rt.a(vex_global.cpp.obj)
                0x00000000038069a4                vex::PORT9
 .rodata._ZN3vex5PORT2E
                0x00000000038069a8        0x4 /Applications/VEXcode Pro V5.app/Contents/Resources/sdk/vexv5/libv5rt.a(vex_global.cpp.obj)
                0x00000000038069a8                vex::PORT2
 .rodata._ZN3vex3rpmE
                0x00000000038069ac        0x4 /Applications/VEXcode Pro V5.app/Contents/Resources/sdk/vexv5/libv5rt.a(vex_global.cpp.obj)
                0x00000000038069ac                vex::rpm
 .rodata._ZN3vex5PORT6E
                0x00000000038069b0        0x4 /Applications/VEXcode Pro V5.app/Contents/Resources/sdk/vexv5/libv5rt.a(vex_global.cpp.obj)
                0x00000000038069b0                vex::PORT6
 .rodata._ZN3vex7primaryE
                0x00000000038069b4        0x4 /Applications/VEXcode Pro V5.app/Contents/Resources/sdk/vexv5/libv5rt.a(vex_global.cpp.obj)
                0x00000000038069b4                vex::primary
 .rodata._ZN3vex6PORT22E
                0x00000000038069b8        0x4 /Applications/VEXcode Pro V5.app/Contents/Resources/sdk/vexv5/libv5rt.a(vex_global.cpp.obj)
                0x00000000038069b8                vex::PORT22
 .rodata._ZN3vex4holdE
                0x00000000038069bc        0x4 /Applications/VEXcode Pro V5.app/Contents/Resources/sdk/vexv5/libv5rt.a(vex_global.cpp.obj)
                0x00000000038069bc                vex::hold
 .rodata._ZN3vex5PORT7E
                0x00000000038069c0        0x4 /Applications/VEXcode Pro V5.app/Contents/Resources/sdk/vexv5/libv5rt.a(vex_global.cpp.obj)
                0x00000000038069c0                vex::PORT7
 .rodata._ZN3vex8ratio6_1E
                0x00000000038069c4        0x4 /Applications/VEXcode Pro V5.app/Contents/Resources/sdk/vexv5/libv5rt.a(vex_global.cpp.obj)
                0x00000000038069c4                vex::ratio6_1
 .rodata._ZN3vex5brakeE
                0x00000000038069c8        0x4 /Applications/VEXcode Pro V5.app/Contents/Resources/sdk/vexv5/libv5rt.a(vex_global.cpp.obj)
                0x00000000038069c8                vex::brake
 .rodata._ZN3vex5coastE
                0x00000000038069cc        0x4 /Applications/VEXcode Pro V5.app/Contents/Resources/sdk/vexv5/libv5rt.a(vex_global.cpp.obj)
                0x00000000038069cc                vex::coast
 .rodata._ZN3vex5PORT4E
                0x00000000038069d0        0x4 /Applications/VEXcode Pro V5.app/Contents/Resources/sdk/vexv5/libv5rt.a(vex_global.cpp.obj)
                0x00000000038069d0                vex::PORT4
 .rodata._ZN3vex5PORT8E
                0x00000000038069d4        0x4 /Applications/VEXcode Pro V5.app/Contents/Resources/sdk/vexv5/libv5rt.a(vex_global.cpp.obj)
                0x00000000038069d4                vex::PORT8
 .rodata._ZN3vex9ratio18_1E
                0x00000000038069d8        0x4 /Applications/VEXcode Pro V5.app/Contents/Resources/sdk/vexv5/libv5rt.a(vex_global.cpp.obj)
                0x00000000038069d8                vex::ratio18_1
 *fill*         0x00000000038069dc        0x4 
 .rodata._ZTVN3vex5motorE
                0x00000000038069e0       0x18 /Applications/VEXcode Pro V5.app/Contents/Resources/sdk/vexv5/libv5rt.a(vex_motor.cpp.obj)
                0x00000000038069e0                vtable for vex::motor
 .rodata._ZTVN3vex6visionE
                0x00000000038069f8       0x18 /Applications/VEXcode Pro V5.app/Contents/Resources/sdk/vexv5/libv5rt.a(vex_vision.cpp.obj)
                0x00000000038069f8                vtable for vex::vision
 .rodata.str1.1
                0x0000000003806a10       0x1f /Applications/VEXcode Pro V5.app/Contents/Resources/sdk/vexv5/libv5rt.a(vex_controller.cpp.obj)
                                         0x20 (size before relaxing)
 .rodata.CSWTCH.16
                0x0000000003806a2f        0xb /Applications/VEXcode Pro V5.app/Contents/Resources/sdk/vexv5/libv5rt.a(vex_controller.cpp.obj)
 .rodata.CSWTCH.18
                0x0000000003806a3a        0xb /Applications/VEXcode Pro V5.app/Contents/Resources/sdk/vexv5/libv5rt.a(vex_controller.cpp.obj)
 .rodata.CSWTCH.24
                0x0000000003806a45        0x3 /Applications/VEXcode Pro V5.app/Contents/Resources/sdk/vexv5/libv5rt.a(vex_controller.cpp.obj)
 .rodata.str1.1
                0x0000000003806a48       0x14 /Applications/VEXcode Pro V5.app/Contents/Resources/sdk/vexv5/libv5rt.a(vex_task.cpp.obj)
 .rodata.str1.1
                0x0000000003806a5c       0x2d /Applications/VEXcode Pro V5.app/Contents/Resources/sdk/vexv5/libv5rt.a(vex_brain.cpp.obj)
 .rodata.CSWTCH.36
                0x0000000003806a89       0x10 /Applications/VEXcode Pro V5.app/Contents/Resources/sdk/vexv5/libv5rt.a(vex_triport.cpp.obj)
 *fill*         0x0000000003806a99        0x7 
 .rodata._ZTVN3vex7triportE
                0x0000000003806aa0       0x18 /Applications/VEXcode Pro V5.app/Contents/Resources/sdk/vexv5/libv5rt.a(vex_triport.cpp.obj)
                0x0000000003806aa0                vtable for vex::triport
 .rodata.CSWTCH.31
                0x0000000003806ab8        0xe /Applications/VEXcode Pro V5.app/Contents/Resources/sdk/vexv5/libv5rt.a(vex_triport.cpp.obj)
 *fill*         0x0000000003806ac6        0x2 
 .rodata._ZTVN3vex6deviceE
                0x0000000003806ac8       0x18 /Applications/VEXcode Pro V5.app/Contents/Resources/sdk/vexv5/libv5rt.a(vex_device.cpp.obj)
                0x0000000003806ac8                vtable for vex::device
 .rodata.str1.4
                0x0000000003806ae0        0x4 /Applications/VEXcode Pro V5.app/Contents/Resources/sdk/vexv5/gcc/libs/libc.a(lib_a-impure.o)
                                          0x2 (size before relaxing)
 *(.gnu.linkonce.r.*)
                0x0000000003806ae4                __rodata_end = .

.rodata1        0x0000000003806ae4        0x0
                0x0000000003806ae4                __rodata1_start = .
 *(.rodata1)
 *(.rodata1.*)
                0x0000000003806ae4                __rodata1_end = .

.sdata2         0x0000000003806ae4        0x0
                0x0000000003806ae4                __sdata2_start = .
 *(.sdata2)
 *(.sdata2.*)
 *(.gnu.linkonce.s2.*)
                0x0000000003806ae4                __sdata2_end = .

.sbss2          0x0000000003806ae4        0x0
                0x0000000003806ae4                __sbss2_start = .
 *(.sbss2)
 *(.sbss2.*)
 *(.gnu.linkonce.sb2.*)
                0x0000000003806ae4                __sbss2_end = .

.data           0x0000000003806ae8      0x524
                0x0000000003806ae8                __data_start = .
 *(.data)
 *(.data.*)
 .data.state_name
                0x0000000003806ae8        0x5 build/src/AutonSupport.o
                0x0000000003806ae8                state_name
 *fill*         0x0000000003806aed        0x3 
 .data._ZL12lin_slewRate
                0x0000000003806af0        0x8 build/src/DriveFunctions.o
 .data._ZL9lin_minDT
                0x0000000003806af8        0x4 build/src/DriveFunctions.o
 *fill*         0x0000000003806afc        0x4 
 .data._ZL12rot_slewRate
                0x0000000003806b00        0x8 build/src/DriveFunctions.o
 .data._ZL9rot_minDT
                0x0000000003806b08        0x4 build/src/DriveFunctions.o
 *fill*         0x0000000003806b0c        0x4 
 .data.flyWheelPID
                0x0000000003806b10       0xb8 build/src/main.o
                0x0000000003806b10                flyWheelPID
 .data.flywheelSpeeds
                0x0000000003806bc8        0x6 build/src/main.o
                0x0000000003806bc8                flywheelSpeeds
 *fill*         0x0000000003806bce        0x2 
 .data.autoAimColor
                0x0000000003806bd0        0x4 build/src/main.o
                0x0000000003806bd0                autoAimColor
 .data.appRunning
                0x0000000003806bd4        0x4 /Applications/VEXcode Pro V5.app/Contents/Resources/sdk/vexv5/libv5rt.a(v5_startup.c.obj)
                0x0000000003806bd4                appRunning
 .data.__yoff   0x0000000003806bd8        0x4 /Applications/VEXcode Pro V5.app/Contents/Resources/sdk/vexv5/libv5rt.a(v5_apijump.c.obj)
 .data._ZN3vex24__default_motor_velocityE
                0x0000000003806bdc        0x4 /Applications/VEXcode Pro V5.app/Contents/Resources/sdk/vexv5/libv5rt.a(vex_motor.cpp.obj)
                0x0000000003806bdc                vex::__default_motor_velocity
 .data.impure_data
                0x0000000003806be0      0x428 /Applications/VEXcode Pro V5.app/Contents/Resources/sdk/vexv5/gcc/libs/libc.a(lib_a-impure.o)
 .data._impure_ptr
                0x0000000003807008        0x4 /Applications/VEXcode Pro V5.app/Contents/Resources/sdk/vexv5/gcc/libs/libc.a(lib_a-impure.o)
                0x0000000003807008                _impure_ptr
 *(.gnu.linkonce.d.*)
 *(.jcr)
 *(.got)
 *(.got.plt)
                0x000000000380700c                __data_end = .

.igot.plt       0x000000000380700c        0x0
 .igot.plt      0x000000000380700c        0x0 build/src/AutonSupport.o

.data1          0x000000000380700c        0x0
                0x000000000380700c                __data1_start = .
 *(.data1)
 *(.data1.*)
                0x000000000380700c                __data1_end = .

.got
 *(.got)

.ctors          0x000000000380700c        0x0
                0x000000000380700c                __CTOR_LIST__ = .
                0x000000000380700c                ___CTORS_LIST___ = .
 *crtbegin.o(.ctors)
 *(EXCLUDE_FILE(*crtend.o) .ctors)
 *(SORT_BY_NAME(.ctors.*))
 *(.ctors)
                0x000000000380700c                __CTOR_END__ = .
                0x000000000380700c                ___CTORS_END___ = .

.dtors          0x000000000380700c        0x0
                0x000000000380700c                __DTOR_LIST__ = .
                0x000000000380700c                ___DTORS_LIST___ = .
 *crtbegin.o(.dtors)
 *(EXCLUDE_FILE(*crtend.o) .dtors)
 *(SORT_BY_NAME(.dtors.*))
 *(.dtors)
                0x000000000380700c                __DTOR_END__ = .
                0x000000000380700c                ___DTORS_END___ = .

.fixup          0x000000000380700c        0x0
                0x000000000380700c                __fixup_start = .
 *(.fixup)
                0x000000000380700c                __fixup_end = .

.eh_frame
 *(.eh_frame)

.eh_framehdr    0x000000000380700c        0x0
                0x000000000380700c                __eh_framehdr_start = .
 *(.eh_framehdr)
                0x000000000380700c                __eh_framehdr_end = .

.gcc_except_table
 *(.gcc_except_table)

.mmu_tbl        0x0000000003808000        0x0
                0x0000000003808000                __mmu_tbl_start = .
 *(.mmu_tbl)
                0x0000000003808000                __mmu_tbl_end = .

.ARM.exidx      0x000000000380700c        0x8
                0x000000000380700c                __exidx_start = .
 *(.ARM.exidx*)
 .ARM.exidx.text._Z12Paint_Screenv
                0x000000000380700c        0x8 build/src/AutonSupport.o
 .ARM.exidx.text._Z12cycle_autonsv
                0x0000000003807014        0x0 build/src/AutonSupport.o
                                          0x8 (size before relaxing)
 .ARM.exidx.text._Z6Auton1v
                0x0000000003807014        0x0 build/src/Autons.o
                                          0x8 (size before relaxing)
 .ARM.exidx.text._Z6Auton2v
                0x0000000003807014        0x0 build/src/Autons.o
                                          0x8 (size before relaxing)
 .ARM.exidx.text._Z6Auton3v
                0x0000000003807014        0x0 build/src/Autons.o
                                          0x8 (size before relaxing)
 .ARM.exidx.text._Z6Auton4v
                0x0000000003807014        0x0 build/src/Autons.o
                                          0x8 (size before relaxing)
 .ARM.exidx.text._Z9userDrivev
                0x0000000003807014        0x0 build/src/DriveFunctions.o
                                          0x8 (size before relaxing)
 .ARM.exidx.text._Z10moveLinearfim
                0x0000000003807014        0x0 build/src/DriveFunctions.o
                                          0x8 (size before relaxing)
 .ARM.exidx.text._Z8moveStopN3vex9brakeTypeE
                0x0000000003807014        0x0 build/src/DriveFunctions.o
                                          0x8 (size before relaxing)
 .ARM.exidx.text._Z10moveRotatedim
                0x0000000003807014        0x0 build/src/DriveFunctions.o
                                          0x8 (size before relaxing)
 .ARM.exidx.text._Z11setLinGainsddddi
                0x0000000003807014        0x0 build/src/DriveFunctions.o
                                          0x8 (size before relaxing)
 .ARM.exidx.text._Z11setRotGainsddddi
                0x0000000003807014        0x0 build/src/DriveFunctions.o
                                          0x8 (size before relaxing)
 .ARM.exidx.text._GLOBAL__sub_I_DriveFunctions.cpp
                0x0000000003807014        0x0 build/src/DriveFunctions.o
                                          0x8 (size before relaxing)
 .ARM.exidx.text._ZN3vex6visionC2IJNS0_9signatureES2_S2_S2_S2_S2_S2_EEElhDpRT_
                0x0000000003807014        0x0 build/src/Functions.o
                                          0x8 (size before relaxing)
 .ARM.exidx.text._Z21setAutonFlywheelSpeeds
                0x0000000003807014        0x0 build/src/Functions.o
                                          0x8 (size before relaxing)
 .ARM.exidx.text._Z14enableFlywheelv
                0x0000000003807014        0x0 build/src/Functions.o
                                          0x8 (size before relaxing)
 .ARM.exidx.text._Z15disableFlywheelv
                0x0000000003807014        0x0 build/src/Functions.o
                                          0x8 (size before relaxing)
 .ARM.exidx.text._Z17enableRollerWheelv
                0x0000000003807014        0x0 build/src/Functions.o
                                          0x8 (size before relaxing)
 .ARM.exidx.text._Z8fireDiscv
                0x0000000003807014        0x0 build/src/Functions.o
                                          0x8 (size before relaxing)
 .ARM.exidx.text._Z18disableRollerWheelv
                0x0000000003807014        0x0 build/src/Functions.o
                                          0x8 (size before relaxing)
 .ARM.exidx.text._Z7autoAimi
                0x0000000003807014        0x0 build/src/Functions.o
                                          0x8 (size before relaxing)
 .ARM.exidx.text._Z20autonFlywheelControlv
                0x0000000003807014        0x0 build/src/Functions.o
                                          0x8 (size before relaxing)
 .ARM.exidx.text._ZN3vex6vision7_setsigINS0_9signatureEJS2_S2_S2_S2_EEEvRT_DpRT0_
                0x0000000003807014        0x0 build/src/Functions.o
                                          0x8 (size before relaxing)
 .ARM.exidx.text._GLOBAL__sub_I_Functions.cpp
                0x0000000003807014        0x0 build/src/Functions.o
                                          0x8 (size before relaxing)
 .ARM.exidx.text._Z3odov
                0x0000000003807014        0x0 build/src/Odometry.o
                                          0x8 (size before relaxing)
 .ARM.exidx.text._Z11printCoordsv
                0x0000000003807014        0x0 build/src/Odometry.o
                                          0x8 (size before relaxing)
 .ARM.exidx.text._Z12get_tAbs_degv
                0x0000000003807014        0x0 build/src/Odometry.o
                                          0x8 (size before relaxing)
 .ARM.exidx.text._Z7pidInitP11pidStruct_tddddi
                0x0000000003807014        0x0 build/src/PID.o
                                          0x8 (size before relaxing)
 .ARM.exidx.text._Z12pidCalculateP11pidStruct_tdd
                0x0000000003807014        0x0 build/src/PID.o
                                          0x8 (size before relaxing)
 .ARM.exidx.text._Z14printPIDValuesP11pidStruct_t
                0x0000000003807014        0x0 build/src/PID.o
                                          0x8 (size before relaxing)
 .ARM.exidx.text._Z9pre_autonv
                0x0000000003807014        0x0 build/src/main.o
                                          0x8 (size before relaxing)
 .ARM.exidx.text._Z10autonomousv
                0x0000000003807014        0x0 build/src/main.o
                                          0x8 (size before relaxing)
 .ARM.exidx.text._Z18updateSpeedDisplayv
                0x0000000003807014        0x0 build/src/main.o
                                          0x8 (size before relaxing)
 .ARM.exidx.text._Z11usercontrolv
                0x0000000003807014        0x0 build/src/main.o
                                          0x8 (size before relaxing)
 .ARM.exidx.text.main
                0x0000000003807014        0x0 build/src/main.o
                                          0x8 (size before relaxing)
 .ARM.exidx.text._GLOBAL__sub_I_main.cpp