Archive member included because of file (symbol)

C:\Program Files (x86)\VEX Robotics\VEXcode Pro V5\sdk/vexv5\libv5rt.a(v5_startup.c.obj)
                              (vexStartup)
C:\Program Files (x86)\VEX Robotics\VEXcode Pro V5\sdk/vexv5\libv5rt.a(v5_util.c.obj)
                              C:\Program Files (x86)\VEX Robotics\VEXcode Pro V5\sdk/vexv5\libv5rt.a(v5_startup.c.obj) (vexStdlibVersionLinked)
C:\Program Files (x86)\VEX Robotics\VEXcode Pro V5\sdk/vexv5\libv5rt.a(v5_apijump.c.obj)
                              C:\Program Files (x86)\VEX Robotics\VEXcode Pro V5\sdk/vexv5\libv5rt.a(v5_startup.c.obj) (vexPrivateApiEnable)
C:\Program Files (x86)\VEX Robotics\VEXcode Pro V5\sdk/vexv5\libv5rt.a(v5_apiversions.c.obj)
                              C:\Program Files (x86)\VEX Robotics\VEXcode Pro V5\sdk/vexv5\libv5rt.a(v5_apijump.c.obj) (vexSystemVersion)
C:\Program Files (x86)\VEX Robotics\VEXcode Pro V5\sdk/vexv5\libv5rt.a(vex_global.cpp.obj)
                              build/src/Functions.o (vex::wait(double, vex::timeUnits))
C:\Program Files (x86)\VEX Robotics\VEXcode Pro V5\sdk/vexv5\libv5rt.a(vex_motor.cpp.obj)
                              build/src/robot-config.o (vex::motor::~motor())
C:\Program Files (x86)\VEX Robotics\VEXcode Pro V5\sdk/vexv5\libv5rt.a(vex_vision.cpp.obj)
                              build/src/Functions.o (vex::vision::~vision())
C:\Program Files (x86)\VEX Robotics\VEXcode Pro V5\sdk/vexv5\libv5rt.a(vex_imu.cpp.obj)
                              build/src/DriveFunctions.o (vex::inertial::~inertial())
C:\Program Files (x86)\VEX Robotics\VEXcode Pro V5\sdk/vexv5\libv5rt.a(vex_controller.cpp.obj)
                              build/src/robot-config.o (vex::controller::~controller())
C:\Program Files (x86)\VEX Robotics\VEXcode Pro V5\sdk/vexv5\libv5rt.a(vex_task.cpp.obj)
                              build/src/Autons.o (vex::task::task(int (*)()))
C:\Program Files (x86)\VEX Robotics\VEXcode Pro V5\sdk/vexv5\libv5rt.a(vex_thread.cpp.obj)
                              C:\Program Files (x86)\VEX Robotics\VEXcode Pro V5\sdk/vexv5\libv5rt.a(vex_global.cpp.obj) (vex::this_thread::sleep_for(unsigned long))
C:\Program Files (x86)\VEX Robotics\VEXcode Pro V5\sdk/vexv5\libv5rt.a(vex_event.cpp.obj)
                              C:\Program Files (x86)\VEX Robotics\VEXcode Pro V5\sdk/vexv5\libv5rt.a(vex_imu.cpp.obj) (vex::event::init(unsigned long, unsigned long, void (*)()))
C:\Program Files (x86)\VEX Robotics\VEXcode Pro V5\sdk/vexv5\libv5rt.a(vex_mevent.cpp.obj)
                              C:\Program Files (x86)\VEX Robotics\VEXcode Pro V5\sdk/vexv5\libv5rt.a(vex_controller.cpp.obj) (vex::mevent::mevent(unsigned long, unsigned long))
C:\Program Files (x86)\VEX Robotics\VEXcode Pro V5\sdk/vexv5\libv5rt.a(vex_brain.cpp.obj)
                              build/src/PID.o (vex::brain::timer(vex::timeUnits))
C:\Program Files (x86)\VEX Robotics\VEXcode Pro V5\sdk/vexv5\libv5rt.a(vex_competition.cpp.obj)
                              build/src/main.o (vex::competition::competition())
C:\Program Files (x86)\VEX Robotics\VEXcode Pro V5\sdk/vexv5\libv5rt.a(vex_triport.cpp.obj)
                              C:\Program Files (x86)\VEX Robotics\VEXcode Pro V5\sdk/vexv5\libv5rt.a(vex_brain.cpp.obj) (vex::triport::~triport())
C:\Program Files (x86)\VEX Robotics\VEXcode Pro V5\sdk/vexv5\libv5rt.a(vex_color.cpp.obj)
                              C:\Program Files (x86)\VEX Robotics\VEXcode Pro V5\sdk/vexv5\libv5rt.a(vex_brain.cpp.obj) (vex::color::operator unsigned long() const)
C:\Program Files (x86)\VEX Robotics\VEXcode Pro V5\sdk/vexv5\libv5rt.a(vex_timer.cpp.obj)
                              C:\Program Files (x86)\VEX Robotics\VEXcode Pro V5\sdk/vexv5\libv5rt.a(vex_brain.cpp.obj) (vex::timer::~timer())
C:\Program Files (x86)\VEX Robotics\VEXcode Pro V5\sdk/vexv5\libv5rt.a(v5_apiuser.c.obj)
                              C:\Program Files (x86)\VEX Robotics\VEXcode Pro V5\sdk/vexv5\libv5rt.a(vex_triport.cpp.obj) (vexAdiPortConfigSet)
C:\Program Files (x86)\VEX Robotics\VEXcode Pro V5\sdk/vexv5\libv5rt.a(vex_device.cpp.obj)
                              C:\Program Files (x86)\VEX Robotics\VEXcode Pro V5\sdk/vexv5\libv5rt.a(vex_motor.cpp.obj) (vex::device::~device())
C:\Program Files (x86)\VEX Robotics\VEXcode Pro V5\sdk/vexv5/gcc/libs\libc.a(lib_a-aeabi_memclr.o)
                              build/lvgl/src/lv_draw/lv_draw_img.o (__aeabi_memclr)
C:\Program Files (x86)\VEX Robotics\VEXcode Pro V5\sdk/vexv5/gcc/libs\libc.a(lib_a-aeabi_memcpy.o)
                              build/src/AutonSupport.o (__aeabi_memcpy)
C:\Program Files (x86)\VEX Robotics\VEXcode Pro V5\sdk/vexv5/gcc/libs\libc.a(lib_a-aeabi_memset-soft.o)
                              build/lvgl/src/lv_misc/lv_printf.o (__aeabi_memset)
C:\Program Files (x86)\VEX Robotics\VEXcode Pro V5\sdk/vexv5/gcc/libs\libc.a(lib_a-fini.o)
[...]
Memory Configuration

Name             Origin             Length             Attributes
ps7_ddr_0_S_AXI_BASEADDR 0x03800000         0x04800000
*default*        0x00000000         0xffffffff

Linker script and memory map

                0x00002000                _STACK_SIZE = DEFINED (_STACK_SIZE)?_STACK_SIZE:0x2000
                0x00100000                _HEAP_SIZE = DEFINED (_HEAP_SIZE)?_HEAP_SIZE:0x100000
                0x00000400                _ABORT_STACK_SIZE = DEFINED (_ABORT_STACK_SIZE)?_ABORT_STACK_SIZE:0x400
                0x00000800                _SUPERVISOR_STACK_SIZE = DEFINED (_SUPERVISOR_STACK_SIZE)?_SUPERVISOR_STACK_SIZE:0x800
                0x00000400                _IRQ_STACK_SIZE = DEFINED (_IRQ_STACK_SIZE)?_IRQ_STACK_SIZE:0x400
                0x00000400                _FIQ_STACK_SIZE = DEFINED (_FIQ_STACK_SIZE)?_FIQ_STACK_SIZE:0x400
                0x00000400                _UNDEF_STACK_SIZE = DEFINED (_UNDEF_STACK_SIZE)?_UNDEF_STACK_SIZE:0x400

.text           0x03800000    0x1e100
 *(.vectors)
 *(.boot_data)
 .boot_data     0x03800000       0x20 C:\Program Files (x86)\VEX Robotics\VEXcode Pro V5\sdk/vexv5\libv5rt.a(v5_startup.c.obj)
                0x03800000                vexCodeSig
                0x00000020                . = 0x20
 *(.boot)
 .boot          0x03800020       0xbc C:\Program Files (x86)\VEX Robotics\VEXcode Pro V5\sdk/vexv5\libv5rt.a(v5_startup.c.obj)
                0x03800020                vexStartup
                0x03800100                . = ALIGN (0x40)
 *fill*         0x038000dc       0x24 
 *(.freertos_vectors)
 *(.text)
 .text          0x03800100      0x188 build/src/v5lvgl.o
                0x03800100                lvgltask
                0x03800120                v5_lv_init
 .text          0x03800288     0x23b8 build/lvgl/src/lv_core/lv_obj.o
                0x03800288                lv_init
                0x038002fc                lv_deinit
                0x03800328                lv_obj_create
                0x038008c4                lv_obj_get_base_dir
                0x038008cc                lv_obj_get_parent
                0x038008d4                lv_obj_set_pos
                0x038009b4                lv_obj_get_x
                0x038009d0                lv_obj_get_y
                0x038009ec                lv_obj_invalidate
                0x03800a44                lv_obj_del
                0x03800be8                lv_obj_get_group
                0x03800d58                lv_event_send
                0x03800d78                lv_obj_get_disp
                0x03800e08                lv_obj_del_async
                0x03800e1c                lv_obj_clean
                0x03800e64                lv_obj_get_child
                0x03800e78                lv_obj_invalidate_area
                0x03800f84                lv_obj_get_hidden
                0x03800f90                lv_obj_get_screen
                0x03800fa8                lv_obj_set_parent
                0x0380105c                lv_obj_move_foreground
                0x038010c0                lv_obj_move_background
                0x03801124                lv_obj_get_coords
                0x038011cc                lv_obj_set_x
                0x038011e8                lv_obj_set_y
                0x03801208                lv_obj_set_size
                0x03801338                lv_obj_get_width
                0x03801350                lv_obj_get_height
                0x03801368                lv_obj_realign
                0x038013c0                lv_obj_set_width
                0x038013d8                lv_obj_set_height
                0x038013f4                lv_obj_align
                0x03801988                lv_obj_align_origo
                0x03801c38                lv_obj_set_auto_realign
                0x03801c4c                lv_obj_set_ext_click_area
                0x03801c50                lv_obj_set_style
                0x03801d14                lv_obj_refresh_style
                0x03801d44                lv_obj_report_style_mod
                0x03801e74                lv_obj_set_hidden
                0x03801ecc                lv_obj_set_click
                0x03801ee0                lv_obj_set_top
                0x03801ef4                lv_obj_set_drag
                0x03801f14                lv_obj_set_drag_dir
                0x03801f30                lv_obj_set_drag_throw
                0x03801f44                lv_obj_set_drag_parent
                0x03801f58                lv_obj_set_parent_event
                0x03801f6c                lv_obj_set_base_dir
                0x03801fc0                lv_signal_send
                0x03802040                lv_obj_set_opa_scale_enable
                0x03802054                lv_obj_set_opa_scale
                0x0380205c                lv_obj_set_protect
                0x0380206c                lv_obj_clear_protect
                0x0380207c                lv_obj_set_event_cb
                0x03802084                lv_event_send_func
                0x0380216c                lv_event_get_data
                0x0380217c                lv_obj_set_signal_cb
                0x03802184                lv_obj_set_design_cb
                0x0380218c                lv_obj_allocate_ext_attr
                0x038021a8                lv_obj_refresh_ext_draw_pad
                0x038021dc                lv_obj_get_child_back
                0x038021f0                lv_obj_count_children
                0x0380223c                lv_obj_count_children_recursive
                0x03802298                lv_obj_get_inner_coords
                0x03802300                lv_obj_get_style
                0x038023b0                lv_obj_get_width_fit
                0x038023e8                lv_obj_get_height_fit
                0x03802420                lv_obj_get_auto_realign
                0x0380242c                lv_obj_get_ext_click_pad_left
                0x03802434                lv_obj_get_ext_click_pad_right
                0x0380243c                lv_obj_get_ext_click_pad_top
                0x03802444                lv_obj_get_ext_click_pad_bottom
                0x0380244c                lv_obj_get_ext_draw_pad
                0x03802454                lv_obj_get_click
                0x03802460                lv_obj_get_top
                0x0380246c                lv_obj_get_drag
                0x03802478                lv_obj_get_drag_dir
                0x03802484                lv_obj_get_drag_throw
                0x03802490                lv_obj_get_drag_parent
                0x0380249c                lv_obj_get_parent_event
                0x038024a8                lv_obj_get_opa_scale_enable
                0x038024b4                lv_obj_get_opa_scale
                0x038024e0                lv_obj_get_protect
                0x038024e8                lv_obj_is_protected
                0x038024f8                lv_obj_get_signal_cb
                0x03802500                lv_obj_get_design_cb
                0x03802508                lv_obj_get_event_cb
                0x03802510                lv_obj_get_ext_attr
                0x03802518                lv_obj_get_type
                0x038025b0                lv_obj_get_user_data
                0x038025b8                lv_obj_get_user_data_ptr
                0x038025c0                lv_obj_set_user_data
                0x038025c8                lv_obj_is_focused
                0x038025fc                lv_obj_handle_get_type_signal
 .text          0x03802640      0xc70 build/lvgl/src/lv_core/lv_group.o
                0x03802640                lv_group_init
                0x03802650                lv_group_create
                0x038026e4                lv_group_del
                0x03802774                lv_group_add_obj
                0x0380287c                lv_group_remove_obj
                0x03802964                lv_group_remove_all_objs
                0x038029e4                lv_group_focus_obj
                0x03802b04                lv_group_set_editing
                0x03802bc8                lv_group_focus_next
                0x03802d80                lv_group_focus_prev
                0x03802d94                lv_group_focus_freeze
                0x03802dac                lv_group_send_data
                0x03802e18                lv_group_get_focused
                0x03802e34                lv_group_set_style_mod_cb
                0x03802e4c                lv_group_set_style_mod_edit_cb
                0x03802e64                lv_group_set_focus_cb
                0x03802e6c                lv_group_set_click_focus
                0x03802e80                lv_group_set_refocus_policy
                0x03802e98                lv_group_set_wrap
                0x03802eac                lv_group_mod_style
                0x03802ef0                lv_group_get_user_data
                0x03802ef8                lv_group_get_style_mod_cb
                0x03802f08                lv_group_get_style_mod_edit_cb
                0x03802f18                lv_group_get_focus_cb
                0x03802f28                lv_group_get_editing
                0x03802f3c                lv_group_get_click_focus
                0x03802f50                lv_group_get_wrap
                0x03802f64                lv_group_report_style_mod
 .text          0x038032b0      0xbe4 build/lvgl/src/lv_core/lv_refr.o
                0x038032b0                lv_refr_init
                0x038032b4                lv_refr_now
                0x03803300                lv_disp_refr_task
                0x038038d4                lv_inv_area
                0x03803a40                lv_refr_get_disp_refreshing
                0x03803a50                lv_refr_set_disp_refreshing
 .text          0x03803e94     0x1844 build/lvgl/src/lv_core/lv_indev.o
                0x03803e94                lv_indev_init
                0x03803e9c                lv_indev_reset
                0x03803ed8                lv_indev_read_task
                0x0380480c                lv_indev_get_act
                0x0380481c                lv_indev_get_type
                0x0380482c                lv_indev_reset_long_press
                0x03804858                lv_indev_enable
                0x03804874                lv_indev_set_cursor
                0x038048bc                lv_indev_set_group
                0x038048d0                lv_indev_set_button_points
                0x038048e0                lv_indev_get_point
                0x03804914                lv_indev_get_key
                0x0380492c                lv_indev_is_dragging
                0x03804954                lv_indev_get_vect
                0x0380498c                lv_indev_wait_release
                0x0380499c                lv_indev_get_read_task
                0x038049ac                lv_indev_get_obj_act
 .text          0x038056d8      0xa3c build/lvgl/src/lv_core/lv_style.o
                0x038056d8                lv_style_init
                0x03805ab8                lv_style_copy
                0x03805acc                lv_style_mix
                0x03805fe4                lv_style_anim_init
                0x038060c4                lv_style_anim_set_styles
 .text          0x03806114      0x178 build/lvgl/src/lv_core/lv_disp.o
                0x03806114                lv_disp_get_scr_act
                0x03806140                lv_disp_load_scr
                0x03806160                lv_disp_get_layer_top
                0x0380618c                lv_disp_get_layer_sys
                0x038061b8                lv_disp_assign_screen
                0x03806204                lv_disp_get_refr_task
                0x03806230                lv_disp_get_inactive_time
                0x0380625c                lv_disp_trig_activity
 .text          0x0380628c      0xb34 build/lvgl/src/lv_draw/lv_draw_img.o
                0x0380628c                lv_draw_img
                0x03806510                lv_img_buf_get_px_color
                0x038066b8                lv_img_color_format_get_px_size
                0x03806724                lv_img_buf_get_px_alpha
                0x0380686c                lv_img_buf_set_px_color
                0x038069d8                lv_img_buf_set_px_alpha
                0x03806ad4                lv_img_buf_set_palette
                0x03806b48                lv_img_color_format_is_chroma_keyed
                0x03806b68                lv_img_color_format_has_alpha
                0x03806b88                lv_img_src_get_type
                0x03806bbc                lv_img_buf_alloc
                0x03806c78                lv_img_buf_get_img_size
                0x03806d90                lv_img_buf_free
 .text          0x03806dc0      0x354 build/lvgl/src/lv_draw/lv_img_cache.o
                0x03806dc0                lv_img_cache_open
                0x03806f80                lv_img_cache_set_size
                0x0380707c                lv_img_cache_invalidate_src
 .text          0x03807114      0x20c build/lvgl/src/lv_draw/lv_draw.o
                0x03807114                lv_draw_get_buf
                0x03807174                lv_draw_free_buf
                0x038071ac                lv_draw_aa_get_opa
                0x03807210                lv_draw_aa_ver_seg
                0x03807298                lv_draw_aa_hor_seg
 .text          0x03807320     0x1094 build/lvgl/src/lv_draw/lv_draw_basic.o
                0x03807320                lv_draw_px
                0x03807454                lv_draw_fill
                0x03807728                lv_draw_letter
                0x03807e48                lv_draw_map
 .text          0x038083b4      0x984 build/lvgl/src/lv_draw/lv_draw_triangle.o
                0x038083b4                lv_draw_triangle
                0x038084f4                tri_draw_tall
                0x0380886c                tri_draw_flat
                0x03808c74                lv_draw_polygon
 .text          0x03808d38     0x3620 build/lvgl/src/lv_draw/lv_draw_rect.o
                0x03808d38                lv_draw_rect
 .text          0x0380c358      0x7ec build/lvgl/src/lv_draw/lv_draw_label.o
                0x0380c358                lv_draw_label
 .text          0x0380cb44      0xb48 build/lvgl/src/lv_draw/lv_img_decoder.o
                0x0380cb44                lv_img_decoder_init
                0x0380cbac                lv_img_decoder_create
                0x0380cbe8                lv_img_decoder_set_info_cb
                0x0380cbf0                lv_img_decoder_built_in_info
                0x0380cce4                lv_img_decoder_set_open_cb
                0x0380ccec                lv_img_decoder_built_in_open
                0x0380cf5c                lv_img_decoder_set_read_line_cb
                0x0380cf64                lv_img_decoder_built_in_read_line
                0x0380d394                lv_img_decoder_set_close_cb
                0x0380d39c                lv_img_decoder_built_in_close
                0x0380d400                lv_img_decoder_get_info
                0x0380d49c                lv_img_decoder_open
                0x0380d5cc                lv_img_decoder_read_line
                0x0380d618                lv_img_decoder_close
                0x0380d664                lv_img_decoder_delete
 .text          0x0380d68c     0x173c build/lvgl/src/lv_draw/lv_draw_line.o
                0x0380d68c                lv_draw_line
 .text          0x0380edc8      0x934 build/lvgl/src/lv_font/lv_font_fmt_txt.o
                0x0380edc8                lv_font_get_bitmap_fmt_txt
                0x0380f1a4                lv_font_get_glyph_dsc_fmt_txt
 .text          0x0380f6fc       0x48 build/lvgl/src/lv_font/lv_font.o
                0x0380f6fc                lv_font_get_glyph_bitmap
                0x0380f704                lv_font_get_glyph_dsc
                0x0380f70c                lv_font_get_glyph_width
 .text          0x0380f744      0x178 build/lvgl/src/lv_hal/lv_hal_indev.o
                0x0380f744                lv_indev_drv_init
                0x0380f774                lv_indev_drv_register
                0x0380f838                lv_indev_drv_update
                0x0380f84c                lv_indev_get_next
                0x0380f870                lv_indev_read
 .text          0x0380f8bc      0x41c build/lvgl/src/lv_hal/lv_hal_disp.o
                0x0380f8bc                lv_disp_drv_init
                0x0380f908                lv_disp_buf_init
                0x0380f924                lv_disp_drv_register
                0x0380fa44                lv_disp_drv_update
                0x0380fabc                lv_disp_get_hor_res
                0x0380faf8                lv_disp_get_ver_res
                0x0380fb34                lv_disp_remove
                0x0380fba4                lv_disp_get_default
                0x0380fbb4                lv_disp_set_default
                0x0380fbc4                lv_disp_get_antialiasing
                0x0380fbf0                lv_disp_flush_ready
                0x0380fc04                lv_disp_get_next
                0x0380fc28                lv_disp_get_buf
                0x0380fc30                lv_disp_get_inv_buf_size
                0x0380fc40                lv_disp_pop_from_inv_buf
                0x0380fc78                lv_disp_is_double_buf
                0x0380fc98                lv_disp_is_true_double_buf
 .text          0x0380fcd8       0x84 build/lvgl/src/lv_hal/lv_hal_tick.o
                0x0380fcd8                lv_tick_inc
                0x0380fd00                lv_tick_get
                0x0380fd2c                lv_tick_elaps
 .text          0x0380fd5c      0x29c build/lvgl/src/lv_misc/lv_color.o
                0x0380fd5c                lv_color_hsv_to_rgb
                0x0380fea0                lv_color_rgb_to_hsv
                0x0380ffe4                lv_color_to_hsv
 .text          0x0380fff8       0x9c build/lvgl/src/lv_misc/lv_async.o
                0x0380fff8                lv_async_call
 .text          0x03810094       0xcc build/lvgl/src/lv_misc/lv_gc.o
                0x03810094                lv_gc_clear_roots
 .text          0x03810160      0x760 build/lvgl/src/lv_misc/lv_anim.o
                0x03810160                lv_anim_core_init
                0x03810398                lv_anim_init
                0x038103e0                lv_anim_path_linear
                0x03810424                lv_anim_create
                0x038104a0                lv_anim_del
                0x03810548                lv_anim_count_running
                0x0381059c                lv_anim_speed_to_time
                0x038105dc                lv_anim_path_ease_in
                0x03810640                lv_anim_path_ease_out
                0x038106a4                lv_anim_path_ease_in_out
                0x03810708                lv_anim_path_overshoot
                0x0381076c                lv_anim_path_bounce
                0x038108a0                lv_anim_path_step
 .text          0x038108c0      0x294 build/lvgl/src/lv_misc/lv_area.o
                0x038108c0                lv_area_set
                0x038108d8                lv_area_set_width
                0x038108ec                lv_area_set_height
                0x03810900                lv_area_set_pos
                0x0381093c                lv_area_get_size
                0x03810964                lv_area_intersect
                0x038109dc                lv_area_join
                0x03810a30                lv_area_is_point_on
                0x03810a78                lv_area_is_on
                0x03810ac8                lv_area_is_in
                0x03810b18                lv_area_increment
 .text          0x03810b54      0x530 build/lvgl/src/lv_misc/lv_task.o
                0x03810b54                lv_task_core_init
                0x03810b80                lv_task_enable
                0x03810b90                lv_task_handler
                0x03810e0c                lv_task_create_basic
                0x03810ed8                lv_task_create
                0x03810f20                lv_task_set_cb
                0x03810f28                lv_task_set_period
                0x03810f30                lv_task_set_prio
                0x03810fdc                lv_task_del
                0x03811028                lv_task_ready
                0x0381104c                lv_task_once
                0x0381105c                lv_task_reset
                0x03811074                lv_task_get_idle
 .text          0x03811084      0x254 build/lvgl/src/lv_misc/lv_math.o
                0x03811084                lv_trigo_sin
                0x03811118                lv_bezier3
                0x0381117c                lv_atan2
                0x03811280                lv_sqrt
 .text          0x038112d8      0x924 build/lvgl/src/lv_misc/lv_fs.o
                0x038112d8                lv_fs_init
                0x038112e8                lv_fs_is_ready
                0x03811320                lv_fs_get_drv
                0x03811378                lv_fs_open
                0x0381148c                lv_fs_close
                0x038114e8                lv_fs_remove
                0x03811588                lv_fs_read
                0x03811608                lv_fs_write
                0x03811688                lv_fs_seek
                0x038116b8                lv_fs_tell
                0x038116e8                lv_fs_trunc
                0x03811718                lv_fs_size
                0x03811768                lv_fs_rename
                0x03811834                lv_fs_dir_open
                0x038118e4                lv_fs_dir_read
                0x03811924                lv_fs_dir_close
                0x03811984                lv_fs_free_space
                0x038119f8                lv_fs_drv_init
                0x03811a0c                lv_fs_drv_register
                0x03811a3c                lv_fs_get_letters
                0x03811aa8                lv_fs_get_ext
                0x03811b00                lv_fs_up
                0x03811b88                lv_fs_get_last
 .text          0x03811bfc      0x8e4 build/lvgl/src/lv_misc/lv_ll.o
                0x03811bfc                lv_ll_init
                0x03811c18                lv_ll_ins_head
                0x03811cb8                lv_ll_ins_prev
                0x03811ddc                lv_ll_get_head
                0x03811dec                lv_ll_get_prev
                0x03811e1c                lv_ll_ins_tail
                0x03811ec4                lv_ll_rem
                0x03812064                lv_ll_get_next
                0x03812098                lv_ll_get_tail
                0x038120a8                lv_ll_clear
                0x03812120                lv_ll_chg_list
                0x03812294                lv_ll_get_len
                0x038122ec                lv_ll_move_before
                0x038124b8                lv_ll_is_empty
 .text          0x038124e0      0x150 build/lvgl/src/lv_misc/lv_utils.o
                0x038124e0                lv_utils_num_to_str
                0x038125b4                lv_utils_bsearch
 .text          0x03812630      0x430 build/lvgl/src/lv_misc/lv_mem.o
                0x03812630                lv_mem_init
                0x03812654                lv_mem_deinit
                0x03812688                lv_mem_alloc
                0x03812734                lv_mem_free
                0x038127c4                lv_mem_realloc
                0x03812860                lv_mem_get_size
                0x038128e8                lv_mem_defrag
                0x0381298c                lv_mem_monitor
 .text          0x03812a60      0xcc0 build/lvgl/src/lv_misc/lv_txt.o
                0x03812eac                lv_txt_get_size
                0x03812fec                lv_txt_get_next_line
                0x03813488                lv_txt_get_width
                0x038135cc                lv_txt_is_cmd
                0x03813630                lv_txt_ins
                0x038136b0                lv_txt_cut
 .text          0x03813720       0x80 build/lvgl/src/lv_misc/lv_circ.o
                0x03813720                lv_circ_init
                0x03813738                lv_circ_cont
                0x03813750                lv_circ_next
 .text          0x038137a0     0x2148 build/lvgl/src/lv_objx/lv_chart.o
                0x038137a0                lv_chart_create
                0x038148b0                lv_chart_add_series
                0x03814950                lv_chart_clear_serie
                0x038149b0                lv_chart_set_div_line_count
                0x038149f4                lv_chart_set_range
                0x03814a44                lv_chart_refresh
                0x03814a48                lv_chart_set_type
                0x03814a78                lv_chart_set_point_count
                0x03814c68                lv_chart_set_series_opa
                0x03814c98                lv_chart_set_series_width
                0x03814ccc                lv_chart_set_series_darking
                0x03814cfc                lv_chart_init_points
                0x03814d50                lv_chart_set_points
                0x03814d90                lv_chart_set_next
                0x03815058                lv_chart_set_update_mode
                0x03815098                lv_chart_set_x_tick_length
                0x038150b8                lv_chart_set_y_tick_length
                0x038150d8                lv_chart_set_secondary_y_tick_length
                0x038150f8                lv_chart_set_x_tick_texts
                0x03815120                lv_chart_set_y_tick_texts
                0x03815148                lv_chart_set_secondary_y_tick_texts
                0x03815170                lv_chart_set_margin
                0x03815194                lv_chart_get_type
                0x038151a8                lv_chart_get_point_cnt
                0x038151bc                lv_chart_get_series_opa
                0x038151d0                lv_chart_get_series_width
                0x038151e4                lv_chart_get_series_darking
                0x038151f8                lv_chart_get_margin
 .text          0x038158e8     0x16ec build/lvgl/src/lv_themes/lv_theme_alien.o
                0x038158e8                lv_theme_alien_init
                0x03816fc8                lv_theme_get_alien
 .text          0x03816fd4       0xd0 build/lvgl/src/lv_themes/lv_theme.o
                0x03816fd4                lv_theme_set_current
                0x03817084                lv_theme_get_current
 .text          0x038170a4       0x9a C:\Program Files (x86)\VEX Robotics\VEXcode Pro V5\sdk/vexv5/gcc/libs\libc.a(lib_a-aeabi_memset-soft.o)
                0x038170a4                __aeabi_memset8
                0x038170a4                __aeabi_memset
                0x038170a4                __aeabi_memset4
 *fill*         0x0381713e        0x2 
 .text          0x03817140      0x370 C:\Program Files (x86)\VEX Robotics\VEXcode Pro V5\sdk/vexv5/gcc/libs\libgcc.a(_arm_addsubdf3.o)
                0x03817140                __aeabi_drsub
                0x03817148                __subdf3
                0x03817148                __aeabi_dsub
                0x0381714c                __aeabi_dadd
                0x0381714c                __adddf3
                0x038173c4                __floatunsidf
                0x038173c4                __aeabi_ui2d
                0x038173e4                __aeabi_i2d
                0x038173e4                __floatsidf
                0x03817408                __extendsfdf2
                0x03817408                __aeabi_f2d
                0x03817444                __floatundidf
                0x03817444                __aeabi_ul2d
                0x03817454                __aeabi_l2d
                0x03817454                __floatdidf
 .text          0x038174b0       0x48 C:\Program Files (x86)\VEX Robotics\VEXcode Pro V5\sdk/vexv5/gcc/libs\libgcc.a(_fixunsdfdi.o)
                0x038174b0                __fixunsdfdi
                0x038174b0                __aeabi_d2ulz
 *(.text.*)
 .text._ZN3vex6visionC2IJNS0_9signatureES2_S2_S2_S2_S2_S2_EEElhDpRT_
                0x038174f8       0x64 build/src/Functions.o
                0x038174f8                vex::vision::vision<vex::vision::signature, vex::vision::signature, vex::vision::signature, vex::vision::signature, vex::vision::signature, vex::vision::signature, vex::vision::signature>(long, unsigned char, vex::vision::signature&, vex::vision::signature&, vex::vision::signature&, vex::vision::signature&, vex::vision::signature&, vex::vision::signature&, vex::vision::signature&)
 .text._Z21setAutonFlywheelSpeeds
                0x0381755c       0x10 build/src/Functions.o
                0x0381755c                setAutonFlywheelSpeed(short)
 .text._Z14enableFlywheelv
                0x0381756c       0x38 build/src/Functions.o
                0x0381756c                enableFlywheel()
 .text._Z15disableFlywheelv
                0x038175a4       0x38 build/src/Functions.o
                0x038175a4                disableFlywheel()
 .text._Z17enableRollerWheelv
                0x038175dc       0x18 build/src/Functions.o
                0x038175dc                enableRollerWheel()
 *fill*         0x038175f4        0x4 
 .text._Z8fireDiscv
                0x038175f8       0x60 build/src/Functions.o
                0x038175f8                fireDisc()
 .text._Z18disableRollerWheelv
                0x03817658        0xc build/src/Functions.o
                0x03817658                disableRollerWheel()
 .text._Z7autoAimi
                0x03817664      0x194 build/src/Functions.o
                0x03817664                autoAim(int)
 .text._Z20autonFlywheelControlv
                0x038177f8      0x1c0 build/src/Functions.o
                0x038177f8                autonFlywheelControl()
 .text._ZN3vex6vision7_setsigINS0_9signatureEJS2_S2_S2_S2_EEEvRT_DpRT0_
                0x038179b8       0x4c build/src/Functions.o
                0x038179b8                void vex::vision::_setsig<vex::vision::signature, vex::vision::signature, vex::vision::signature, vex::vision::signature, vex::vision::signature>(vex::vision::signature&, vex::vision::signature&, vex::vision::signature&, vex::vision::signature&, vex::vision::signature&)
 .text._GLOBAL__sub_I_Functions.cpp
                0x03817a04      0x2b8 build/src/Functions.o
 .text._Z9pre_autonv
                0x03817cbc       0x3c build/src/main.o
                0x03817cbc                pre_auton()
 .text._Z10autonomousv
                0x03817cf8       0x98 build/src/main.o
                0x03817cf8                autonomous()
 .text._Z18updateSpeedDisplayv
                0x03817d90       0xa8 build/src/main.o
                0x03817d90                updateSpeedDisplay()
 .text._Z11usercontrolv
                0x03817e38      0x568 build/src/main.o
                0x03817e38                usercontrol()
 .text.main     0x038183a0       0x68 build/src/main.o
                0x038183a0                main
 .text._GLOBAL__sub_I_main.cpp
                0x03818408       0x34 build/src/main.o
 *fill*         0x0381843c        0x4 
 .text._Z6Auton1v
                0x03818440      0x2b8 build/src/Autons.o
                0x03818440                Auton1()
 .text._Z6Auton2v
                0x038186f8      0x1b8 build/src/Autons.o
                0x038186f8                Auton2()
 .text._Z6skillsv
                0x038188b0      0x670 build/src/Autons.o
                0x038188b0                skills()
 .text._Z6Auton3v
                0x03818f20      0x2b8 build/src/Autons.o
                0x03818f20                Auton3()
 .text._Z6Auton4v
                0x038191d8      0x1c0 build/src/Autons.o
                0x038191d8                Auton4()
 .text._Z6Auton5v
                0x03819398      0x1a8 build/src/Autons.o
                0x03819398                Auton5()
 .text._Z6Auton6v
                0x03819540       0xe8 build/src/Autons.o
                0x03819540                Auton6()
 .text._Z6Auton7v
                0x03819628      0x1b8 build/src/Autons.o
                0x03819628                Auton7()
 .text._Z6Auton8v
                0x038197e0        0x4 build/src/Autons.o
                0x038197e0                Auton8()
 .text._Z12Paint_Screenv
                0x038197e4       0x4c build/src/AutonSupport.o
                0x038197e4                Paint_Screen()
 .text._Z12cycle_autonsv
                0x03819830      0x1dc build/src/AutonSupport.o
                0x03819830                cycle_autons()
 .text._Z7pidInitP11pidStruct_tddddi
                0x03819a0c       0x50 build/src/PID.o
                0x03819a0c                pidInit(pidStruct_t*, double, double, double, double, int)
 *fill*         0x03819a5c        0x4 
 .text._Z12pidCalculateP11pidStruct_tdd
                0x03819a60      0x220 build/src/PID.o
                0x03819a60                pidCalculate(pidStruct_t*, double, double)
 .text._Z14printPIDValuesP11pidStruct_t
                0x03819c80      0x114 build/src/PID.o
                0x03819c80                printPIDValues(pidStruct_t*)
 .text._Z11vexcodeInitv
                0x03819d94        0x4 build/src/robot-config.o
                0x03819d94                vexcodeInit()
 .text._GLOBAL__sub_I_robot_config.cpp
                0x03819d98      0x1d4 build/src/robot-config.o
 .text._Z9userDrivev
                0x03819f6c      0x1d4 build/src/DriveFunctions.o
                0x03819f6c                userDrive()
 .text._Z10moveLinearfim
                0x0381a140      0x42c build/src/DriveFunctions.o
                0x0381a140                moveLinear(float, int, unsigned long)
 .text._Z8moveStopN3vex9brakeTypeE
                0x0381a56c       0x50 build/src/DriveFunctions.o
                0x0381a56c                moveStop(vex::brakeType)
 *fill*         0x0381a5bc        0x4 
 .text._Z10moveRotatesim
                0x0381a5c0      0x40c build/src/DriveFunctions.o
                0x0381a5c0                moveRotate(short, int, unsigned long)
 .text._Z11setLinGainsddddi
                0x0381a9cc       0x54 build/src/DriveFunctions.o
                0x0381a9cc                setLinGains(double, double, double, double, int)
 .text._Z11setRotGainsddddi
                0x0381aa20       0x54 build/src/DriveFunctions.o
                0x0381aa20                setRotGains(double, double, double, double, int)
 .text._GLOBAL__sub_I_DriveFunctions.cpp
                0x0381aa74      0x12c build/src/DriveFunctions.o
 .text.vexMain  0x0381aba0       0xb0 C:\Program Files (x86)\VEX Robotics\VEXcode Pro V5\sdk/vexv5\libv5rt.a(v5_startup.c.obj)
                0x0381aba0                vexMain
 .text.__vex_function_prolog
                0x0381ac50       0x18 C:\Program Files (x86)\VEX Robotics\VEXcode Pro V5\sdk/vexv5\libv5rt.a(v5_startup.c.obj)
                0x0381ac50                __vex_function_prolog
 .text._init    0x0381ac68        0x4 C:\Program Files (x86)\VEX Robotics\VEXcode Pro V5\sdk/vexv5\libv5rt.a(v5_startup.c.obj)
                0x0381ac68                _init
 .text._fini    0x0381ac6c        0x4 C:\Program Files (x86)\VEX Robotics\VEXcode Pro V5\sdk/vexv5\libv5rt.a(v5_startup.c.obj)
                0x0381ac6c                _fini
 .text.vexStdlibVersionLinked
                0x0381ac70        0xc C:\Program Files (x86)\VEX Robotics\VEXcode Pro V5\sdk/vexv5\libv5rt.a(v5_util.c.obj)
                0x0381ac70                vexStdlibVersionLinked
 .text.vexStdlibVersionVerify
                0x0381ac7c       0x30 C:\Program Files (x86)\VEX Robotics\VEXcode Pro V5\sdk/vexv5\libv5rt.a(v5_util.c.obj)
                0x0381ac7c                vexStdlibVersionVerify
 .text.vexPrivateApiEnable
                0x0381acac       0x10 C:\Program Files (x86)\VEX Robotics\VEXcode Pro V5\sdk/vexv5\libv5rt.a(v5_apijump.c.obj)
                0x0381acac                vexPrivateApiEnable
 .text.vexStdlibMismatchError
                0x0381acbc       0x3c C:\Program Files (x86)\VEX Robotics\VEXcode Pro V5\sdk/vexv5\libv5rt.a(v5_apijump.c.obj)
                0x0381acbc                vexStdlibMismatchError
 .text.vexTaskAdd
                0x0381acf8       0x10 C:\Program Files (x86)\VEX Robotics\VEXcode Pro V5\sdk/vexv5\libv5rt.a(v5_apijump.c.obj)
                0x0381acf8                vexTaskAdd
 .text.vexTasksRun
                0x0381ad08       0x10 C:\Program Files (x86)\VEX Robotics\VEXcode Pro V5\sdk/vexv5\libv5rt.a(v5_apijump.c.obj)
                0x0381ad08                vexTasksRun
 .text.vexTaskYield
                0x0381ad18       0x10 C:\Program Files (x86)\VEX Robotics\VEXcode Pro V5\sdk/vexv5\libv5rt.a(v5_apijump.c.obj)
                0x0381ad18                vexTaskYield
 .text.vexTaskCheckTimeslice
                0x0381ad28       0x10 C:\Program Files (x86)\VEX Robotics\VEXcode Pro V5\sdk/vexv5\libv5rt.a(v5_apijump.c.obj)
                0x0381ad28                vexTaskCheckTimeslice
 .text.vexTaskSleep
                0x0381ad38       0x10 C:\Program Files (x86)\VEX Robotics\VEXcode Pro V5\sdk/vexv5\libv5rt.a(v5_apijump.c.obj)
                0x0381ad38                vexTaskSleep
 .text.vexTasksDump
                0x0381ad48       0x1c C:\Program Files (x86)\VEX Robotics\VEXcode Pro V5\sdk/vexv5\libv5rt.a(v5_apijump.c.obj)
                0x0381ad48                vexTasksDump
 .text.vexTaskGetTaskIndex
                0x0381ad64       0x10 C:\Program Files (x86)\VEX Robotics\VEXcode Pro V5\sdk/vexv5\libv5rt.a(v5_apijump.c.obj)
                0x0381ad64                vexTaskGetTaskIndex
 .text.vexTaskStopAll
                0x0381ad74       0x10 C:\Program Files (x86)\VEX Robotics\VEXcode Pro V5\sdk/vexv5\libv5rt.a(v5_apijump.c.obj)
                0x0381ad74                vexTaskStopAll
 .text.vexTaskRemoveAllUser
                0x0381ad84       0x34 C:\Program Files (x86)\VEX Robotics\VEXcode Pro V5\sdk/vexv5\libv5rt.a(v5_apijump.c.obj)
                0x0381ad84                vexTaskRemoveAllUser
 .text.vexTaskCompletionIdSet
                0x0381adb8       0x10 C:\Program Files (x86)\VEX Robotics\VEXcode Pro V5\sdk/vexv5\libv5rt.a(v5_apijump.c.obj)
                0x0381adb8                vexTaskCompletionIdSet
 .text.vexTaskStopWithId
                0x0381adc8       0x10 C:\Program Files (x86)\VEX Robotics\VEXcode Pro V5\sdk/vexv5\libv5rt.a(v5_apijump.c.obj)
                0x0381adc8                vexTaskStopWithId
 .text.vexCriticalSection
                0x0381add8       0x2c C:\Program Files (x86)\VEX Robotics\VEXcode Pro V5\sdk/vexv5\libv5rt.a(v5_apijump.c.obj)
                0x0381add8                vexCriticalSection
 .text.vexEventAdd
                0x0381ae04       0x34 C:\Program Files (x86)\VEX Robotics\VEXcode Pro V5\sdk/vexv5\libv5rt.a(v5_apijump.c.obj)
                0x0381ae04                vexEventAdd
 .text.vexEventUserIndexGet
                0x0381ae38       0x1c C:\Program Files (x86)\VEX Robotics\VEXcode Pro V5\sdk/vexv5\libv5rt.a(v5_apijump.c.obj)
                0x0381ae38                vexEventUserIndexGet
 .text.vexEventAddWithArg
                0x0381ae54       0x3c C:\Program Files (x86)\VEX Robotics\VEXcode Pro V5\sdk/vexv5\libv5rt.a(v5_apijump.c.obj)
                0x0381ae54                vexEventAddWithArg
 .text.vexEventsCleanup
                0x0381ae90       0x2c C:\Program Files (x86)\VEX Robotics\VEXcode Pro V5\sdk/vexv5\libv5rt.a(v5_apijump.c.obj)
                0x0381ae90                vexEventsCleanup
 .text.vexDebug
                0x0381aebc       0x38 C:\Program Files (x86)\VEX Robotics\VEXcode Pro V5\sdk/vexv5\libv5rt.a(v5_apijump.c.obj)
                0x0381aebc                vexDebug
 .text.vex_sprintf
                0x0381aef4       0x40 C:\Program Files (x86)\VEX Robotics\VEXcode Pro V5\sdk/vexv5\libv5rt.a(v5_apijump.c.obj)
                0x0381aef4                vex_sprintf
 .text.vex_vsnprintf
                0x0381af34       0x3c C:\Program Files (x86)\VEX Robotics\VEXcode Pro V5\sdk/vexv5\libv5rt.a(v5_apijump.c.obj)
                0x0381af34                vex_vsnprintf
 .text.vexSystemTimeGet
                0x0381af70       0x1c C:\Program Files (x86)\VEX Robotics\VEXcode Pro V5\sdk/vexv5\libv5rt.a(v5_apijump.c.obj)
                0x0381af70                vexSystemTimeGet
 .text.vexSystemExitRequest
                0x0381af8c       0x1c C:\Program Files (x86)\VEX Robotics\VEXcode Pro V5\sdk/vexv5\libv5rt.a(v5_apijump.c.obj)
                0x0381af8c                vexSystemExitRequest
 .text.vexDeviceGetByIndex
                0x0381afa8       0x24 C:\Program Files (x86)\VEX Robotics\VEXcode Pro V5\sdk/vexv5\libv5rt.a(v5_apijump.c.obj)
                0x0381afa8                vexDeviceGetByIndex
 .text.vexControllerGet
                0x0381afcc       0x2c C:\Program Files (x86)\VEX Robotics\VEXcode Pro V5\sdk/vexv5\libv5rt.a(v5_apijump.c.obj)
                0x0381afcc                vexControllerGet
 .text.vexControllerTextSet
                0x0381aff8       0x74 C:\Program Files (x86)\VEX Robotics\VEXcode Pro V5\sdk/vexv5\libv5rt.a(v5_apijump.c.obj)
                0x0381aff8                vexControllerTextSet
 .text.vexDeviceAdiPortConfigSet
                0x0381b06c       0x34 C:\Program Files (x86)\VEX Robotics\VEXcode Pro V5\sdk/vexv5\libv5rt.a(v5_apijump.c.obj)
                0x0381b06c                vexDeviceAdiPortConfigSet
 .text.vexDeviceAdiPortConfigGet
                0x0381b0a0       0x2c C:\Program Files (x86)\VEX Robotics\VEXcode Pro V5\sdk/vexv5\libv5rt.a(v5_apijump.c.obj)
                0x0381b0a0                vexDeviceAdiPortConfigGet
 .text.vexDeviceAdiValueSet
                0x0381b0cc       0x34 C:\Program Files (x86)\VEX Robotics\VEXcode Pro V5\sdk/vexv5\libv5rt.a(v5_apijump.c.obj)
                0x0381b0cc                vexDeviceAdiValueSet
 .text.vexDeviceAdiValueGet
                0x0381b100       0x2c C:\Program Files (x86)\VEX Robotics\VEXcode Pro V5\sdk/vexv5\libv5rt.a(v5_apijump.c.obj)
                0x0381b100                vexDeviceAdiValueGet
 .text.vexDeviceMotorVelocitySet
                0x0381b12c       0x2c C:\Program Files (x86)\VEX Robotics\VEXcode Pro V5\sdk/vexv5\libv5rt.a(v5_apijump.c.obj)
                0x0381b12c                vexDeviceMotorVelocitySet
 .text.vexDeviceMotorVoltageSet
                0x0381b158       0x2c C:\Program Files (x86)\VEX Robotics\VEXcode Pro V5\sdk/vexv5\libv5rt.a(v5_apijump.c.obj)
                0x0381b158                vexDeviceMotorVoltageSet
 .text.vexDeviceMotorActualVelocityGet
                0x0381b184       0x24 C:\Program Files (x86)\VEX Robotics\VEXcode Pro V5\sdk/vexv5\libv5rt.a(v5_apijump.c.obj)
                0x0381b184                vexDeviceMotorActualVelocityGet
 .text.vexDeviceMotorReverseFlagSet
                0x0381b1a8       0x2c C:\Program Files (x86)\VEX Robotics\VEXcode Pro V5\sdk/vexv5\libv5rt.a(v5_apijump.c.obj)
                0x0381b1a8                vexDeviceMotorReverseFlagSet
 .text.vexDeviceMotorEncoderUnitsSet
                0x0381b1d4       0x2c C:\Program Files (x86)\VEX Robotics\VEXcode Pro V5\sdk/vexv5\libv5rt.a(v5_apijump.c.obj)
                0x0381b1d4                vexDeviceMotorEncoderUnitsSet
 .text.vexDeviceMotorBrakeModeSet
                0x0381b200       0x2c C:\Program Files (x86)\VEX Robotics\VEXcode Pro V5\sdk/vexv5\libv5rt.a(v5_apijump.c.obj)
                0x0381b200                vexDeviceMotorBrakeModeSet
 .text.vexDeviceMotorPositionSet
                0x0381b22c       0x34 C:\Program Files (x86)\VEX Robotics\VEXcode Pro V5\sdk/vexv5\libv5rt.a(v5_apijump.c.obj)
                0x0381b22c                vexDeviceMotorPositionSet
 .text.vexDeviceMotorPositionGet
                0x0381b260       0x24 C:\Program Files (x86)\VEX Robotics\VEXcode Pro V5\sdk/vexv5\libv5rt.a(v5_apijump.c.obj)
                0x0381b260                vexDeviceMotorPositionGet
 .text.vexDeviceMotorGearingSet
                0x0381b284       0x2c C:\Program Files (x86)\VEX Robotics\VEXcode Pro V5\sdk/vexv5\libv5rt.a(v5_apijump.c.obj)
                0x0381b284                vexDeviceMotorGearingSet
 .text.vexDeviceMotorGearingGet
                0x0381b2b0       0x24 C:\Program Files (x86)\VEX Robotics\VEXcode Pro V5\sdk/vexv5\libv5rt.a(v5_apijump.c.obj)
                0x0381b2b0                vexDeviceMotorGearingGet
 .text.vexDeviceVisionModeSet
                0x0381b2d4       0x2c C:\Program Files (x86)\VEX Robotics\VEXcode Pro V5\sdk/vexv5\libv5rt.a(v5_apijump.c.obj)
                0x0381b2d4                vexDeviceVisionModeSet
 .text.vexDeviceVisionObjectCountGet
                0x0381b300       0x24 C:\Program Files (x86)\VEX Robotics\VEXcode Pro V5\sdk/vexv5\libv5rt.a(v5_apijump.c.obj)
                0x0381b300                vexDeviceVisionObjectCountGet
 .text.vexDeviceVisionObjectGet
                0x0381b324       0x34 C:\Program Files (x86)\VEX Robotics\VEXcode Pro V5\sdk/vexv5\libv5rt.a(v5_apijump.c.obj)
                0x0381b324                vexDeviceVisionObjectGet
 .text.vexDeviceVisionSignatureSet
                0x0381b358       0x2c C:\Program Files (x86)\VEX Robotics\VEXcode Pro V5\sdk/vexv5\libv5rt.a(v5_apijump.c.obj)
                0x0381b358                vexDeviceVisionSignatureSet
 .text.vexDeviceVisionBrightnessSet
                0x0381b384       0x2c C:\Program Files (x86)\VEX Robotics\VEXcode Pro V5\sdk/vexv5\libv5rt.a(v5_apijump.c.obj)
                0x0381b384                vexDeviceVisionBrightnessSet
 .text.vexDeviceVisionLedModeSet
                0x0381b3b0       0x2c C:\Program Files (x86)\VEX Robotics\VEXcode Pro V5\sdk/vexv5\libv5rt.a(v5_apijump.c.obj)
                0x0381b3b0                vexDeviceVisionLedModeSet
 .text.vexDeviceVisionLedColorSet
                0x0381b3dc       0x30 C:\Program Files (x86)\VEX Robotics\VEXcode Pro V5\sdk/vexv5\libv5rt.a(v5_apijump.c.obj)
                0x0381b3dc                vexDeviceVisionLedColorSet
 .text.vexDeviceImuReset
                0x0381b40c       0x24 C:\Program Files (x86)\VEX Robotics\VEXcode Pro V5\sdk/vexv5\libv5rt.a(v5_apijump.c.obj)
                0x0381b40c                vexDeviceImuReset
 .text.vexDeviceImuHeadingGet
                0x0381b430       0x24 C:\Program Files (x86)\VEX Robotics\VEXcode Pro V5\sdk/vexv5\libv5rt.a(v5_apijump.c.obj)
                0x0381b430                vexDeviceImuHeadingGet
 .text.vexDeviceImuDegreesGet
                0x0381b454       0x24 C:\Program Files (x86)\VEX Robotics\VEXcode Pro V5\sdk/vexv5\libv5rt.a(v5_apijump.c.obj)
                0x0381b454                vexDeviceImuDegreesGet
 .text.vexDeviceImuStatusGet
                0x0381b478       0x24 C:\Program Files (x86)\VEX Robotics\VEXcode Pro V5\sdk/vexv5\libv5rt.a(v5_apijump.c.obj)
                0x0381b478                vexDeviceImuStatusGet
 .text.vexDisplayForegroundColor
                0x0381b49c       0x24 C:\Program Files (x86)\VEX Robotics\VEXcode Pro V5\sdk/vexv5\libv5rt.a(v5_apijump.c.obj)
                0x0381b49c                vexDisplayForegroundColor
 .text.vexDisplayBackgroundColor
                0x0381b4c0       0x24 C:\Program Files (x86)\VEX Robotics\VEXcode Pro V5\sdk/vexv5\libv5rt.a(v5_apijump.c.obj)
                0x0381b4c0                vexDisplayBackgroundColor
 .text.vexDisplayBackgroundColorGet
                0x0381b4e4       0x1c C:\Program Files (x86)\VEX Robotics\VEXcode Pro V5\sdk/vexv5\libv5rt.a(v5_apijump.c.obj)
                0x0381b4e4                vexDisplayBackgroundColorGet
 .text.vexDisplayCopyRect
                0x0381b500       0x5c C:\Program Files (x86)\VEX Robotics\VEXcode Pro V5\sdk/vexv5\libv5rt.a(v5_apijump.c.obj)
                0x0381b500                vexDisplayCopyRect
 .text.vexDisplayRectClear
                0x0381b55c       0x4c C:\Program Files (x86)\VEX Robotics\VEXcode Pro V5\sdk/vexv5\libv5rt.a(v5_apijump.c.obj)
                0x0381b55c                vexDisplayRectClear
 .text.vexDisplayVPrintf
                0x0381b5a8       0x50 C:\Program Files (x86)\VEX Robotics\VEXcode Pro V5\sdk/vexv5\libv5rt.a(v5_apijump.c.obj)
                0x0381b5a8                vexDisplayVPrintf
 .text.vexDisplayTextReference
                0x0381b5f8       0x24 C:\Program Files (x86)\VEX Robotics\VEXcode Pro V5\sdk/vexv5\libv5rt.a(v5_apijump.c.obj)
                0x0381b5f8                vexDisplayTextReference
 .text.vexDisplayTextSize
                0x0381b61c       0x2c C:\Program Files (x86)\VEX Robotics\VEXcode Pro V5\sdk/vexv5\libv5rt.a(v5_apijump.c.obj)
                0x0381b61c                vexDisplayTextSize
 .text.vexDisplayFontNamedSet
                0x0381b648       0x24 C:\Program Files (x86)\VEX Robotics\VEXcode Pro V5\sdk/vexv5\libv5rt.a(v5_apijump.c.obj)
                0x0381b648                vexDisplayFontNamedSet
 .text.vexDisplayStringWidthGet
                0x0381b66c       0x24 C:\Program Files (x86)\VEX Robotics\VEXcode Pro V5\sdk/vexv5\libv5rt.a(v5_apijump.c.obj)
                0x0381b66c                vexDisplayStringWidthGet
 .text.vexSystemStdlibImpureDataAddr
                0x0381b690       0x28 C:\Program Files (x86)\VEX Robotics\VEXcode Pro V5\sdk/vexv5\libv5rt.a(v5_apijump.c.obj)
                0x0381b690                vexSystemStdlibImpureDataAddr
 .text.vexSystemStdlibImpureDataSize
                0x0381b6b8       0x28 C:\Program Files (x86)\VEX Robotics\VEXcode Pro V5\sdk/vexv5\libv5rt.a(v5_apijump.c.obj)
                0x0381b6b8                vexSystemStdlibImpureDataSize
 .text.vexSystemSaveUserData
                0x0381b6e0       0x3c C:\Program Files (x86)\VEX Robotics\VEXcode Pro V5\sdk/vexv5\libv5rt.a(v5_apijump.c.obj)
                0x0381b6e0                vexSystemSaveUserData
 .text.vexTouchDataGet
                0x0381b71c       0x10 C:\Program Files (x86)\VEX Robotics\VEXcode Pro V5\sdk/vexv5\libv5rt.a(v5_apijump.c.obj)
                0x0381b71c                vexTouchDataGet
 .text.vexDisplayThemeIdGet
                0x0381b72c       0x38 C:\Program Files (x86)\VEX Robotics\VEXcode Pro V5\sdk/vexv5\libv5rt.a(v5_apijump.c.obj)
                0x0381b72c                vexDisplayThemeIdGet
 .text.vexDeviceEventMaskSet
                0x0381b764       0x48 C:\Program Files (x86)\VEX Robotics\VEXcode Pro V5\sdk/vexv5\libv5rt.a(v5_apijump.c.obj)
                0x0381b764                vexDeviceEventMaskSet
 .text.vexDeviceEventMaskGet
                0x0381b7ac       0x3c C:\Program Files (x86)\VEX Robotics\VEXcode Pro V5\sdk/vexv5\libv5rt.a(v5_apijump.c.obj)
                0x0381b7ac                vexDeviceEventMaskGet
 .text.vexSystemVersion
                0x0381b7e8       0x10 C:\Program Files (x86)\VEX Robotics\VEXcode Pro V5\sdk/vexv5\libv5rt.a(v5_apiversions.c.obj)
                0x0381b7e8                vexSystemVersion
 .text.vexStdlibVersion
                0x0381b7f8       0x10 C:\Program Files (x86)\VEX Robotics\VEXcode Pro V5\sdk/vexv5\libv5rt.a(v5_apiversions.c.obj)
                0x0381b7f8                vexStdlibVersion
 .text._ZN3vex4waitEdNS_9timeUnitsE
                0x0381b808       0x30 C:\Program Files (x86)\VEX Robotics\VEXcode Pro V5\sdk/vexv5\libv5rt.a(vex_global.cpp.obj)
                0x0381b808                vex::wait(double, vex::timeUnits)
 .text._ZN3vex5motorD2Ev
                0x0381b838       0x20 C:\Program Files (x86)\VEX Robotics\VEXcode Pro V5\sdk/vexv5\libv5rt.a(vex_motor.cpp.obj)
                0x0381b838                vex::motor::~motor()
                0x0381b838                vex::motor::~motor()
 .text._ZN3vex5motorD0Ev
                0x0381b858       0x1c C:\Program Files (x86)\VEX Robotics\VEXcode Pro V5\sdk/vexv5\libv5rt.a(vex_motor.cpp.obj)
                0x0381b858                vex::motor::~motor()
 .text._ZN3vex5motor9installedEv
                0x0381b874       0x18 C:\Program Files (x86)\VEX Robotics\VEXcode Pro V5\sdk/vexv5\libv5rt.a(vex_motor.cpp.obj)
                0x0381b874                vex::motor::installed()
 .text._ZN3vex5motor15defaultStoppingENS_9brakeTypeE
                0x0381b88c       0x30 C:\Program Files (x86)\VEX Robotics\VEXcode Pro V5\sdk/vexv5\libv5rt.a(vex_motor.cpp.obj)
                0x0381b88c                vex::motor::defaultStopping(vex::brakeType)
 .text._ZN3vex5motor8setBrakeENS_9brakeTypeE
                0x0381b8bc        0x4 C:\Program Files (x86)\VEX Robotics\VEXcode Pro V5\sdk/vexv5\libv5rt.a(vex_motor.cpp.obj)
                0x0381b8bc                vex::motor::setBrake(vex::brakeType)
 .text._ZN3vex5motorC2El
                0x0381b8c0       0x78 C:\Program Files (x86)\VEX Robotics\VEXcode Pro V5\sdk/vexv5\libv5rt.a(vex_motor.cpp.obj)
                0x0381b8c0                vex::motor::motor(long)
                0x0381b8c0                vex::motor::motor(long)
 .text._ZN3vex5motorC2ElNS_11gearSettingEb
                0x0381b938       0x34 C:\Program Files (x86)\VEX Robotics\VEXcode Pro V5\sdk/vexv5\libv5rt.a(vex_motor.cpp.obj)
                0x0381b938                vex::motor::motor(long, vex::gearSetting, bool)
                0x0381b938                vex::motor::motor(long, vex::gearSetting, bool)
 *fill*         0x0381b96c        0x4 
 .text._ZN3vex5motor4spinENS_13directionTypeEdNS_12voltageUnitsE
                0x0381b970       0x50 C:\Program Files (x86)\VEX Robotics\VEXcode Pro V5\sdk/vexv5\libv5rt.a(vex_motor.cpp.obj)
                0x0381b970                vex::motor::spin(vex::directionType, double, vex::voltageUnits)
 .text._ZN3vex5motor4stopENS_9brakeTypeE
                0x0381b9c0       0x30 C:\Program Files (x86)\VEX Robotics\VEXcode Pro V5\sdk/vexv5\libv5rt.a(vex_motor.cpp.obj)
                0x0381b9c0                vex::motor::stop(vex::brakeType)
 .text._ZN3vex5motor4stopEv
                0x0381b9f0        0x8 C:\Program Files (x86)\VEX Robotics\VEXcode Pro V5\sdk/vexv5\libv5rt.a(vex_motor.cpp.obj)
                0x0381b9f0                vex::motor::stop()
 .text._ZN3vex5motor16velocityToScaledEdNS_13velocityUnitsE
                0x0381b9f8       0x5c C:\Program Files (x86)\VEX Robotics\VEXcode Pro V5\sdk/vexv5\libv5rt.a(vex_motor.cpp.obj)
                0x0381b9f8                vex::motor::velocityToScaled(double, vex::velocityUnits)
 .text._ZN3vex5motor8velocityENS_13velocityUnitsE
                0x0381ba54       0x30 C:\Program Files (x86)\VEX Robotics\VEXcode Pro V5\sdk/vexv5\libv5rt.a(vex_motor.cpp.obj)
                0x0381ba54                vex::motor::velocity(vex::velocityUnits)
 .text._ZN3vex5motor5valueEv
                0x0381ba84       0x1c C:\Program Files (x86)\VEX Robotics\VEXcode Pro V5\sdk/vexv5\libv5rt.a(vex_motor.cpp.obj)
                0x0381ba84                vex::motor::value()
 .text._ZN3vex5motor16scaledToVelocityEdNS_13velocityUnitsE
                0x0381baa0       0xa4 C:\Program Files (x86)\VEX Robotics\VEXcode Pro V5\sdk/vexv5\libv5rt.a(vex_motor.cpp.obj)
                0x0381baa0                vex::motor::scaledToVelocity(double, vex::velocityUnits)
 .text._ZN3vex5motor4spinENS_13directionTypeEdNS_13velocityUnitsE
                0x0381bb44       0x5c C:\Program Files (x86)\VEX Robotics\VEXcode Pro V5\sdk/vexv5\libv5rt.a(vex_motor.cpp.obj)
                0x0381bb44                vex::motor::spin(vex::directionType, double, vex::velocityUnits)
 .text._ZN3vex5motor4spinENS_13directionTypeE
                0x0381bba0       0x28 C:\Program Files (x86)\VEX Robotics\VEXcode Pro V5\sdk/vexv5\libv5rt.a(vex_motor.cpp.obj)
                0x0381bba0                vex::motor::spin(vex::directionType)
 .text._ZN3vex5motor11setVelocityEdNS_13velocityUnitsE
                0x0381bbc8       0x54 C:\Program Files (x86)\VEX Robotics\VEXcode Pro V5\sdk/vexv5\libv5rt.a(vex_motor.cpp.obj)
                0x0381bbc8                vex::motor::setVelocity(double, vex::velocityUnits)
 .text._ZN3vex5motor16setRotationUnitsENS_13rotationUnitsE
                0x0381bc1c       0x1c C:\Program Files (x86)\VEX Robotics\VEXcode Pro V5\sdk/vexv5\libv5rt.a(vex_motor.cpp.obj)
                0x0381bc1c                vex::motor::setRotationUnits(vex::rotationUnits)
 .text._ZN3vex5motor11setRotationEdNS_13rotationUnitsE
                0x0381bc38       0x44 C:\Program Files (x86)\VEX Robotics\VEXcode Pro V5\sdk/vexv5\libv5rt.a(vex_motor.cpp.obj)
                0x0381bc38                vex::motor::setRotation(double, vex::rotationUnits)
 .text._ZN3vex5motor13resetRotationEv
                0x0381bc7c       0x20 C:\Program Files (x86)\VEX Robotics\VEXcode Pro V5\sdk/vexv5\libv5rt.a(vex_motor.cpp.obj)
                0x0381bc7c                vex::motor::resetRotation()
 .text._ZN3vex5motor8rotationENS_13rotationUnitsE
                0x0381bc9c       0x44 C:\Program Files (x86)\VEX Robotics\VEXcode Pro V5\sdk/vexv5\libv5rt.a(vex_motor.cpp.obj)
                0x0381bc9c                vex::motor::rotation(vex::rotationUnits)
 .text._ZN3vex6vision9installedEv
                0x0381bce0       0x18 C:\Program Files (x86)\VEX Robotics\VEXcode Pro V5\sdk/vexv5\libv5rt.a(vex_vision.cpp.obj)
                0x0381bce0                vex::vision::installed()
 .text._ZN3vex6visionD2Ev
                0x0381bcf8       0x38 C:\Program Files (x86)\VEX Robotics\VEXcode Pro V5\sdk/vexv5\libv5rt.a(vex_vision.cpp.obj)
                0x0381bcf8                vex::vision::~vision()
                0x0381bcf8                vex::vision::~vision()
 .text._ZN3vex6visionD0Ev
                0x0381bd30       0x1c C:\Program Files (x86)\VEX Robotics\VEXcode Pro V5\sdk/vexv5\libv5rt.a(vex_vision.cpp.obj)
                0x0381bd30                vex::vision::~vision()
 .text._ZN3vex6vision12setSignatureERNS0_9signatureE
                0x0381bd4c       0x70 C:\Program Files (x86)\VEX Robotics\VEXcode Pro V5\sdk/vexv5\libv5rt.a(vex_vision.cpp.obj)
                0x0381bd4c                vex::vision::setSignature(vex::vision::signature&)
 .text._ZN3vex6vision7setModeENS0_13detectionModeE
                0x0381bdbc       0x18 C:\Program Files (x86)\VEX Robotics\VEXcode Pro V5\sdk/vexv5\libv5rt.a(vex_vision.cpp.obj)
                0x0381bdbc                vex::vision::setMode(vex::vision::detectionMode)
 .text._ZN3vex6vision13setBrightnessEh
                0x0381bdd4       0x30 C:\Program Files (x86)\VEX Robotics\VEXcode Pro V5\sdk/vexv5\libv5rt.a(vex_vision.cpp.obj)
                0x0381bdd4                vex::vision::setBrightness(unsigned char)
 .text._ZN3vex6vision10setLedModeENS0_7ledModeE
                0x0381be04       0x18 C:\Program Files (x86)\VEX Robotics\VEXcode Pro V5\sdk/vexv5\libv5rt.a(vex_vision.cpp.obj)
                0x0381be04                vex::vision::setLedMode(vex::vision::ledMode)
 .text._ZN3vex6vision11setLedColorEhhh
                0x0381be1c       0x30 C:\Program Files (x86)\VEX Robotics\VEXcode Pro V5\sdk/vexv5\libv5rt.a(vex_vision.cpp.obj)
                0x0381be1c                vex::vision::setLedColor(unsigned char, unsigned char, unsigned char)
 .text._ZN3vex6vision9signatureD2Ev
                0x0381be4c        0x4 C:\Program Files (x86)\VEX Robotics\VEXcode Pro V5\sdk/vexv5\libv5rt.a(vex_vision.cpp.obj)
                0x0381be4c                vex::vision::signature::~signature()
                0x0381be4c                vex::vision::signature::~signature()
 .text._ZN3vex6vision9signature5clearEv
                0x0381be50       0x38 C:\Program Files (x86)\VEX Robotics\VEXcode Pro V5\sdk/vexv5\libv5rt.a(vex_vision.cpp.obj)
                0x0381be50                vex::vision::signature::clear()
 .text._ZN3vex6vision9signatureC2Ev
                0x0381be88       0x60 C:\Program Files (x86)\VEX Robotics\VEXcode Pro V5\sdk/vexv5\libv5rt.a(vex_vision.cpp.obj)
                0x0381be88                vex::vision::signature::signature()
                0x0381be88                vex::vision::signature::signature()
 .text._ZN3vex6vision9signatureC2Elllllllfl
                0x0381bee8       0x5c C:\Program Files (x86)\VEX Robotics\VEXcode Pro V5\sdk/vexv5\libv5rt.a(vex_vision.cpp.obj)
                0x0381bee8                vex::vision::signature::signature(long, long, long, long, long, long, long, float, long)
                0x0381bee8                vex::vision::signature::signature(long, long, long, long, long, long, long, float, long)
 *fill*         0x0381bf44        0x4 
 .text._ZN3vex6vision6object3setE22_V5_DeviceVisionObject
                0x0381bf48       0x78 C:\Program Files (x86)\VEX Robotics\VEXcode Pro V5\sdk/vexv5\libv5rt.a(vex_vision.cpp.obj)
                0x0381bf48                vex::vision::object::set(_V5_DeviceVisionObject)
 .text._ZN3vex6vision6object5clearEv
                0x0381bfc0       0x38 C:\Program Files (x86)\VEX Robotics\VEXcode Pro V5\sdk/vexv5\libv5rt.a(vex_vision.cpp.obj)
                0x0381bfc0                vex::vision::object::clear()
 .text._ZN3vex6vision6objectC2Ev
                0x0381bff8       0x58 C:\Program Files (x86)\VEX Robotics\VEXcode Pro V5\sdk/vexv5\libv5rt.a(vex_vision.cpp.obj)
                0x0381bff8                vex::vision::object::object()
                0x0381bff8                vex::vision::object::object()
 .text._ZN3vex6vision13_clearObjectsEv
                0x0381c050       0x40 C:\Program Files (x86)\VEX Robotics\VEXcode Pro V5\sdk/vexv5\libv5rt.a(vex_vision.cpp.obj)
                0x0381c050                vex::vision::_clearObjects()
 .text._ZN3vex6vision6objectaSERKS1_
                0x0381c090       0x74 C:\Program Files (x86)\VEX Robotics\VEXcode Pro V5\sdk/vexv5\libv5rt.a(vex_vision.cpp.obj)
                0x0381c090                vex::vision::object::operator=(vex::vision::object const&)
 .text._ZN3vex6vision12takeSnapshotEmm
                0x0381c104       0xf4 C:\Program Files (x86)\VEX Robotics\VEXcode Pro V5\sdk/vexv5\libv5rt.a(vex_vision.cpp.obj)
                0x0381c104                vex::vision::takeSnapshot(unsigned long, unsigned long)
 .text._ZN3vex6vision12takeSnapshotEm
                0x0381c1f8        0x8 C:\Program Files (x86)\VEX Robotics\VEXcode Pro V5\sdk/vexv5\libv5rt.a(vex_vision.cpp.obj)
                0x0381c1f8                vex::vision::takeSnapshot(unsigned long)
 .text._ZN3vex6vision5valueEv
                0x0381c200        0x8 C:\Program Files (x86)\VEX Robotics\VEXcode Pro V5\sdk/vexv5\libv5rt.a(vex_vision.cpp.obj)
                0x0381c200                vex::vision::value()
 .text._ZN3vex6vision12takeSnapshotERNS0_9signatureE
                0x0381c208       0x10 C:\Program Files (x86)\VEX Robotics\VEXcode Pro V5\sdk/vexv5\libv5rt.a(vex_vision.cpp.obj)
                0x0381c208                vex::vision::takeSnapshot(vex::vision::signature&)
 .text._ZN3vex6vision6objectaSEl
                0x0381c218       0x38 C:\Program Files (x86)\VEX Robotics\VEXcode Pro V5\sdk/vexv5\libv5rt.a(vex_vision.cpp.obj)
                0x0381c218                vex::vision::object::operator=(long)
 .text._ZN3vex6visionC2El
                0x0381c250       0xa4 C:\Program Files (x86)\VEX Robotics\VEXcode Pro V5\sdk/vexv5\libv5rt.a(vex_vision.cpp.obj)
                0x0381c250                vex::vision::vision(long)
                0x0381c250                vex::vision::vision(long)
 .text._ZN3vex8inertial11getTurnTypeEv
                0x0381c2f4        0x8 C:\Program Files (x86)\VEX Robotics\VEXcode Pro V5\sdk/vexv5\libv5rt.a(vex_imu.cpp.obj)
                0x0381c2f4                vex::inertial::getTurnType()
 .text._ZThn16_N3vex8inertial11getTurnTypeEv
                0x0381c2fc        0x8 C:\Program Files (x86)\VEX Robotics\VEXcode Pro V5\sdk/vexv5\libv5rt.a(vex_imu.cpp.obj)
                0x0381c2fc                non-virtual thunk to vex::inertial::getTurnType()
 *fill*         0x0381c304        0x4 
 .text._ZN3vex8inertial10setHeadingEdNS_13rotationUnitsE
                0x0381c308       0x58 C:\Program Files (x86)\VEX Robotics\VEXcode Pro V5\sdk/vexv5\libv5rt.a(vex_imu.cpp.obj)
                0x0381c308                vex::inertial::setHeading(double, vex::rotationUnits)
 .text._ZThn16_N3vex8inertial10setHeadingEdNS_13rotationUnitsE
                0x0381c360        0x8 C:\Program Files (x86)\VEX Robotics\VEXcode Pro V5\sdk/vexv5\libv5rt.a(vex_imu.cpp.obj)
                0x0381c360                non-virtual thunk to vex::inertial::setHeading(double, vex::rotationUnits)
 .text._ZN3vex8inertial11setRotationEdNS_13rotationUnitsE
                0x0381c368       0x58 C:\Program Files (x86)\VEX Robotics\VEXcode Pro V5\sdk/vexv5\libv5rt.a(vex_imu.cpp.obj)
                0x0381c368                vex::inertial::setRotation(double, vex::rotationUnits)
 .text._ZThn16_N3vex8inertial11setRotationEdNS_13rotationUnitsE
                0x0381c3c0        0x8 C:\Program Files (x86)\VEX Robotics\VEXcode Pro V5\sdk/vexv5\libv5rt.a(vex_imu.cpp.obj)
                0x0381c3c0                non-virtual thunk to vex::inertial::setRotation(double, vex::rotationUnits)
 .text._ZN3vex8inertialD2Ev
                0x0381c3c8       0x20 C:\Program Files (x86)\VEX Robotics\VEXcode Pro V5\sdk/vexv5\libv5rt.a(vex_imu.cpp.obj)
                0x0381c3c8                vex::inertial::~inertial()
                0x0381c3c8                vex::inertial::~inertial()
 .text._ZThn16_N3vex8inertialD1Ev
                0x0381c3e8        0x8 C:\Program Files (x86)\VEX Robotics\VEXcode Pro V5\sdk/vexv5\libv5rt.a(vex_imu.cpp.obj)
                0x0381c3e8                non-virtual thunk to vex::inertial::~inertial()
 .text._ZN3vex8inertialD0Ev
                0x0381c3f0       0x1c C:\Program Files (x86)\VEX Robotics\VEXcode Pro V5\sdk/vexv5\libv5rt.a(vex_imu.cpp.obj)
                0x0381c3f0                vex::inertial::~inertial()
 .text._ZThn16_N3vex8inertialD0Ev
                0x0381c40c        0x8 C:\Program Files (x86)\VEX Robotics\VEXcode Pro V5\sdk/vexv5\libv5rt.a(vex_imu.cpp.obj)
                0x0381c40c                non-virtual thunk to vex::inertial::~inertial()
 .text._ZN3vex8inertial9installedEv
                0x0381c414       0x18 C:\Program Files (x86)\VEX Robotics\VEXcode Pro V5\sdk/vexv5\libv5rt.a(vex_imu.cpp.obj)
                0x0381c414                vex::inertial::installed()
 .text._ZN3vex8inertial5angleENS_13rotationUnitsE
                0x0381c42c       0x6c C:\Program Files (x86)\VEX Robotics\VEXcode Pro V5\sdk/vexv5\libv5rt.a(vex_imu.cpp.obj)
                0x0381c42c                vex::inertial::angle(vex::rotationUnits)
 .text._ZThn16_N3vex8inertial5angleENS_13rotationUnitsE
                0x0381c498        0x8 C:\Program Files (x86)\VEX Robotics\VEXcode Pro V5\sdk/vexv5\libv5rt.a(vex_imu.cpp.obj)
                0x0381c498                non-virtual thunk to vex::inertial::angle(vex::rotationUnits)
 .text._ZN3vex8inertial7headingENS_13rotationUnitsE
                0x0381c4a0        0x4 C:\Program Files (x86)\VEX Robotics\VEXcode Pro V5\sdk/vexv5\libv5rt.a(vex_imu.cpp.obj)
                0x0381c4a0                vex::inertial::heading(vex::rotationUnits)
 .text._ZThn16_N3vex8inertial7headingENS_13rotationUnitsE
                0x0381c4a4        0x8 C:\Program Files (x86)\VEX Robotics\VEXcode Pro V5\sdk/vexv5\libv5rt.a(vex_imu.cpp.obj)
                0x0381c4a4                non-virtual thunk to vex::inertial::heading(vex::rotationUnits)
 .text._ZN3vex8inertial5valueEv
                0x0381c4ac       0x1c C:\Program Files (x86)\VEX Robotics\VEXcode Pro V5\sdk/vexv5\libv5rt.a(vex_imu.cpp.obj)
                0x0381c4ac                vex::inertial::value()
 .text._ZN3vex8inertial8rotationENS_13rotationUnitsE
                0x0381c4c8       0x48 C:\Program Files (x86)\VEX Robotics\VEXcode Pro V5\sdk/vexv5\libv5rt.a(vex_imu.cpp.obj)
                0x0381c4c8                vex::inertial::rotation(vex::rotationUnits)
 .text._ZThn16_N3vex8inertial8rotationENS_13rotationUnitsE
                0x0381c510        0x8 C:\Program Files (x86)\VEX Robotics\VEXcode Pro V5\sdk/vexv5\libv5rt.a(vex_imu.cpp.obj)
                0x0381c510                non-virtual thunk to vex::inertial::rotation(vex::rotationUnits)
 .text._ZN3vex8inertial13isCalibratingEv
                0x0381c518       0x38 C:\Program Files (x86)\VEX Robotics\VEXcode Pro V5\sdk/vexv5\libv5rt.a(vex_imu.cpp.obj)
                0x0381c518                vex::inertial::isCalibrating()
 .text._ZThn16_N3vex8inertial13isCalibratingEv
                0x0381c550        0x8 C:\Program Files (x86)\VEX Robotics\VEXcode Pro V5\sdk/vexv5\libv5rt.a(vex_imu.cpp.obj)
                0x0381c550                non-virtual thunk to vex::inertial::isCalibrating()
 .text._ZN3vex8inertialC2ElNS_8turnTypeE
                0x0381c558       0x4c C:\Program Files (x86)\VEX Robotics\VEXcode Pro V5\sdk/vexv5\libv5rt.a(vex_imu.cpp.obj)
                0x0381c558                vex::inertial::inertial(long, vex::turnType)
                0x0381c558                vex::inertial::inertial(long, vex::turnType)
 .text._ZN3vex8inertial13resetRotationEv
                0x0381c5a4       0x20 C:\Program Files (x86)\VEX Robotics\VEXcode Pro V5\sdk/vexv5\libv5rt.a(vex_imu.cpp.obj)
                0x0381c5a4                vex::inertial::resetRotation()
 .text._ZN3vex8inertial16startCalibrationEl
                0x0381c5c4       0x20 C:\Program Files (x86)\VEX Robotics\VEXcode Pro V5\sdk/vexv5\libv5rt.a(vex_imu.cpp.obj)
                0x0381c5c4                vex::inertial::startCalibration(long)
 .text._ZN3vex8inertial9calibrateEl
                0x0381c5e4        0xc C:\Program Files (x86)\VEX Robotics\VEXcode Pro V5\sdk/vexv5\libv5rt.a(vex_imu.cpp.obj)
                0x0381c5e4                vex::inertial::calibrate(long)
                0x0381c5e8                non-virtual thunk to vex::inertial::calibrate(long)
 .text._ZN3vex10controllerD2Ev
                0x0381c5f0        0x4 C:\Program Files (x86)\VEX Robotics\VEXcode Pro V5\sdk/vexv5\libv5rt.a(vex_controller.cpp.obj)
                0x0381c5f0                vex::controller::~controller()
                0x0381c5f0                vex::controller::~controller()
 .text._ZN3vex10controller5valueE19_V5_ControllerIndex
                0x0381c5f4        0x8 C:\Program Files (x86)\VEX Robotics\VEXcode Pro V5\sdk/vexv5\libv5rt.a(vex_controller.cpp.obj)
                0x0381c5f4                vex::controller::value(_V5_ControllerIndex)
 .text._ZNK3vex10controller6button8pressingEv
                0x0381c5fc       0xc8 C:\Program Files (x86)\VEX Robotics\VEXcode Pro V5\sdk/vexv5\libv5rt.a(vex_controller.cpp.obj)
                0x0381c5fc                vex::controller::button::pressing() const
 .text._ZNK3vex10controller6button7pressedEPFvvE
                0x0381c6c4      0x108 C:\Program Files (x86)\VEX Robotics\VEXcode Pro V5\sdk/vexv5\libv5rt.a(vex_controller.cpp.obj)
                0x0381c6c4                vex::controller::button::pressed(void (*)()) const
 .text._ZNK3vex10controller6button21_buttonToPressedEventEv
                0x0381c7cc       0x20 C:\Program Files (x86)\VEX Robotics\VEXcode Pro V5\sdk/vexv5\libv5rt.a(vex_controller.cpp.obj)
                0x0381c7cc                vex::controller::button::_buttonToPressedEvent() const
 .text._ZNK3vex10controller6button22_buttonToReleasedEventEv
                0x0381c7ec       0x20 C:\Program Files (x86)\VEX Robotics\VEXcode Pro V5\sdk/vexv5\libv5rt.a(vex_controller.cpp.obj)
                0x0381c7ec                vex::controller::button::_buttonToReleasedEvent() const
 .text._ZN3vex10controller6buttonC2ENS0_11tButtonTypeEPS0_
                0x0381c80c       0x48 C:\Program Files (x86)\VEX Robotics\VEXcode Pro V5\sdk/vexv5\libv5rt.a(vex_controller.cpp.obj)
                0x0381c80c                vex::controller::button::button(vex::controller::tButtonType, vex::controller*)
                0x0381c80c                vex::controller::button::button(vex::controller::tButtonType, vex::controller*)
 .text._ZNK3vex10controller4axis5valueEv
                0x0381c854       0x58 C:\Program Files (x86)\VEX Robotics\VEXcode Pro V5\sdk/vexv5\libv5rt.a(vex_controller.cpp.obj)
                0x0381c854                vex::controller::axis::value() const
 .text._ZNK3vex10controller4axis23_joystickToChangedEventEv
                0x0381c8ac       0x20 C:\Program Files (x86)\VEX Robotics\VEXcode Pro V5\sdk/vexv5\libv5rt.a(vex_controller.cpp.obj)
                0x0381c8ac                vex::controller::axis::_joystickToChangedEvent() const
 .text._ZN3vex10controller4axisC2ENS0_9tAxisTypeEPS0_
                0x0381c8cc       0x2c C:\Program Files (x86)\VEX Robotics\VEXcode Pro V5\sdk/vexv5\libv5rt.a(vex_controller.cpp.obj)
                0x0381c8cc                vex::controller::axis::axis(vex::controller::tAxisType, vex::controller*)
                0x0381c8cc                vex::controller::axis::axis(vex::controller::tAxisType, vex::controller*)
 .text._ZN3vex10controllerC2ENS_14controllerTypeE
                0x0381c8f8      0x16c C:\Program Files (x86)\VEX Robotics\VEXcode Pro V5\sdk/vexv5\libv5rt.a(vex_controller.cpp.obj)
                0x0381c8f8                vex::controller::controller(vex::controllerType)
                0x0381c8f8                vex::controller::controller(vex::controllerType)
 .text._ZN3vex10controller3lcd15getControllerIdEv
                0x0381ca64       0x10 C:\Program Files (x86)\VEX Robotics\VEXcode Pro V5\sdk/vexv5\libv5rt.a(vex_controller.cpp.obj)
                0x0381ca64                vex::controller::lcd::getControllerId()
 .text._ZN3vex10controller3lcd9setCursorEll
                0x0381ca74       0x40 C:\Program Files (x86)\VEX Robotics\VEXcode Pro V5\sdk/vexv5\libv5rt.a(vex_controller.cpp.obj)
                0x0381ca74                vex::controller::lcd::setCursor(long, long)
 .text._ZN3vex10controller3lcd5printEPKcz
                0x0381cab4       0x80 C:\Program Files (x86)\VEX Robotics\VEXcode Pro V5\sdk/vexv5\libv5rt.a(vex_controller.cpp.obj)
                0x0381cab4                vex::controller::lcd::print(char const*, ...)
 .text._ZN3vex10controller3lcd9clearLineEi
                0x0381cb34       0x80 C:\Program Files (x86)\VEX Robotics\VEXcode Pro V5\sdk/vexv5\libv5rt.a(vex_controller.cpp.obj)
                0x0381cb34                vex::controller::lcd::clearLine(int)
 .text._ZN3vex10controller3lcd9clearLineEv
                0x0381cbb4        0x8 C:\Program Files (x86)\VEX Robotics\VEXcode Pro V5\sdk/vexv5\libv5rt.a(vex_controller.cpp.obj)
                0x0381cbb4                vex::controller::lcd::clearLine()
 .text._ZN3vex4taskC2EPFivE
                0x0381cbbc       0x5c C:\Program Files (x86)\VEX Robotics\VEXcode Pro V5\sdk/vexv5\libv5rt.a(vex_task.cpp.obj)
                0x0381cbbc                vex::task::task(int (*)())
                0x0381cbbc                vex::task::task(int (*)())
 .text._ZN3vex4taskD2Ev
                0x0381cc18        0x4 C:\Program Files (x86)\VEX Robotics\VEXcode Pro V5\sdk/vexv5\libv5rt.a(vex_task.cpp.obj)
                0x0381cc18                vex::task::~task()
                0x0381cc18                vex::task::~task()
 .text._ZN3vex4task4stopEPvi
                0x0381cc1c       0x1c C:\Program Files (x86)\VEX Robotics\VEXcode Pro V5\sdk/vexv5\libv5rt.a(vex_task.cpp.obj)
                0x0381cc1c                vex::task::stop(void*, int)
 .text._ZN3vex4task4stopEv
                0x0381cc38       0x18 C:\Program Files (x86)\VEX Robotics\VEXcode Pro V5\sdk/vexv5\libv5rt.a(vex_task.cpp.obj)
                0x0381cc38                vex::task::stop()
 .text._ZN3vex4task5sleepEm
                0x0381cc50        0x4 C:\Program Files (x86)\VEX Robotics\VEXcode Pro V5\sdk/vexv5\libv5rt.a(vex_task.cpp.obj)
                0x0381cc50                vex::task::sleep(unsigned long)
 .text._ZN3vex4task6_indexEPFivE
                0x0381cc54       0x14 C:\Program Files (x86)\VEX Robotics\VEXcode Pro V5\sdk/vexv5\libv5rt.a(vex_task.cpp.obj)
                0x0381cc54                vex::task::_index(int (*)())
 .text._ZN3vex4task8_stopAllEv
                0x0381cc68       0x3c C:\Program Files (x86)\VEX Robotics\VEXcode Pro V5\sdk/vexv5\libv5rt.a(vex_task.cpp.obj)
                0x0381cc68                vex::task::_stopAll()
 .text._ZN3vex11this_thread9sleep_forEm
                0x0381cca4        0x4 C:\Program Files (x86)\VEX Robotics\VEXcode Pro V5\sdk/vexv5\libv5rt.a(vex_thread.cpp.obj)
                0x0381cca4                vex::this_thread::sleep_for(unsigned long)
 .text._ZN3vex5event4initEmmPFvvE
                0x0381cca8        0x4 C:\Program Files (x86)\VEX Robotics\VEXcode Pro V5\sdk/vexv5\libv5rt.a(vex_event.cpp.obj)
                0x0381cca8                vex::event::init(unsigned long, unsigned long, void (*)())
 .text._ZN3vex5event4initEmmPFvPvES1_
                0x0381ccac        0x4 C:\Program Files (x86)\VEX Robotics\VEXcode Pro V5\sdk/vexv5\libv5rt.a(vex_event.cpp.obj)
                0x0381ccac                vex::event::init(unsigned long, unsigned long, void (*)(void*), void*)
 .text._ZN3vex5event9userindexEv
                0x0381ccb0        0x4 C:\Program Files (x86)\VEX Robotics\VEXcode Pro V5\sdk/vexv5\libv5rt.a(vex_event.cpp.obj)
                0x0381ccb0                vex::event::userindex()
 .text._ZZN3vex6meventC4EmmENUlvE_4_FUNEv
                0x0381ccb4        0x4 C:\Program Files (x86)\VEX Robotics\VEXcode Pro V5\sdk/vexv5\libv5rt.a(vex_mevent.cpp.obj)
 .text._ZN3vex6meventC2Emm
                0x0381ccb8       0x70 C:\Program Files (x86)\VEX Robotics\VEXcode Pro V5\sdk/vexv5\libv5rt.a(vex_mevent.cpp.obj)
                0x0381ccb8                vex::mevent::mevent(unsigned long, unsigned long)
                0x0381ccb8                vex::mevent::mevent(unsigned long, unsigned long)
 .text._ZN3vex5brain9_getIndexEv
                0x0381cd28       0x10 C:\Program Files (x86)\VEX Robotics\VEXcode Pro V5\sdk/vexv5\libv5rt.a(vex_brain.cpp.obj)
                0x0381cd28                vex::brain::_getIndex()
 .text._ZN3vex5brain5timerENS_9timeUnitsE
                0x0381cd38        0x8 C:\Program Files (x86)\VEX Robotics\VEXcode Pro V5\sdk/vexv5\libv5rt.a(vex_brain.cpp.obj)
                0x0381cd38                vex::brain::timer(vex::timeUnits)
 .text._ZN3vex5brain3lcd9setCursorEll
                0x0381cd40       0x44 C:\Program Files (x86)\VEX Robotics\VEXcode Pro V5\sdk/vexv5\libv5rt.a(vex_brain.cpp.obj)
                0x0381cd40                vex::brain::lcd::setCursor(long, long)
 .text._ZN3vex5brain3lcd7setFontENS_8fontTypeE
                0x0381cd84      0x23c C:\Program Files (x86)\VEX Robotics\VEXcode Pro V5\sdk/vexv5\libv5rt.a(vex_brain.cpp.obj)
                0x0381cd84                vex::brain::lcd::setFont(vex::fontType)
 .text._ZN3vex5brain3lcdC2Ev
                0x0381cfc0       0x94 C:\Program Files (x86)\VEX Robotics\VEXcode Pro V5\sdk/vexv5\libv5rt.a(vex_brain.cpp.obj)
                0x0381cfc0                vex::brain::lcd::lcd()
                0x0381cfc0                vex::brain::lcd::lcd()
 .text._ZN3vex5brainC2Ev
                0x0381d054       0x3c C:\Program Files (x86)\VEX Robotics\VEXcode Pro V5\sdk/vexv5\libv5rt.a(vex_brain.cpp.obj)
                0x0381d054                vex::brain::brain()
                0x0381d054                vex::brain::brain()
 .text._ZN3vex5brain3lcd12_clearScreenEm
                0x0381d090       0x38 C:\Program Files (x86)\VEX Robotics\VEXcode Pro V5\sdk/vexv5\libv5rt.a(vex_brain.cpp.obj)
                0x0381d090                vex::brain::lcd::_clearScreen(unsigned long)
 .text._ZN3vex5brain3lcd11clearScreenERKNS_5colorE
                0x0381d0c8       0x20 C:\Program Files (x86)\VEX Robotics\VEXcode Pro V5\sdk/vexv5\libv5rt.a(vex_brain.cpp.obj)
                0x0381d0c8                vex::brain::lcd::clearScreen(vex::color const&)
 .text._ZN3vex5brain3lcd11clearScreenEv
                0x0381d0e8       0x2c C:\Program Files (x86)\VEX Robotics\VEXcode Pro V5\sdk/vexv5\libv5rt.a(vex_brain.cpp.obj)
                0x0381d0e8                vex::brain::lcd::clearScreen()
 .text._ZN3vex5brain3lcd7newLineEv
                0x0381d114       0x20 C:\Program Files (x86)\VEX Robotics\VEXcode Pro V5\sdk/vexv5\libv5rt.a(vex_brain.cpp.obj)
                0x0381d114                vex::brain::lcd::newLine()
 .text._ZN3vex5brain3lcd7pressedEPFvvE
                0x0381d134       0x1c C:\Program Files (x86)\VEX Robotics\VEXcode Pro V5\sdk/vexv5\libv5rt.a(vex_brain.cpp.obj)
                0x0381d134                vex::brain::lcd::pressed(void (*)())
 .text._ZN3vex5brain3lcd10rowToPixelEl
                0x0381d150       0x34 C:\Program Files (x86)\VEX Robotics\VEXcode Pro V5\sdk/vexv5\libv5rt.a(vex_brain.cpp.obj)
                0x0381d150                vex::brain::lcd::rowToPixel(long)
 .text._ZN3vex5brain3lcd9clearLineEi
                0x0381d184       0x5c C:\Program Files (x86)\VEX Robotics\VEXcode Pro V5\sdk/vexv5\libv5rt.a(vex_brain.cpp.obj)
                0x0381d184                vex::brain::lcd::clearLine(int)
 .text._ZN3vex5brain3lcd5printEPKcz
                0x0381d1e0       0xb8 C:\Program Files (x86)\VEX Robotics\VEXcode Pro V5\sdk/vexv5\libv5rt.a(vex_brain.cpp.obj)
                0x0381d1e0                vex::brain::lcd::print(char const*, ...)
 .text._ZN3vex5brainD2Ev
                0x0381d298       0x20 C:\Program Files (x86)\VEX Robotics\VEXcode Pro V5\sdk/vexv5\libv5rt.a(vex_brain.cpp.obj)
                0x0381d298                vex::brain::~brain()
                0x0381d298                vex::brain::~brain()
 .text._ZN3vex11competition8_disableEPv
                0x0381d2b8       0xa4 C:\Program Files (x86)\VEX Robotics\VEXcode Pro V5\sdk/vexv5\libv5rt.a(vex_competition.cpp.obj)
                0x0381d2b8                vex::competition::_disable(void*)
 .text._ZN3vex11competition11_autonomousEv
                0x0381d35c       0x80 C:\Program Files (x86)\VEX Robotics\VEXcode Pro V5\sdk/vexv5\libv5rt.a(vex_competition.cpp.obj)
                0x0381d35c                vex::competition::_autonomous()
 .text._ZN3vex11competition14_drivercontrolEv
                0x0381d3dc       0x80 C:\Program Files (x86)\VEX Robotics\VEXcode Pro V5\sdk/vexv5\libv5rt.a(vex_competition.cpp.obj)
                0x0381d3dc                vex::competition::_drivercontrol()
 .text._ZN3vex11competitionC2Ev
                0x0381d45c      0x13c C:\Program Files (x86)\VEX Robotics\VEXcode Pro V5\sdk/vexv5\libv5rt.a(vex_competition.cpp.obj)
                0x0381d45c                vex::competition::competition()
                0x0381d45c                vex::competition::competition()
 .text._ZN3vex11competitionD2Ev
                0x0381d598        0x4 C:\Program Files (x86)\VEX Robotics\VEXcode Pro V5\sdk/vexv5\libv5rt.a(vex_competition.cpp.obj)
                0x0381d598                vex::competition::~competition()
                0x0381d598                vex::competition::~competition()
 .text._ZN3vex11competition10autonomousEPFvvE
                0x0381d59c       0x44 C:\Program Files (x86)\VEX Robotics\VEXcode Pro V5\sdk/vexv5\libv5rt.a(vex_competition.cpp.obj)
                0x0381d59c                vex::competition::autonomous(void (*)())
 .text._ZN3vex11competition13drivercontrolEPFvvE
                0x0381d5e0       0x44 C:\Program Files (x86)\VEX Robotics\VEXcode Pro V5\sdk/vexv5\libv5rt.a(vex_competition.cpp.obj)
                0x0381d5e0                vex::competition::drivercontrol(void (*)())
 .text._ZN3vex7triportD2Ev
                0x0381d624       0x38 C:\Program Files (x86)\VEX Robotics\VEXcode Pro V5\sdk/vexv5\libv5rt.a(vex_triport.cpp.obj)
                0x0381d624                vex::triport::~triport()
                0x0381d624                vex::triport::~triport()
 .text._ZN3vex7triportD0Ev
                0x0381d65c       0x1c C:\Program Files (x86)\VEX Robotics\VEXcode Pro V5\sdk/vexv5\libv5rt.a(vex_triport.cpp.obj)
                0x0381d65c                vex::triport::~triport()
 .text._ZN3vex7triport9installedEv
                0x0381d678       0x18 C:\Program Files (x86)\VEX Robotics\VEXcode Pro V5\sdk/vexv5\libv5rt.a(vex_triport.cpp.obj)
                0x0381d678                vex::triport::installed()
 .text._ZN3vex7triport4portC2ElPS0_
                0x0381d690       0x74 C:\Program Files (x86)\VEX Robotics\VEXcode Pro V5\sdk/vexv5\libv5rt.a(vex_triport.cpp.obj)
                0x0381d690                vex::triport::port::port(long, vex::triport*)
                0x0381d690                vex::triport::port::port(long, vex::triport*)
 .text._ZN3vex7triportC2El
                0x0381d704       0xf0 C:\Program Files (x86)\VEX Robotics\VEXcode Pro V5\sdk/vexv5\libv5rt.a(vex_triport.cpp.obj)
                0x0381d704                vex::triport::triport(long)
                0x0381d704                vex::triport::triport(long)
 .text._ZN3vex7triport4port4typeENS_11triportTypeE
                0x0381d7f4       0x30 C:\Program Files (x86)\VEX Robotics\VEXcode Pro V5\sdk/vexv5\libv5rt.a(vex_triport.cpp.obj)
                0x0381d7f4                vex::triport::port::type(vex::triportType)
 .text._ZN3vex7triport4port4typeEv
                0x0381d824       0x38 C:\Program Files (x86)\VEX Robotics\VEXcode Pro V5\sdk/vexv5\libv5rt.a(vex_triport.cpp.obj)
                0x0381d824                vex::triport::port::type()
 .text._ZN3vex7triport4port5valueEv
                0x0381d85c       0x14 C:\Program Files (x86)\VEX Robotics\VEXcode Pro V5\sdk/vexv5\libv5rt.a(vex_triport.cpp.obj)
                0x0381d85c                vex::triport::port::value()
 .text._ZN3vex7triport4port5valueEl
                0x0381d870       0x18 C:\Program Files (x86)\VEX Robotics\VEXcode Pro V5\sdk/vexv5\libv5rt.a(vex_triport.cpp.obj)
                0x0381d870                vex::triport::port::value(long)
 .text._ZN3vex11__trideviceC2ERNS_7triport4portENS_11triportTypeE
                0x0381d888       0x5c C:\Program Files (x86)\VEX Robotics\VEXcode Pro V5\sdk/vexv5\libv5rt.a(vex_triport.cpp.obj)
                0x0381d888                vex::__tridevice::__tridevice(vex::triport::port&, vex::triportType)
                0x0381d888                vex::__tridevice::__tridevice(vex::triport::port&, vex::triportType)
 .text._ZN3vex6bumperC2ERNS_7triport4portE
                0x0381d8e4       0x28 C:\Program Files (x86)\VEX Robotics\VEXcode Pro V5\sdk/vexv5\libv5rt.a(vex_triport.cpp.obj)
                0x0381d8e4                vex::bumper::bumper(vex::triport::port&)
                0x0381d8e4                vex::bumper::bumper(vex::triport::port&)
 .text._ZN3vex6bumperD2Ev
                0x0381d90c        0x4 C:\Program Files (x86)\VEX Robotics\VEXcode Pro V5\sdk/vexv5\libv5rt.a(vex_triport.cpp.obj)
                0x0381d90c                vex::bumper::~bumper()
                0x0381d90c                vex::bumper::~bumper()
 .text._ZN3vex6bumper5valueEv
                0x0381d910        0x8 C:\Program Files (x86)\VEX Robotics\VEXcode Pro V5\sdk/vexv5\libv5rt.a(vex_triport.cpp.obj)
                0x0381d910                vex::bumper::value()
 .text._ZN3vex11digital_outC2ERNS_7triport4portE
                0x0381d918       0x18 C:\Program Files (x86)\VEX Robotics\VEXcode Pro V5\sdk/vexv5\libv5rt.a(vex_triport.cpp.obj)
                0x0381d918                vex::digital_out::digital_out(vex::triport::port&)
                0x0381d918                vex::digital_out::digital_out(vex::triport::port&)
 .text._ZN3vex11digital_out3setEb
                0x0381d930        0x8 C:\Program Files (x86)\VEX Robotics\VEXcode Pro V5\sdk/vexv5\libv5rt.a(vex_triport.cpp.obj)
                0x0381d930                vex::digital_out::set(bool)
 .text._ZN3vex10pneumaticsC2ERNS_7triport4portE
                0x0381d938       0x14 C:\Program Files (x86)\VEX Robotics\VEXcode Pro V5\sdk/vexv5\libv5rt.a(vex_triport.cpp.obj)
                0x0381d938                vex::pneumatics::pneumatics(vex::triport::port&)
                0x0381d938                vex::pneumatics::pneumatics(vex::triport::port&)
 .text._ZN3vex10pneumaticsD2Ev
                0x0381d94c        0x4 C:\Program Files (x86)\VEX Robotics\VEXcode Pro V5\sdk/vexv5\libv5rt.a(vex_triport.cpp.obj)
                0x0381d94c                vex::pneumatics::~pneumatics()
                0x0381d94c                vex::pneumatics::~pneumatics()
 .text._ZN3vex10pneumatics4openEv
                0x0381d950        0x8 C:\Program Files (x86)\VEX Robotics\VEXcode Pro V5\sdk/vexv5\libv5rt.a(vex_triport.cpp.obj)
                0x0381d950                vex::pneumatics::open()
 .text._ZN3vex10pneumatics5closeEv
                0x0381d958        0x8 C:\Program Files (x86)\VEX Robotics\VEXcode Pro V5\sdk/vexv5\libv5rt.a(vex_triport.cpp.obj)
                0x0381d958                vex::pneumatics::close()
 .text._ZN3vex5colorD2Ev
                0x0381d960        0x4 C:\Program Files (x86)\VEX Robotics\VEXcode Pro V5\sdk/vexv5\libv5rt.a(vex_color.cpp.obj)
                0x0381d960                vex::color::~color()
                0x0381d960                vex::color::~color()
 .text._ZNK3vex5colorcvmEv
                0x0381d964        0x8 C:\Program Files (x86)\VEX Robotics\VEXcode Pro V5\sdk/vexv5\libv5rt.a(vex_color.cpp.obj)
                0x0381d964                vex::color::operator unsigned long() const
 .text.startup._GLOBAL__sub_I__ZN3vex5color5blackE
                0x0381d96c      0x164 C:\Program Files (x86)\VEX Robotics\VEXcode Pro V5\sdk/vexv5\libv5rt.a(vex_color.cpp.obj)
 .text._ZN3vex5timerD2Ev
                0x0381dad0        0x4 C:\Program Files (x86)\VEX Robotics\VEXcode Pro V5\sdk/vexv5\libv5rt.a(vex_timer.cpp.obj)
                0x0381dad0                vex::timer::~timer()
                0x0381dad0                vex::timer::~timer()
 .text._ZN3vex5timer5clearEv
                0x0381dad4       0x1c C:\Program Files (x86)\VEX Robotics\VEXcode Pro V5\sdk/vexv5\libv5rt.a(vex_timer.cpp.obj)
                0x0381dad4                vex::timer::clear()
 .text._ZN3vex5timerC2Ev
                0x0381daf0       0x14 C:\Program Files (x86)\VEX Robotics\VEXcode Pro V5\sdk/vexv5\libv5rt.a(vex_timer.cpp.obj)
                0x0381daf0                vex::timer::timer()
                0x0381daf0                vex::timer::timer()
 *fill*         0x0381db04        0x4 
 .text._ZNK3vex5timer4timeENS_9timeUnitsE
                0x0381db08       0x40 C:\Program Files (x86)\VEX Robotics\VEXcode Pro V5\sdk/vexv5\libv5rt.a(vex_timer.cpp.obj)
                0x0381db08                vex::timer::time(vex::timeUnits) const
 .text._ZN3vex5timer6systemEv
                0x0381db48        0x4 C:\Program Files (x86)\VEX Robotics\VEXcode Pro V5\sdk/vexv5\libv5rt.a(vex_timer.cpp.obj)
                0x0381db48                vex::timer::system()
 .text.vexAdiPortConfigSet
                0x0381db4c       0x28 C:\Program Files (x86)\VEX Robotics\VEXcode Pro V5\sdk/vexv5\libv5rt.a(v5_apiuser.c.obj)
                0x0381db4c                vexAdiPortConfigSet
 .text.vexAdiPortConfigGet
                0x0381db74       0x28 C:\Program Files (x86)\VEX Robotics\VEXcode Pro V5\sdk/vexv5\libv5rt.a(v5_apiuser.c.obj)
                0x0381db74                vexAdiPortConfigGet
 .text.vexAdiValueSet
                0x0381db9c       0x28 C:\Program Files (x86)\VEX Robotics\VEXcode Pro V5\sdk/vexv5\libv5rt.a(v5_apiuser.c.obj)
                0x0381db9c                vexAdiValueSet
 .text.vexAdiValueGet
                0x0381dbc4       0x20 C:\Program Files (x86)\VEX Robotics\VEXcode Pro V5\sdk/vexv5\libv5rt.a(v5_apiuser.c.obj)
                0x0381dbc4                vexAdiValueGet
 .text.vexMotorVelocitySet
                0x0381dbe4       0x20 C:\Program Files (x86)\VEX Robotics\VEXcode Pro V5\sdk/vexv5\libv5rt.a(v5_apiuser.c.obj)
                0x0381dbe4                vexMotorVelocitySet
 .text.vexMotorVoltageSet
                0x0381dc04       0x20 C:\Program Files (x86)\VEX Robotics\VEXcode Pro V5\sdk/vexv5\libv5rt.a(v5_apiuser.c.obj)
                0x0381dc04                vexMotorVoltageSet
 .text.vexMotorActualVelocityGet
                0x0381dc24       0x24 C:\Program Files (x86)\VEX Robotics\VEXcode Pro V5\sdk/vexv5\libv5rt.a(v5_apiuser.c.obj)
                0x0381dc24                vexMotorActualVelocityGet
 .text.vexMotorReverseFlagSet
                0x0381dc48       0x20 C:\Program Files (x86)\VEX Robotics\VEXcode Pro V5\sdk/vexv5\libv5rt.a(v5_apiuser.c.obj)
                0x0381dc48                vexMotorReverseFlagSet
 .text.vexMotorEncoderUnitsSet
                0x0381dc68       0x20 C:\Program Files (x86)\VEX Robotics\VEXcode Pro V5\sdk/vexv5\libv5rt.a(v5_apiuser.c.obj)
                0x0381dc68                vexMotorEncoderUnitsSet
 .text.vexMotorBrakeModeSet
                0x0381dc88       0x20 C:\Program Files (x86)\VEX Robotics\VEXcode Pro V5\sdk/vexv5\libv5rt.a(v5_apiuser.c.obj)
                0x0381dc88                vexMotorBrakeModeSet
 .text.vexMotorPositionSet
                0x0381dca8       0x28 C:\Program Files (x86)\VEX Robotics\VEXcode Pro V5\sdk/vexv5\libv5rt.a(v5_apiuser.c.obj)
                0x0381dca8                vexMotorPositionSet
 .text.vexMotorPositionGet
                0x0381dcd0       0x24 C:\Program Files (x86)\VEX Robotics\VEXcode Pro V5\sdk/vexv5\libv5rt.a(v5_apiuser.c.obj)
                0x0381dcd0                vexMotorPositionGet
 .text.vexMotorGearingSet
                0x0381dcf4       0x20 C:\Program Files (x86)\VEX Robotics\VEXcode Pro V5\sdk/vexv5\libv5rt.a(v5_apiuser.c.obj)
                0x0381dcf4                vexMotorGearingSet
 .text.vexMotorGearingGet
                0x0381dd14       0x18 C:\Program Files (x86)\VEX Robotics\VEXcode Pro V5\sdk/vexv5\libv5rt.a(v5_apiuser.c.obj)
                0x0381dd14                vexMotorGearingGet
 .text.vexVisionModeSet
                0x0381dd2c       0x20 C:\Program Files (x86)\VEX Robotics\VEXcode Pro V5\sdk/vexv5\libv5rt.a(v5_apiuser.c.obj)
                0x0381dd2c                vexVisionModeSet
 .text.vexVisionObjectCountGet
                0x0381dd4c       0x18 C:\Program Files (x86)\VEX Robotics\VEXcode Pro V5\sdk/vexv5\libv5rt.a(v5_apiuser.c.obj)
                0x0381dd4c                vexVisionObjectCountGet
 .text.vexVisionObjectGet
                0x0381dd64       0x28 C:\Program Files (x86)\VEX Robotics\VEXcode Pro V5\sdk/vexv5\libv5rt.a(v5_apiuser.c.obj)
                0x0381dd64                vexVisionObjectGet
 .text.vexVisionSignatureSet